🔍 Resy Calendar Scanner
============================================================
⏰ Woke up at: 2026-04-18 18:49:23
📅 Checking calendar for NYC trips and reservation status...

📅 Scanning calendar for NYC trips...
✅ Found 2 NYC trip(s):
   2026-04-19 to 2026-04-20 (2 days)
   2026-05-17 to 2026-05-20 (4 days)

🔄 Syncing reservations from Resy API...
🔄 Syncing reservations from Resy...
  ✅ Synced 20 reservations from Resy
     Added: 0, Updated: 0, Removed: 0

🔄 Syncing reservations from Google Calendar...
🔄 Checking Google Calendar for reservations...
  ℹ️  No reservations found in calendar

🍽️  11 restaurant(s) in your NYC list

⚠️  No payment method found. Some restaurants may require it.
✅ 2026-04-19: Already have a reservation at Nowon East Village
🔍 2026-04-20: Looking for reservations...
   Checking 4 Charles Prime Rib... ❌ No availability
   ⏱️  Waiting 91s before next check...
   Checking Carbone... ❌ No availability
   ⏱️  Waiting 67s before next check...
   Checking Torrisi... ❌ No availability
   ⏱️  Waiting 71s before next check...
   Checking Saga... ✅ Found slot at 19:45:00
  ❌ Booking error: HTTP 400: BAD REQUEST
   ❌ Booking failed
   ⏱️  Waiting 91s before next check...
   Checking Estiatorio Milos... ❌ No availability
   ⏱️  Waiting 33s before next check...
   Checking Keens Steakhouse... ❌ No availability
   ⏱️  Waiting 53s before next check...
   Checking Eleven Madison Park... ✅ Found slot at 19:45:00
  ❌ Booking error: HTTP 400: BAD REQUEST
   ❌ Booking failed
   ⏱️  Waiting 34s before next check...
   Checking Lilia... ❌ No availability
   ⏱️  Waiting 86s before next check...
   Checking Lilia... ❌ No availability
   ⏱️  Waiting 44s before next check...
   Checking Semma...   ❌ Error checking venue 1705: HTTP 400: BAD REQUEST
❌ API error
   ⏱️  Waiting 61s before next check...
   Checking Semma...   ❌ Error checking venue 1705: HTTP 400: BAD REQUEST
❌ API error
   ⚠️  Could not book any restaurant for 2026-04-20

🔍 2026-05-17: Looking for reservations...
   Checking 4 Charles Prime Rib... ❌ No availability
   ⏱️  Waiting 67s before next check...
   Checking Carbone... ❌ No availability
   ⏱️  Waiting 43s before next check...
   Checking Torrisi...   ❌ Error checking venue 1523: HTTP 500: Internal Server Error
❌ API error
   ⏱️  Waiting 68s before next check...
   Checking Saga...   ❌ Error checking venue 1529: HTTP 500: Internal Server Error
❌ API error
   ⏱️  Waiting 97s before next check...
   Checking Estiatorio Milos...   ❌ Error checking venue 1727: HTTP 500: Internal Server Error
❌ API error
   ⏱️  Waiting 84s before next check...
   Checking Keens Steakhouse...   ❌ Error checking venue 1505: HTTP 500: Internal Server Error
❌ API error
   ⏱️  Waiting 82s before next check...
   Checking Eleven Madison Park...   ❌ Error checking venue 1399: HTTP 500: Internal Server Error
❌ API error
   ⏱️  Waiting 58s before next check...
   Checking Lilia...   ❌ Error checking venue 1512: HTTP 500: Internal Server Error
❌ API error
   ⏱️  Waiting 82s before next check...
   Checking Lilia...   ⚠️  Skipping venue 1512: Circuit open (3 failures)
⚠️  Circuit open (temporarily skipped)
   ⏱️  Waiting 65s before next check...
   Checking Semma...   ⚠️  Skipping venue 1705: Circuit open (3 failures)
⚠️  Circuit open (temporarily skipped)
   ⏱️  Waiting 90s before next check...
   Checking Semma...   ⚠️  Skipping venue 1705: Circuit open (3 failures)
⚠️  Circuit open (temporarily skipped)
   ⚠️  Could not book any restaurant for 2026-05-17
🔍 2026-05-18: Looking for reservations...
   Checking 4 Charles Prime Rib...   ⚠️  Skipping venue 1501: Circuit open (3 failures)
⚠️  Circuit open (temporarily skipped)
   ⏱️  Waiting 84s before next check...
   Checking Carbone...   ⚠️  Skipping venue 1478: Circuit open (3 failures)
⚠️  Circuit open (temporarily skipped)
   ⏱️  Waiting 37s before next check...
   Checking Torrisi...   ⚠️  Skipping venue 1523: Circuit open (3 failures)
⚠️  Circuit open (temporarily skipped)
   ⏱️  Waiting 50s before next check...
   Checking Saga...   ⚠️  Skipping venue 1529: Circuit open (3 failures)
⚠️  Circuit open (temporarily skipped)
   ⏱️  Waiting 39s before next check...
   Checking Estiatorio Milos...   ⚠️  Skipping venue 1727: Circuit open (3 failures)
⚠️  Circuit open (temporarily skipped)
   ⏱️  Waiting 53s before next check...
   Checking Keens Steakhouse...   ⚠️  Skipping venue 1505: Circuit open (3 failures)
⚠️  Circuit open (temporarily skipped)
   ⏱️  Waiting 68s before next check...
   Checking Eleven Madison Park...   ⚠️  Skipping venue 1399: Circuit open (3 failures)
⚠️  Circuit open (temporarily skipped)
   ⏱️  Waiting 74s before next check...
   Checking Lilia...   ⚠️  Skipping venue 1512: Circuit open (3 failures)
⚠️  Circuit open (temporarily skipped)
   ⏱️  Waiting 41s before next check...
   Checking Lilia...   ⚠️  Skipping venue 1512: Circuit open (3 failures)
⚠️  Circuit open (temporarily skipped)
   ⏱️  Waiting 88s before next check...
   Checking Semma...   ⚠️  Skipping venue 1705: Circuit open (3 failures)
⚠️  Circuit open (temporarily skipped)
   ⏱️  Waiting 92s before next check...
   Checking Semma...   ⚠️  Skipping venue 1705: Circuit open (3 failures)
⚠️  Circuit open (temporarily skipped)
   ⚠️  Could not book any restaurant for 2026-05-18
🔍 2026-05-19: Looking for reservations...
   Checking 4 Charles Prime Rib...   ⚠️  Skipping venue 1501: Circuit open (3 failures)
⚠️  Circuit open (temporarily skipped)
   ⏱️  Waiting 76s before next check...
   Checking Carbone...   ⚠️  Skipping venue 1478: Circuit open (3 failures)
⚠️  Circuit open (temporarily skipped)
   ⏱️  Waiting 39s before next check...
   Checking Torrisi...   ⚠️  Skipping venue 1523: Circuit open (3 failures)
⚠️  Circuit open (temporarily skipped)
   ⏱️  Waiting 54s before next check...
   Checking Saga...   ⚠️  Skipping venue 1529: Circuit open (3 failures)
⚠️  Circuit open (temporarily skipped)
   ⏱️  Waiting 73s before next check...
   Checking Estiatorio Milos...   ⚠️  Skipping venue 1727: Circuit open (3 failures)
⚠️  Circuit open (temporarily skipped)
   ⏱️  Waiting 100s before next check...
   Checking Keens Steakhouse...   ⚠️  Skipping venue 1505: Circuit open (3 failures)
⚠️  Circuit open (temporarily skipped)
   ⏱️  Waiting 100s before next check...
   Checking Eleven Madison Park...   ⚠️  Skipping venue 1399: Circuit open (3 failures)
⚠️  Circuit open (temporarily skipped)
   ⏱️  Waiting 58s before next check...
   Checking Lilia...   ⚠️  Skipping venue 1512: Circuit open (3 failures)
⚠️  Circuit open (temporarily skipped)
   ⏱️  Waiting 47s before next check...
   Checking Lilia...   ⚠️  Skipping venue 1512: Circuit open (3 failures)
⚠️  Circuit open (temporarily skipped)
   ⏱️  Waiting 36s before next check...
   Checking Semma...   ⚠️  Skipping venue 1705: Circuit open (3 failures)
⚠️  Circuit open (temporarily skipped)
   ⏱️  Waiting 90s before next check...
   Checking Semma...   ⚠️  Skipping venue 1705: Circuit open (3 failures)
⚠️  Circuit open (temporarily skipped)
   ⚠️  Could not book any restaurant for 2026-05-19
🔍 2026-05-20: Looking for reservations...
   Checking 4 Charles Prime Rib...   ⚠️  Skipping venue 1501: Circuit open (3 failures)
⚠️  Circuit open (temporarily skipped)
   ⏱️  Waiting 104s before next check...
   Checking Carbone...   ⚠️  Skipping venue 1478: Circuit open (3 failures)
⚠️  Circuit open (temporarily skipped)
   ⏱️  Waiting 88s before next check...
   Checking Torrisi...   ⚠️  Skipping venue 1523: Circuit open (3 failures)
⚠️  Circuit open (temporarily skipped)
   ⏱️  Waiting 95s before next check...
   Checking Saga...   ⚠️  Skipping venue 1529: Circuit open (3 failures)
⚠️  Circuit open (temporarily skipped)
   ⏱️  Waiting 98s before next check...
   Checking Estiatorio Milos...   ⚠️  Skipping venue 1727: Circuit open (3 failures)
⚠️  Circuit open (temporarily skipped)
   ⏱️  Waiting 53s before next check...
   Checking Keens Steakhouse...   ⚠️  Skipping venue 1505: Circuit open (3 failures)
⚠️  Circuit open (temporarily skipped)
   ⏱️  Waiting 40s before next check...
   Checking Eleven Madison Park...   ⚠️  Skipping venue 1399: Circuit open (3 failures)
⚠️  Circuit open (temporarily skipped)
   ⏱️  Waiting 104s before next check...
   Checking Lilia...   ⚠️  Skipping venue 1512: Circuit open (3 failures)
⚠️  Circuit open (temporarily skipped)
   ⏱️  Waiting 72s before next check...
   Checking Lilia...   ⚠️  Skipping venue 1512: Circuit open (3 failures)
⚠️  Circuit open (temporarily skipped)
   ⏱️  Waiting 96s before next check...
   Checking Semma...   ⚠️  Skipping venue 1705: Circuit open (3 failures)
⚠️  Circuit open (temporarily skipped)
   ⏱️  Waiting 103s before next check...
   Checking Semma...   ⚠️  Skipping venue 1705: Circuit open (3 failures)
⚠️  Circuit open (temporarily skipped)
   ⚠️  Could not book any restaurant for 2026-05-20

============================================================
📊 SUMMARY
============================================================
ℹ️  No new reservations needed or available.

💡 View all reservations at: http://localhost:5000

🏁 Scan complete at 2026-04-18 19:48:09
