======================================================================
🚀 NPI REGISTRY SCRAPER
======================================================================
Using official NPPES NPI Registry API

Providers without NPI: 1261
Previously processed: 0


📦 Processing batch of 100...

[1/1261] Dr. Aida Saliby, MD (AL)
   Looking up: Aida Saliby in AL
   No exact match, trying broader search...

[2/1261] Dr. Ania Kowalik, MD (AL)
   Looking up: Ania Kowalik in AL
   No exact match, trying broader search...

[3/1261] Dr. Chantel Cross, MD (AL)
   Looking up: Chantel Cross in AL
   No exact match, trying broader search...
   Found 16 matches, selecting best...
   ✅ Found NPI: 1457166266 (confidence: medium)
   💾 Saved NPI 1457166266

[4/1261] Dr. Craig Witz, MD (AL)
   Looking up: Craig Witz in AL
   No exact match, trying broader search...

[5/1261] Dr. Dorcas Morgan, MD (AL)
   Looking up: Dorcas Morgan in AL
   No exact match, trying broader search...
   Found 20 matches, selecting best...
   ✅ Found NPI: 1932391661 (confidence: medium)
   💾 Saved NPI 1932391661

[6/1261] Dr. Jeffrey Fisch, MD (AL)
   Looking up: Jeffrey Fisch in AL
   No exact match, trying broader search...

[7/1261] Dr. Kathleen Doody, MD (AL)
   Looking up: Kathleen Doody in AL
   No exact match, trying broader search...
   Found 2 matches, selecting best...
   ✅ Found NPI: 1710338348 (confidence: medium)
   💾 Saved NPI 1710338348

[8/1261] Dr. Kevin Maas, MD (AL)
   Looking up: Kevin Maas in AL
   No exact match, trying broader search...
   ✅ Found NPI: 1740775618 (confidence: medium)
   💾 Saved NPI 1740775618

[9/1261] Dr. Reshef Tal, MD (AL)
   Looking up: Reshef Tal in AL
   No exact match, trying broader search...

[10/1261] Dr. Robert Howe, MD (AL)
   Looking up: Robert Howe in AL
   No exact match, trying broader search...
   Found 6 matches, selecting best...
   ✅ Found NPI: 1346993698 (confidence: medium)
   💾 Saved NPI 1346993698

[11/1261] Dr. Sameh Toma, MD (AL)
   Looking up: Sameh Toma in AL
   No exact match, trying broader search...
   Found 2 matches, selecting best...
   ✅ Found NPI: 1609570282 (confidence: medium)
   💾 Saved NPI 1609570282

[12/1261] Dr. Sushila Arya Md Ms Facog, MD (AL)
   Looking up: Sushila Facog in AL
   No exact match, trying broader search...

[13/1261] Dr. Temeka Zore, MD (AR)
   Looking up: Temeka Zore in AR
   No exact match, trying broader search...

[14/1261] Mary Winters, APRN (AR)
   Looking up: Mary APRN in AR
   No exact match, trying broader search...

[15/1261] Amber Swanson, WHNP (AZ)
   Looking up: Amber WHNP in AZ
   No exact match, trying broader search...

[16/1261] Dr. Allison Bloom, DO (AZ)
   Looking up: Allison Bloom in AZ
   No exact match, trying broader search...
   Found 17 matches, selecting best...
   ✅ Found NPI: 1487363396 (confidence: medium)
   💾 Saved NPI 1487363396

[17/1261] Dr. Banafsheh Kashani, MD (AZ)
   Looking up: Banafsheh Kashani in AZ
   No exact match, trying broader search...

[18/1261] Dr. Betsy McCormick, MD (AZ)
   Looking up: Betsy McCormick in AZ
   No exact match, trying broader search...
   Found 20 matches, selecting best...
   ✅ Found NPI: 1689658395 (confidence: medium)
   💾 Saved NPI 1689658395

[19/1261] Dr. Brindha Saravanabavanandhan, MD (AZ)
   Looking up: Brindha Saravanabavanandhan in AZ
   No exact match, trying broader search...

[20/1261] Dr. Cecil Long, MD (AZ)
   Looking up: Cecil Long in AZ
   No exact match, trying broader search...
   Found 20 matches, selecting best...
   ✅ Found NPI: 1356888994 (confidence: medium)
   💾 Saved NPI 1356888994

[21/1261] Dr. Francisco Arredondo-Soberon, MD (AZ)
   Looking up: Francisco Arredondo-Soberon in AZ
   No exact match, trying broader search...

[22/1261] Dr. George Koulianos, MD (AZ)
   Looking up: George Koulianos in AZ
   No exact match, trying broader search...

[23/1261] Dr. Jennifer Phy, DO (AZ)
   Looking up: Jennifer Phy in AZ
   No exact match, trying broader search...

[24/1261] Dr. Jessica Bauer, MD (AZ)
   Looking up: Jessica Bauer in AZ
   No exact match, trying broader search...
   Found 20 matches, selecting best...
   ✅ Found NPI: 1841448453 (confidence: medium)
   💾 Saved NPI 1841448453

[25/1261] Dr. Jessica Dorais, MD (AZ)
   Looking up: Jessica Dorais in AZ
   No exact match, trying broader search...

[26/1261] Dr. Jonathan Kort, MD (AZ)
   Looking up: Jonathan Kort in AZ
   No exact match, trying broader search...
   Found 2 matches, selecting best...
   ✅ Found NPI: 1770523888 (confidence: medium)
   💾 Saved NPI 1770523888

[27/1261] Dr. Kaitlyn Wald, MD (AZ)
   Looking up: Kaitlyn Wald in AZ
   No exact match, trying broader search...
   ✅ Found NPI: 1003159872 (confidence: medium)
   💾 Saved NPI 1003159872

[28/1261] Dr. Lauren Bishop, MD (AZ)
   Looking up: Lauren Bishop in AZ
   No exact match, trying broader search...
   Found 20 matches, selecting best...
   ✅ Found NPI: 1265116206 (confidence: medium)
   💾 Saved NPI 1265116206

[29/1261] Dr. Marcus Jurema, MD (AZ)
   Looking up: Marcus Jurema in AZ
   No exact match, trying broader search...

[30/1261] Dr. Maria F Costantini-Ferrando, MD (AZ)
   Looking up: Maria Costantini-Ferrando in AZ
   No exact match, trying broader search...

[31/1261] Dr. Mary Wood Molo, MD (AZ)
   Looking up: Mary Molo in AZ
   No exact match, trying broader search...

[32/1261] Dr. Matthew Cohen, MD (AZ)
   Looking up: Matthew Cohen in AZ
   No exact match, trying broader search...
   Found 20 matches, selecting best...
   ✅ Found NPI: 1497953673 (confidence: medium)
   💾 Saved NPI 1497953673

[33/1261] Dr. Megan Link, MD (AZ)
   Looking up: Megan Link in AZ
   No exact match, trying broader search...
   Found 8 matches, selecting best...
   ✅ Found NPI: 1447625884 (confidence: medium)
   💾 Saved NPI 1447625884

[34/1261] Dr. Robert Barbieri, MD (AZ)
   Looking up: Robert Barbieri in AZ
   No exact match, trying broader search...

[35/1261] Dr. Sara Reid, MD (AZ)
   Looking up: Sara Reid in AZ
   No exact match, trying broader search...
   Found 20 matches, selecting best...
   ✅ Found NPI: 1609089713 (confidence: medium)
   💾 Saved NPI 1609089713

[36/1261] Dr. Stephanie Beall, MD (AZ)
   Looking up: Stephanie Beall in AZ
   No exact match, trying broader search...
   Found 4 matches, selecting best...
   ✅ Found NPI: 1023506136 (confidence: medium)
   💾 Saved NPI 1023506136

[37/1261] Dr. Valerie Flores, MD (AZ)
   Looking up: Valerie Flores in AZ
   No exact match, trying broader search...
   Found 20 matches, selecting best...
   ✅ Found NPI: 1821802653 (confidence: medium)
   💾 Saved NPI 1821802653

[38/1261] Angela Penn, FNP-BC (CA)
   Looking up: Angela FNP-BC in CA
   No exact match, trying broader search...

[39/1261] Catherine Sullivan, FNP (CA)
   Looking up: Catherine FNP in CA
   No exact match, trying broader search...

[40/1261] Dongxiao Liu, LAC (CA)
   Looking up: Dongxiao LAC in CA
   No exact match, trying broader search...
   Found 12 matches, selecting best...
   ✅ Found NPI: 1760234967 (confidence: medium)
   💾 Saved NPI 1760234967

[41/1261] Dr. Abraham Munabi, MD (CA)
   Looking up: Abraham Munabi in CA
   No exact match, trying broader search...
   ✅ Found NPI: 1356792154 (confidence: medium)
   💾 Saved NPI 1356792154

[42/1261] Dr. Ahmad Hammoud, MD (CA)
   Looking up: Ahmad Hammoud in CA
   No exact match, trying broader search...
   Found 3 matches, selecting best...
   ✅ Found NPI: 1528391950 (confidence: medium)
   💾 Saved NPI 1528391950

[43/1261] Dr. Aimee Browne, MD (CA)
   Looking up: Aimee Browne in CA
   No exact match, trying broader search...
   Found 20 matches, selecting best...
   ✅ Found NPI: 1699968305 (confidence: medium)
   💾 Saved NPI 1699968305

[44/1261] Dr. Allan Vrable, DO (CA)
   Looking up: Allan Vrable in CA
   No exact match, trying broader search...
   ✅ Found NPI: 1114482502 (confidence: medium)
   💾 Saved NPI 1114482502

[45/1261] Dr. Amanda Kallen, MD (CA)
   Looking up: Amanda Kallen in CA
   No exact match, trying broader search...
   Found 4 matches, selecting best...
   ✅ Found NPI: 1942630975 (confidence: medium)
   💾 Saved NPI 1942630975

[46/1261] Dr. Amy Kohlmeier, MD (CA)
   Looking up: Amy Kohlmeier in CA
   No exact match, trying broader search...
   ✅ Found NPI: 1861502049 (confidence: medium)
   💾 Saved NPI 1861502049

[47/1261] Dr. Amy Schutt, MD (CA)
   Looking up: Amy Schutt in CA
   No exact match, trying broader search...
   Found 5 matches, selecting best...
   ✅ Found NPI: 1952198111 (confidence: medium)
   💾 Saved NPI 1952198111

[48/1261] Dr. Anatte Karmon, MD (CA)
   Looking up: Anatte Karmon in CA
   No exact match, trying broader search...

[49/1261] Dr. Angela Knapp, ND (CA)
   Looking up: Angela ND in CA
   No exact match, trying broader search...

[50/1261] Dr. Anne Borkowski, MD (CA)
   Looking up: Anne Borkowski in CA
   No exact match, trying broader search...
   Found 3 matches, selecting best...
   ✅ Found NPI: 1164881108 (confidence: medium)
   💾 Saved NPI 1164881108

[51/1261] Dr. Armando Arroyo, MD (CA)
   Looking up: Armando Arroyo in CA
   No exact match, trying broader search...
   Found 20 matches, selecting best...
   ✅ Found NPI: 1871058651 (confidence: medium)
   💾 Saved NPI 1871058651

[52/1261] Dr. Audrey Marsidi, MD (CA)
   Looking up: Audrey Marsidi in CA
   No exact match, trying broader search...

[53/1261] Dr. Barry Donesky, MD (CA)
   Looking up: Barry Donesky in CA
   No exact match, trying broader search...
   Found 2 matches, selecting best...
   ✅ Found NPI: 1982975488 (confidence: medium)
   💾 Saved NPI 1982975488

[54/1261] Dr. Barry Witt, MD (CA)
   Looking up: Barry Witt in CA
   No exact match, trying broader search...
   Found 20 matches, selecting best...
   ✅ Found NPI: 1235862202 (confidence: medium)
   💾 Saved NPI 1235862202

[55/1261] Dr. Beth Plante, MD (CA)
   Looking up: Beth Plante in CA
   No exact match, trying broader search...
   Found 13 matches, selecting best...
   ✅ Found NPI: 1578105839 (confidence: medium)
   💾 Saved NPI 1578105839

[56/1261] Dr. Brandon Bankowski, MD (CA)
   Looking up: Brandon Bankowski in CA
   No exact match, trying broader search...
   ✅ Found NPI: 1922748706 (confidence: medium)
   💾 Saved NPI 1922748706

[57/1261] Dr. Bruce Rose, MD (CA)
   Looking up: Bruce Rose in CA
   No exact match, trying broader search...
   Found 20 matches, selecting best...
   ✅ Found NPI: 1912915901 (confidence: medium)
   💾 Saved NPI 1912915901

[58/1261] Dr. Claudio Benadiva, MD (CA)
   Looking up: Claudio Benadiva in CA
   No exact match, trying broader search...

[59/1261] Dr. Colleen Casey, MD (CA)
   Looking up: Colleen Casey in CA
   No exact match, trying broader search...
   Found 20 matches, selecting best...
   ✅ Found NPI: 1336007384 (confidence: medium)
   💾 Saved NPI 1336007384

[60/1261] Dr. Cristina De La Mar, DAOM (CA)
   Looking up: Cristina DAOM in CA
   No exact match, trying broader search...

[61/1261] Dr. Dan Goldschlag, MD (CA)
   Looking up: Dan Goldschlag in CA
   No exact match, trying broader search...

[62/1261] Dr. Daniel Kenigsberg, MD (CA)
   Looking up: Daniel Kenigsberg in CA
   No exact match, trying broader search...
   Found 3 matches, selecting best...
   ✅ Found NPI: 1538228119 (confidence: medium)
   💾 Saved NPI 1538228119

[63/1261] Dr. Daniel Kort, MD (CA)
   Looking up: Daniel Kort in CA
   No exact match, trying broader search...
   Found 6 matches, selecting best...
   ✅ Found NPI: 1437292075 (confidence: medium)
   💾 Saved NPI 1437292075

[64/1261] Dr. David Forstein, DO (CA)
   Looking up: David Forstein in CA
   No exact match, trying broader search...

[65/1261] Dr. David Kreiner, MD (CA)
   Looking up: David Kreiner in CA
   No exact match, trying broader search...
   Found 2 matches, selecting best...
   ✅ Found NPI: 1780986166 (confidence: medium)
   💾 Saved NPI 1780986166

[66/1261] Dr. David Kulak, MD (CA)
   Looking up: David Kulak in CA
   No exact match, trying broader search...
   ✅ Found NPI: 1851887376 (confidence: medium)
   💾 Saved NPI 1851887376

[67/1261] Dr. David Saffan, MD (CA)
   Looking up: David Saffan in CA
   No exact match, trying broader search...

[68/1261] Dr. Dean Moutos, MD (CA)
   Looking up: Dean Moutos in CA
   No exact match, trying broader search...

[69/1261] Dr. Deborah Corrente, LAC (CA)
   Looking up: Deborah LAC in CA
   No exact match, trying broader search...
   Found 12 matches, selecting best...
   ✅ Found NPI: 1760234967 (confidence: medium)
   💾 Saved NPI 1760234967

[70/1261] Dr. Diane Woodford, MD (CA)
   Looking up: Diane Woodford in CA
   No exact match, trying broader search...
   Found 8 matches, selecting best...
   ✅ Found NPI: 1306462171 (confidence: medium)
   💾 Saved NPI 1306462171

[71/1261] Dr. Elizabeth Pritts, MD (CA)
   Looking up: Elizabeth Pritts in CA
   No exact match, trying broader search...
   Found 3 matches, selecting best...
   ✅ Found NPI: 1033438916 (confidence: medium)
   💾 Saved NPI 1033438916

[72/1261] Dr. Elizabeth Puscheck, MD (CA)
   Looking up: Elizabeth Puscheck in CA
   No exact match, trying broader search...

[73/1261] Dr. Emily Osman, MD (CA)
   Looking up: Emily Osman in CA
   No exact match, trying broader search...
   Found 20 matches, selecting best...
   ✅ Found NPI: 1659085231 (confidence: medium)
   💾 Saved NPI 1659085231

[74/1261] Dr. Erin Masaba, MD (CA)
   Looking up: Erin Masaba in CA
   No exact match, trying broader search...

[75/1261] Dr. Eva Littman, MD (CA)
   Looking up: Eva Littman in CA
   No exact match, trying broader search...
   Found 8 matches, selecting best...
   ✅ Found NPI: 1417561531 (confidence: medium)
   💾 Saved NPI 1417561531

[76/1261] Dr. Eytan Barnea, MD (CA)
   Looking up: Eytan Barnea in CA
   No exact match, trying broader search...
   ✅ Found NPI: 1902032790 (confidence: medium)
   💾 Saved NPI 1902032790

[77/1261] Dr. Eyup Duran, MD (CA)
   Looking up: Eyup Duran in CA
   No exact match, trying broader search...
   Found 20 matches, selecting best...
   ✅ Found NPI: 1225709744 (confidence: medium)
   💾 Saved NPI 1225709744

[78/1261] Dr. Frank Deleon, MD (CA)
   Looking up: Frank Deleon in CA
   No exact match, trying broader search...
   Found 20 matches, selecting best...
   ✅ Found NPI: 1083580476 (confidence: medium)
   💾 Saved NPI 1083580476

[79/1261] Dr. Gary Levy, MD (CA)
   Looking up: Gary Levy in CA
   No exact match, trying broader search...
   Found 20 matches, selecting best...
   ✅ Found NPI: 1891873790 (confidence: medium)
   💾 Saved NPI 1891873790

[80/1261] Dr. George Kovalevsky, MD (CA)
   Looking up: George Kovalevsky in CA
   No exact match, trying broader search...
   ✅ Found NPI: 1144377607 (confidence: medium)
   💾 Saved NPI 1144377607

[81/1261] Dr. Gianpiero Palermo, MD (CA)
   Looking up: Gianpiero Palermo in CA
   No exact match, trying broader search...
   Found 9 matches, selecting best...
   ✅ Found NPI: 1700178993 (confidence: medium)
   💾 Saved NPI 1700178993

[82/1261] Dr. Glen Hofmann, MD (CA)
   Looking up: Glen Hofmann in CA
   No exact match, trying broader search...
   Found 20 matches, selecting best...
   ✅ Found NPI: 1568770840 (confidence: medium)
   💾 Saved NPI 1568770840

[83/1261] Dr. Grace Janik, MD (CA)
   Looking up: Grace Janik in CA
   No exact match, trying broader search...
   Found 7 matches, selecting best...
   ✅ Found NPI: 1982960449 (confidence: medium)
   💾 Saved NPI 1982960449

[84/1261] Dr. Grant Schmidt, MD (CA)
   Looking up: Grant Schmidt in CA
   No exact match, trying broader search...
   Found 20 matches, selecting best...
   ✅ Found NPI: 1831387950 (confidence: medium)
   💾 Saved NPI 1831387950

[85/1261] Dr. Hanna Jesionowska, MD (CA)
   Looking up: Hanna Jesionowska in CA
   No exact match, trying broader search...

[86/1261] Dr. Harry Craig, MD (CA)
   Looking up: Harry Craig in CA
   No exact match, trying broader search...
   Found 20 matches, selecting best...
   ✅ Found NPI: 1245179738 (confidence: medium)
   💾 Saved NPI 1245179738

[87/1261] Dr. Herbert Coussons, MD (CA)
   Looking up: Herbert Coussons in CA
   No exact match, trying broader search...

[88/1261] Dr. Ilana Ressler, MD (CA)
   Looking up: Ilana Ressler in CA
   No exact match, trying broader search...
   Found 13 matches, selecting best...
   ✅ Found NPI: 1194195362 (confidence: medium)
   💾 Saved NPI 1194195362

[89/1261] Dr. Iris Insogna, MD (CA)
   Looking up: Iris Insogna in CA
   No exact match, trying broader search...
   Found 2 matches, selecting best...
   ✅ Found NPI: 1558176339 (confidence: medium)
   💾 Saved NPI 1558176339

[90/1261] Dr. Isela Robertshaw, MD (CA)
   Looking up: Isela Robertshaw in CA
   No exact match, trying broader search...
   Found 3 matches, selecting best...
   ✅ Found NPI: 1780378406 (confidence: medium)
   💾 Saved NPI 1780378406

[91/1261] Dr. Jacquelyn Loughlin, MD (CA)
   Looking up: Jacquelyn Loughlin in CA
   No exact match, trying broader search...
   Found 9 matches, selecting best...
   ✅ Found NPI: 1194137513 (confidence: medium)
   💾 Saved NPI 1194137513

[92/1261] Dr. Jamie Stanhiser, MD (CA)
   Looking up: Jamie Stanhiser in CA
   No exact match, trying broader search...
   ✅ Found NPI: 1972510832 (confidence: medium)
   💾 Saved NPI 1972510832

[93/1261] Dr. Jeanne O'Brien, MD (CA)
   Looking up: Jeanne O'Brien in CA
   No exact match, trying broader search...
   Found 20 matches, selecting best...
   ✅ Found NPI: 1407972565 (confidence: high)
   💾 Saved NPI 1407972565

[94/1261] Dr. Jenna Friedenthal, MD (CA)
   Looking up: Jenna Friedenthal in CA
   No exact match, trying broader search...
   Found 3 matches, selecting best...
   ✅ Found NPI: 1649660531 (confidence: medium)
   💾 Saved NPI 1649660531

[95/1261] Dr. Joao De Pinho, MD (CA)
   Looking up: Joao Pinho in CA
   No exact match, trying broader search...
   Found 2 matches, selecting best...
   ✅ Found NPI: 1811166804 (confidence: medium)
   💾 Saved NPI 1811166804

[96/1261] Dr. Joelle Taylor, MD (CA)
   Looking up: Joelle Taylor in CA
   No exact match, trying broader search...
   Found 20 matches, selecting best...

[97/1261] Dr. John Phelps, MD (CA)
   Looking up: John Phelps in CA
   No exact match, trying broader search...
   Found 20 matches, selecting best...
   ✅ Found NPI: 1992457170 (confidence: medium)
   💾 Saved NPI 1992457170

[98/1261] Dr. John Randolph Jr, MD (CA)
   Looking up: John Jr in CA
   No exact match, trying broader search...

[99/1261] Dr. Jory Ough, MD (CA)
   Looking up: Jory Ough in CA
   No exact match, trying broader search...
   Found 4 matches, selecting best...
   ✅ Found NPI: 1437341005 (confidence: medium)
   💾 Saved NPI 1437341005

[100/1261] Dr. Joseph Gianfortoni, MD (CA)
   Looking up: Joseph Gianfortoni in CA
   No exact match, trying broader search...

⏸️ Batch done. Found 63/100

📦 Processing batch of 63...

[101/1261] Dr. Joseph Stanford, MD (CA)
   Looking up: Joseph Stanford in CA
   No exact match, trying broader search...
   Found 20 matches, selecting best...
   ✅ Found NPI: 1255801775 (confidence: medium)
   💾 Saved NPI 1255801775

[102/1261] Dr. Kamaria Cayton Vaught, MD (CA)
   Looking up: Kamaria Vaught in CA
   No exact match, trying broader search...
   Found 13 matches, selecting best...
   ✅ Found NPI: 1114897931 (confidence: high)
   💾 Saved NPI 1114897931

[103/1261] Dr. Kara Goldman, MD (CA)
   Looking up: Kara Goldman in CA
   No exact match, trying broader search...
   Found 20 matches, selecting best...
   ✅ Found NPI: 1619051976 (confidence: medium)
   💾 Saved NPI 1619051976

[104/1261] Dr. Kathleen Hoeger, MD (CA)
   Looking up: Kathleen Hoeger in CA
   No exact match, trying broader search...
   ✅ Found NPI: 1740502665 (confidence: medium)
   💾 Saved NPI 1740502665

[105/1261] Dr. Kathleen O'Leary, MD (CA)
   Looking up: Kathleen O'Leary in CA
   No exact match, trying broader search...
   Found 20 matches, selecting best...
   ✅ Found NPI: 1376046219 (confidence: medium)
   💾 Saved NPI 1376046219

[106/1261] Dr. Keith Blauer, MD (CA)
   Looking up: Keith Blauer in CA
   No exact match, trying broader search...
   ✅ Found NPI: 1588495485 (confidence: medium)
   💾 Saved NPI 1588495485

[107/1261] Dr. Kenneth Gelman, MD (CA)
   Looking up: Kenneth Gelman in CA
   No exact match, trying broader search...
   Found 20 matches, selecting best...
   ✅ Found NPI: 1871664797 (confidence: medium)
   💾 Saved NPI 1871664797

[108/1261] Dr. Kenneth Moghadam, MD (CA)
   Looking up: Kenneth Moghadam in CA
   No exact match, trying broader search...
   Found 20 matches, selecting best...
   ✅ Found NPI: 1295262012 (confidence: medium)
   💾 Saved NPI 1295262012

[109/1261] Dr. Khaled Zeitoun, MD (CA)
   Looking up: Khaled Zeitoun in CA
   No exact match, trying broader search...
   ✅ Found NPI: 1952810293 (confidence: medium)
   💾 Saved NPI 1952810293

[110/1261] Dr. Kiranpreet Khurana, MD (CA)
   Looking up: Kiranpreet Khurana in CA
   No exact match, trying broader search...
   Found 20 matches, selecting best...
   ✅ Found NPI: 1427496710 (confidence: medium)
   💾 Saved NPI 1427496710

[111/1261] Dr. Kristen Cain, MD (CA)
   Looking up: Kristen Cain in CA
   No exact match, trying broader search...
   Found 20 matches, selecting best...
   ✅ Found NPI: 1912585910 (confidence: medium)
   💾 Saved NPI 1912585910

[112/1261] Dr. Larry Barmat, MD (CA)
   Looking up: Larry Barmat in CA
   No exact match, trying broader search...

[113/1261] Dr. Lawrence Engmann, MD (CA)
   Looking up: Lawrence Engmann in CA
   No exact match, trying broader search...

[114/1261] Dr. Lee Shulman, MD (CA)
   Looking up: Lee Shulman in CA
   No exact match, trying broader search...
   Found 20 matches, selecting best...
   ✅ Found NPI: 1588184261 (confidence: medium)
   💾 Saved NPI 1588184261

[115/1261] Dr. Lisa Eng, DO (CA)
   Looking up: Lisa Eng in CA
   No exact match, trying broader search...
   Found 20 matches, selecting best...
   ✅ Found NPI: 1154470227 (confidence: medium)
   💾 Saved NPI 1154470227

[116/1261] Dr. Manvinder Singh, MD (CA)
   Looking up: Manvinder Singh in CA
   No exact match, trying broader search...
   Found 20 matches, selecting best...
   ✅ Found NPI: 1326847997 (confidence: medium)
   💾 Saved NPI 1326847997

[117/1261] Dr. Marika Raff, MD (CA)
   Looking up: Marika Raff in CA
   No exact match, trying broader search...
   Found 11 matches, selecting best...
   ✅ Found NPI: 1811368632 (confidence: medium)
   💾 Saved NPI 1811368632

[118/1261] Dr. Marjan Attaran, MD (CA)
   Looking up: Marjan Attaran in CA
   No exact match, trying broader search...
   Found 4 matches, selecting best...
   ✅ Found NPI: 1194043042 (confidence: medium)
   💾 Saved NPI 1194043042

[119/1261] Dr. Marjorie Chorness, MD (CA)
   Looking up: Marjorie Chorness in CA
   No exact match, trying broader search...

[120/1261] Dr. Mark Bush, MD (CA)
   Looking up: Mark Bush in CA
   No exact match, trying broader search...
   Found 20 matches, selecting best...
   ✅ Found NPI: 1477400067 (confidence: medium)
   💾 Saved NPI 1477400067

[121/1261] Dr. Mark Leondires, MD (CA)
   Looking up: Mark Leondires in CA
   No exact match, trying broader search...

[122/1261] Dr. Mark Sauer, MD (CA)
   Looking up: Mark Sauer in CA
   No exact match, trying broader search...
   Found 20 matches, selecting best...
   ✅ Found NPI: 1962104208 (confidence: medium)
   💾 Saved NPI 1962104208

[123/1261] Dr. Marty Gebhart, DNP (CA)
   Looking up: Marty DNP in CA
   No exact match, trying broader search...

[124/1261] Dr. Matrika Johnson, MD (CA)
   Looking up: Matrika Johnson in CA
   No exact match, trying broader search...
   Found 20 matches, selecting best...

[125/1261] Dr. Megan Temp, MD (CA)
   Looking up: Megan Temp in CA
   No exact match, trying broader search...

[126/1261] Dr. Michael Allemand, MD (CA)
   Looking up: Michael Allemand in CA
   No exact match, trying broader search...
   ✅ Found NPI: 1750324380 (confidence: medium)
   💾 Saved NPI 1750324380

[127/1261] Dr. Michael R Drews, MD (CA)
   Looking up: Michael Drews in CA
   No exact match, trying broader search...
   Found 6 matches, selecting best...
   ✅ Found NPI: 1346346905 (confidence: medium)
   💾 Saved NPI 1346346905

[128/1261] Dr. Michelle Williams, ND (CA)
   Looking up: Michelle ND in CA
   No exact match, trying broader search...

[129/1261] Dr. Mira Aubuchon, MD (CA)
   Looking up: Mira Aubuchon in CA
   No exact match, trying broader search...
   Found 4 matches, selecting best...
   ✅ Found NPI: 1770211419 (confidence: medium)
   💾 Saved NPI 1770211419

[130/1261] Dr. Monica Chung, MD (CA)
   Looking up: Monica Chung in CA
   No exact match, trying broader search...
   Found 20 matches, selecting best...
   ✅ Found NPI: 1033468749 (confidence: medium)
   💾 Saved NPI 1033468749

[131/1261] Dr. Natalia Grob, MD (CA)
   Looking up: Natalia Grob in CA
   No exact match, trying broader search...
   Found 5 matches, selecting best...
   ✅ Found NPI: 1770794463 (confidence: medium)
   💾 Saved NPI 1770794463

[132/1261] Dr. Ndeye-Aicha Gueye, MD (CA)
   Looking up: Ndeye-Aicha Gueye in CA
   No exact match, trying broader search...
   ✅ Found NPI: 1992530646 (confidence: medium)
   💾 Saved NPI 1992530646

[133/1261] Dr. Nicholas Cataldo, MD (CA)
   Looking up: Nicholas Cataldo in CA
   No exact match, trying broader search...
   Found 9 matches, selecting best...
   ✅ Found NPI: 1942866108 (confidence: medium)
   💾 Saved NPI 1942866108

[134/1261] Dr. Nigel Pereira, MD (CA)
   Looking up: Nigel Pereira in CA
   No exact match, trying broader search...
   Found 20 matches, selecting best...
   ✅ Found NPI: 1568040335 (confidence: medium)
   💾 Saved NPI 1568040335

[135/1261] Dr. Nirali Jain, MD (CA)
   Looking up: Nirali Jain in CA
   No exact match, trying broader search...
   Found 20 matches, selecting best...
   ✅ Found NPI: 1285032615 (confidence: medium)
   💾 Saved NPI 1285032615

[136/1261] Dr. Pamela Santapaola, ND (CA)
   Looking up: Pamela ND in CA
   No exact match, trying broader search...

[137/1261] Dr. Paul Zarutskie, MD (CA)
   Looking up: Paul Zarutskie in CA
   No exact match, trying broader search...

[138/1261] Dr. Peter Ahlering, MD (CA)
   Looking up: Peter Ahlering in CA
   No exact match, trying broader search...
   Found 2 matches, selecting best...
   ✅ Found NPI: 1568413961 (confidence: medium)
   💾 Saved NPI 1568413961

[139/1261] Dr. Prachi Godiwala, MD (CA)
   Looking up: Prachi Godiwala in CA
   No exact match, trying broader search...
   Found 2 matches, selecting best...
   ✅ Found NPI: 1770675142 (confidence: medium)
   💾 Saved NPI 1770675142

[140/1261] Dr. Rachana Garde, MD (CA)
   Looking up: Rachana Garde in CA
   No exact match, trying broader search...
   Found 5 matches, selecting best...
   ✅ Found NPI: 1205817681 (confidence: medium)
   💾 Saved NPI 1205817681

[141/1261] Dr. Randall Hines, MD (CA)
   Looking up: Randall Hines in CA
   No exact match, trying broader search...
   Found 20 matches, selecting best...
   ✅ Found NPI: 1689423162 (confidence: medium)
   💾 Saved NPI 1689423162

[142/1261] Dr. Reeva Makhijani, MD (CA)
   Looking up: Reeva Makhijani in CA
   No exact match, trying broader search...
   Found 2 matches, selecting best...
   ✅ Found NPI: 1578714432 (confidence: medium)
   💾 Saved NPI 1578714432

[143/1261] Dr. Rhiana Saunders, MD (CA)
   Looking up: Rhiana Saunders in CA
   No exact match, trying broader search...
   Found 20 matches, selecting best...
   ✅ Found NPI: 1215784269 (confidence: medium)
   💾 Saved NPI 1215784269

[144/1261] Dr. Rita Sneeringer, MD (CA)
   Looking up: Rita Sneeringer in CA
   No exact match, trying broader search...
   ✅ Found NPI: 1336350479 (confidence: medium)
   💾 Saved NPI 1336350479

[145/1261] Dr. Robert Graebe, MD (CA)
   Looking up: Robert Graebe in CA
   No exact match, trying broader search...
   ✅ Found NPI: 1235945569 (confidence: medium)
   💾 Saved NPI 1235945569

[146/1261] Dr. Robert Gustofson, MD (CA)
   Looking up: Robert Gustofson in CA
   No exact match, trying broader search...

[147/1261] Dr. Robert Kaufmann, MD (CA)
   Looking up: Robert Kaufmann in CA
   No exact match, trying broader search...
   Found 20 matches, selecting best...
   ✅ Found NPI: 1275333726 (confidence: medium)
   💾 Saved NPI 1275333726

[148/1261] Dr. Robert Kiltz, MD (CA)
   Looking up: Robert Kiltz in CA
   No exact match, trying broader search...

[149/1261] Dr. Robin Fogle, MD (CA)
   Looking up: Robin Fogle in CA
   No exact match, trying broader search...
   Found 11 matches, selecting best...
   ✅ Found NPI: 1194542910 (confidence: medium)
   💾 Saved NPI 1194542910

[150/1261] Dr. Robin Poe-Zeigler, MD (CA)
   Looking up: Robin Poe-Zeigler in CA
   No exact match, trying broader search...

[151/1261] Dr. Rogerio Lobo, MD (CA)
   Looking up: Rogerio Lobo in CA
   No exact match, trying broader search...
   Found 20 matches, selecting best...
   ✅ Found NPI: 1598374035 (confidence: medium)
   💾 Saved NPI 1598374035

[152/1261] Dr. Ronald Strickler, MD (CA)
   Looking up: Ronald Strickler in CA
   No exact match, trying broader search...
   Found 9 matches, selecting best...
   ✅ Found NPI: 1104987882 (confidence: medium)
   💾 Saved NPI 1104987882

[153/1261] Dr. Rosanne Demanski, ND (CA)
   Looking up: Rosanne ND in CA
   No exact match, trying broader search...

[154/1261] Dr. Saioa Torrealday, MD (CA)
   Looking up: Saioa Torrealday in CA
   No exact match, trying broader search...

[155/1261] Dr. Saji Jacob, MD (CA)
   Looking up: Saji Jacob in CA
   No exact match, trying broader search...
   Found 20 matches, selecting best...
   ✅ Found NPI: 1417611567 (confidence: medium)
   💾 Saved NPI 1417611567

[156/1261] Dr. Serena H Chen, MD (CA)
   Looking up: Serena Chen in CA
   No exact match, trying broader search...
   Found 20 matches, selecting best...
   ✅ Found NPI: 1780043703 (confidence: medium)
   💾 Saved NPI 1780043703

[157/1261] Dr. Shane Lipskind, MD (CA)
   Looking up: Shane Lipskind in CA
   No exact match, trying broader search...

[158/1261] Dr. Shannel Adams, MD (CA)
   Looking up: Shannel Adams in CA
   No exact match, trying broader search...
   Found 20 matches, selecting best...
   ✅ Found NPI: 1992496731 (confidence: medium)
   💾 Saved NPI 1992496731

[159/1261] Dr. Silvina Bocca, MD (CA)
   Looking up: Silvina Bocca in CA
   No exact match, trying broader search...
   Found 4 matches, selecting best...
   ✅ Found NPI: 1285117689 (confidence: medium)
   💾 Saved NPI 1285117689

[160/1261] Dr. Steven Brenner, MD (CA)
   Looking up: Steven Brenner in CA
   No exact match, trying broader search...
   Found 20 matches, selecting best...
   ✅ Found NPI: 1770164360 (confidence: medium)
   💾 Saved NPI 1770164360

[161/1261] Dr. Subodhsingh'Subodh Chauhan, MD (CA)
   Looking up: Subodhsingh'Subodh Chauhan in CA
   No exact match, trying broader search...
   Found 20 matches, selecting best...
   ✅ Found NPI: 1255054003 (confidence: medium)
   💾 Saved NPI 1255054003

[162/1261] Dr. Sylvie Paroski, MD (CA)
   Looking up: Sylvie Paroski in CA
   No exact match, trying broader search...

[163/1261] Dr. Taraneh Nazem, MD (CA)
   Looking up: Taraneh Nazem in CA
   No exact match, trying broader search...

⏸️ Batch done. Found 108/163

📦 Processing batch of 45...

[164/1261] Dr. Tarun Jain, MD (CA)
   Looking up: Tarun Jain in CA
   No exact match, trying broader search...
   Found 20 matches, selecting best...
   ✅ Found NPI: 1285032615 (confidence: medium)
   💾 Saved NPI 1285032615

[165/1261] Dr. Taryn McEvoy, MD (CA)
   Looking up: Taryn McEvoy in CA
   No exact match, trying broader search...
   Found 20 matches, selecting best...
   ✅ Found NPI: 1861888471 (confidence: medium)
   💾 Saved NPI 1861888471

[166/1261] Dr. Thakur Mili, MD (CA)
   Looking up: Thakur Mili in CA
   No exact match, trying broader search...

[167/1261] Dr. Tia Jackson-Bey, MD (CA)
   Looking up: Tia Jackson-Bey in CA
   No exact match, trying broader search...

[168/1261] Dr. Toral Parikh, MD (CA)
   Looking up: Toral Parikh in CA
   No exact match, trying broader search...
   Found 20 matches, selecting best...
   ✅ Found NPI: 1982657664 (confidence: medium)
   💾 Saved NPI 1982657664

[169/1261] Dr. Wael Salem, MD (CA)
   Looking up: Wael Salem in CA
   No exact match, trying broader search...
   Found 20 matches, selecting best...
   ✅ Found NPI: 1043866379 (confidence: medium)
   💾 Saved NPI 1043866379

[170/1261] Dr. Wendy Schillings, MD (CA)
   Looking up: Wendy Schillings in CA
   No exact match, trying broader search...
   ✅ Found NPI: 1316706179 (confidence: medium)
   💾 Saved NPI 1316706179

[171/1261] Dr. William Anyaegbunam, MD (CA)
   Looking up: William Anyaegbunam in CA
   No exact match, trying broader search...

[172/1261] Dr. Xiaohong Liu, MD (CA)
   Looking up: Xiaohong Liu in CA
   No exact match, trying broader search...
   Found 20 matches, selecting best...
   ✅ Found NPI: 1053198002 (confidence: medium)
   💾 Saved NPI 1053198002

[173/1261] Dr. Xiaojie Zhou, MD (CA)
   Looking up: Xiaojie Zhou in CA
   No exact match, trying broader search...
   Found 20 matches, selecting best...
   ✅ Found NPI: 1518019660 (confidence: medium)
   💾 Saved NPI 1518019660

[174/1261] Dr. Yali Fan, DOM (CA)
   Looking up: Yali DOM in CA
   No exact match, trying broader search...
   Found 3 matches, selecting best...
   ✅ Found NPI: 1013323971 (confidence: medium)
   💾 Saved NPI 1013323971

[175/1261] Dr. Yelena Dondik, MD (CA)
   Looking up: Yelena Dondik in CA
   No exact match, trying broader search...

[176/1261] Dr. Ziad Hubayter, MD (CA)
   Looking up: Ziad Hubayter in CA
   No exact match, trying broader search...

[177/1261] Gisele Leon-Ritch, AP (CA)
   Looking up: Gisele AP in CA
   No exact match, trying broader search...
   Found 2 matches, selecting best...
   ✅ Found NPI: 1568891034 (confidence: medium)
   💾 Saved NPI 1568891034

[178/1261] Jean-Pierre Chacon, AP (CA)
   Looking up: Jean-Pierre AP in CA
   No exact match, trying broader search...
   Found 2 matches, selecting best...
   ✅ Found NPI: 1568891034 (confidence: medium)
   💾 Saved NPI 1568891034

[179/1261] Julie Luterzo, NP (CA)
   Looking up: Julie Luterzo in CA
   No exact match, trying broader search...

[180/1261] Karen Burr, CNM (CA)
   Looking up: Karen Burr in CA
   No exact match, trying broader search...
   Found 20 matches, selecting best...
   ✅ Found NPI: 1962198176 (confidence: medium)
   💾 Saved NPI 1962198176

[181/1261] Karisa Grudi, LAC (CA)
   Looking up: Karisa LAC in CA
   No exact match, trying broader search...
   Found 12 matches, selecting best...
   ✅ Found NPI: 1760234967 (confidence: medium)
   💾 Saved NPI 1760234967

[182/1261] Lauren Normandin, PA-C (CA)
   Looking up: Lauren PA-C in CA
   No exact match, trying broader search...

[183/1261] Monica Bradnan, AP (CA)
   Looking up: Monica AP in CA
   No exact match, trying broader search...
   Found 2 matches, selecting best...
   ✅ Found NPI: 1568891034 (confidence: medium)
   💾 Saved NPI 1568891034

[184/1261] Nancy Nachtwey, LAC (CA)
   Looking up: Nancy LAC in CA
   No exact match, trying broader search...
   Found 12 matches, selecting best...
   ✅ Found NPI: 1760234967 (confidence: medium)
   💾 Saved NPI 1760234967

[185/1261] Paula Rashkow, LAC (CA)
   Looking up: Paula LAC in CA
   No exact match, trying broader search...
   Found 12 matches, selecting best...
   ✅ Found NPI: 1760234967 (confidence: medium)
   💾 Saved NPI 1760234967

[186/1261] Rachel Russell, MAOM (CA)
   Looking up: Rachel MAOM in CA
   No exact match, trying broader search...

[187/1261] Rebecca Wangard, FNP-BC (CA)
   Looking up: Rebecca FNP-BC in CA
   No exact match, trying broader search...

[188/1261] Renee Tracy, LICAC (CA)
   Looking up: Renee LICAC in CA
   No exact match, trying broader search...

[189/1261] Robin Hays, LAC (CA)
   Looking up: Robin LAC in CA
   No exact match, trying broader search...
   Found 12 matches, selecting best...
   ✅ Found NPI: 1760234967 (confidence: medium)
   💾 Saved NPI 1760234967

[190/1261] Rosalie Gunson, NP (CA)
   Looking up: Rosalie Gunson in CA
   No exact match, trying broader search...
   Found 2 matches, selecting best...
   ✅ Found NPI: 1972171106 (confidence: medium)
   💾 Saved NPI 1972171106

[191/1261] Samantha Buchanan-Northup (CA)
   Looking up: Samantha Buchanan-Northup in CA
   No exact match, trying broader search...

[192/1261] Shasta Ericson, LAC (CA)
   Looking up: Shasta LAC in CA
   No exact match, trying broader search...
   Found 12 matches, selecting best...
   ✅ Found NPI: 1760234967 (confidence: medium)
   💾 Saved NPI 1760234967

[193/1261] Zhenghua Liu, LAC (CA)
   Looking up: Zhenghua LAC in CA
   No exact match, trying broader search...
   Found 12 matches, selecting best...
   ✅ Found NPI: 1760234967 (confidence: medium)
   💾 Saved NPI 1760234967

[194/1261] Brandis Montez, MSN (CO)
   Looking up: Brandis MSN in CO
   No exact match, trying broader search...

[195/1261] Dr. Alexa Clapp, MD (CO)
   Looking up: Alexa Clapp in CO
   No exact match, trying broader search...
   Found 3 matches, selecting best...
   ✅ Found NPI: 1245574508 (confidence: medium)
   💾 Saved NPI 1245574508

[196/1261] Dr. Carole Kowalczyk, MD (CO)
   Looking up: Carole Kowalczyk in CO
   No exact match, trying broader search...
   Found 3 matches, selecting best...
   ✅ Found NPI: 1104913003 (confidence: medium)
   💾 Saved NPI 1104913003

[197/1261] Dr. Christine Whitworth, MD (CO)
   Looking up: Christine Whitworth in CO
   No exact match, trying broader search...
   Found 4 matches, selecting best...
   ✅ Found NPI: 1770060592 (confidence: medium)
   💾 Saved NPI 1770060592

[198/1261] Dr. Daniel Christie, MD (CO)
   Looking up: Daniel Christie in CO
   No exact match, trying broader search...
   Found 14 matches, selecting best...
   ✅ Found NPI: 1538708029 (confidence: medium)
   💾 Saved NPI 1538708029

[199/1261] Dr. Eric Eberts, MD (CO)
   Looking up: Eric Eberts in CO
   No exact match, trying broader search...

[200/1261] Dr. Evan Reshef, MD (CO)
   Looking up: Evan Reshef in CO
   No exact match, trying broader search...

[201/1261] Dr. Kat Lin, MD (CO)
   Looking up: Kat Lin in CO
   No exact match, trying broader search...
   Found 20 matches, selecting best...
   ✅ Found NPI: 1073076709 (confidence: medium)
   💾 Saved NPI 1073076709

[202/1261] Dr. Kathleen Devine, MD (CO)
   Looking up: Kathleen Devine in CO
   No exact match, trying broader search...
   Found 13 matches, selecting best...
   ✅ Found NPI: 1255545745 (confidence: medium)
   💾 Saved NPI 1255545745

[203/1261] Dr. Landon Trost, MD (CO)
   Looking up: Landon Trost in CO
   No exact match, trying broader search...
   Found 2 matches, selecting best...
   ✅ Found NPI: 1346922531 (confidence: medium)
   💾 Saved NPI 1346922531

[204/1261] Dr. Lauren Ursillo, MD (CO)
   Looking up: Lauren Ursillo in CO
   No exact match, trying broader search...

[205/1261] Dr. Louis Manara, DO (CO)
   Looking up: Louis Manara in CO
   No exact match, trying broader search...

[206/1261] Dr. Martin Keltz, MD (CO)
   Looking up: Martin Keltz in CO
   No exact match, trying broader search...

[207/1261] Dr. Mary Lewis Boardman, MD (CO)
   Looking up: Mary Boardman in CO
   No exact match, trying broader search...
   Found 2 matches, selecting best...
   ✅ Found NPI: 1861036667 (confidence: medium)
   💾 Saved NPI 1861036667

[208/1261] Dr. Oluyemisi Adesanya Famuyiwa, MD (CO)
   Looking up: Oluyemisi Famuyiwa in CO
   No exact match, trying broader search...

⏸️ Batch done. Found 135/208

📦 Processing batch of 27...

[209/1261] Dr. Ravi Gada, MD (CO)
   Looking up: Ravi Gada in CO
   No exact match, trying broader search...

[210/1261] Dr. Suruchi Thakore, MD (CO)
   Looking up: Suruchi Thakore in CO
   No exact match, trying broader search...
   ✅ Found NPI: 1154853125 (confidence: medium)
   💾 Saved NPI 1154853125

[211/1261] Dr. Tibor Polcz, MD (CO)
   Looking up: Tibor Polcz in CO
   No exact match, trying broader search...

[212/1261] Dr. Wilson Morales, MD (CO)
   Looking up: Wilson Morales in CO
   No exact match, trying broader search...
   Found 20 matches, selecting best...
   ✅ Found NPI: 1558915520 (confidence: medium)
   💾 Saved NPI 1558915520

[213/1261] Dr. Alexis Greene, MD (CT)
   Looking up: Alexis Greene in CT