[2026-07-05 00:00:04] ✅ FlightAware client initialized
[2026-07-05 00:00:04] ======================================================================
[2026-07-05 00:00:04] Aero: Day-of-Travel Monitoring
[2026-07-05 00:00:04] ======================================================================
[2026-07-05 00:00:04] 
✈️ Checking DL939 on 2026-07-05 11:20
[2026-07-05 00:00:05]   Status: scheduled
[2026-07-05 00:00:05]   Gate: 30A
[2026-07-05 00:00:05]   Terminal: N/A
[2026-07-05 00:00:05]   Delay: 0 minutes
[2026-07-05 00:00:05]   ✓ No changes detected
[2026-07-05 00:00:05] 
======================================================================
[2026-07-05 00:00:05] Summary: 1 flights checked, 0 alerts sent
[2026-07-05 00:00:05] ======================================================================
[2026-07-05 00:30:03] ✅ FlightAware client initialized
[2026-07-05 00:30:03] ======================================================================
[2026-07-05 00:30:03] Aero: Day-of-Travel Monitoring
[2026-07-05 00:30:03] ======================================================================
[2026-07-05 00:30:03] 
✈️ Checking DL939 on 2026-07-05 11:20
[2026-07-05 00:30:03]   Status: scheduled
[2026-07-05 00:30:03]   Gate: 30A
[2026-07-05 00:30:03]   Terminal: N/A
[2026-07-05 00:30:03]   Delay: 0 minutes
[2026-07-05 00:30:03]   ✓ No changes detected
[2026-07-05 00:30:03] 
======================================================================
[2026-07-05 00:30:03] Summary: 1 flights checked, 0 alerts sent
[2026-07-05 00:30:03] ======================================================================
[2026-07-05 01:00:03] ✅ FlightAware client initialized
[2026-07-05 01:00:03] ======================================================================
[2026-07-05 01:00:03] Aero: Day-of-Travel Monitoring
[2026-07-05 01:00:03] ======================================================================
[2026-07-05 01:00:03] 
✈️ Checking DL939 on 2026-07-05 11:20
[2026-07-05 01:00:04]   Status: scheduled
[2026-07-05 01:00:04]   Gate: 30A
[2026-07-05 01:00:04]   Terminal: N/A
[2026-07-05 01:00:04]   Delay: 0 minutes
[2026-07-05 01:00:04]   ✓ No changes detected
[2026-07-05 01:00:04] 
======================================================================
[2026-07-05 01:00:04] Summary: 1 flights checked, 0 alerts sent
[2026-07-05 01:00:04] ======================================================================
[2026-07-05 01:30:03] ✅ FlightAware client initialized
[2026-07-05 01:30:03] ======================================================================
[2026-07-05 01:30:03] Aero: Day-of-Travel Monitoring
[2026-07-05 01:30:03] ======================================================================
[2026-07-05 01:30:03] 
✈️ Checking DL939 on 2026-07-05 11:20
[2026-07-05 01:30:03]   Status: scheduled
[2026-07-05 01:30:03]   Gate: 30A
[2026-07-05 01:30:03]   Terminal: N/A
[2026-07-05 01:30:03]   Delay: 0 minutes
[2026-07-05 01:30:03]   ✓ No changes detected
[2026-07-05 01:30:03] 
======================================================================
[2026-07-05 01:30:03] Summary: 1 flights checked, 0 alerts sent
[2026-07-05 01:30:03] ======================================================================
[2026-07-05 02:00:04] ✅ FlightAware client initialized
[2026-07-05 02:00:04] ======================================================================
[2026-07-05 02:00:04] Aero: Day-of-Travel Monitoring
[2026-07-05 02:00:04] ======================================================================
[2026-07-05 02:00:04] 
✈️ Checking DL939 on 2026-07-05 11:20
[2026-07-05 02:00:04]   Status: scheduled
[2026-07-05 02:00:04]   Gate: 30A
[2026-07-05 02:00:04]   Terminal: N/A
[2026-07-05 02:00:04]   Delay: 0 minutes
[2026-07-05 02:00:04]   ✓ No changes detected
[2026-07-05 02:00:04] 
======================================================================
[2026-07-05 02:00:04] Summary: 1 flights checked, 0 alerts sent
[2026-07-05 02:00:04] ======================================================================
[2026-07-05 02:30:03] ✅ FlightAware client initialized
[2026-07-05 02:30:03] ======================================================================
[2026-07-05 02:30:03] Aero: Day-of-Travel Monitoring
[2026-07-05 02:30:03] ======================================================================
[2026-07-05 02:30:03] 
✈️ Checking DL939 on 2026-07-05 11:20
[2026-07-05 02:30:03]   Status: scheduled
[2026-07-05 02:30:03]   Gate: 30A
[2026-07-05 02:30:03]   Terminal: N/A
[2026-07-05 02:30:03]   Delay: 0 minutes
[2026-07-05 02:30:03]   ✓ No changes detected
[2026-07-05 02:30:04] 
======================================================================
[2026-07-05 02:30:04] Summary: 1 flights checked, 0 alerts sent
[2026-07-05 02:30:04] ======================================================================
[2026-07-05 03:00:03] ✅ FlightAware client initialized
[2026-07-05 03:00:03] ======================================================================
[2026-07-05 03:00:03] Aero: Day-of-Travel Monitoring
[2026-07-05 03:00:03] ======================================================================
[2026-07-05 03:00:03] 
✈️ Checking DL939 on 2026-07-05 11:20
[2026-07-05 03:00:04]   Status: scheduled
[2026-07-05 03:00:04]   Gate: 30A
[2026-07-05 03:00:04]   Terminal: N/A
[2026-07-05 03:00:04]   Delay: 0 minutes
[2026-07-05 03:00:04]   ✓ No changes detected
[2026-07-05 03:00:04] 
======================================================================
[2026-07-05 03:00:04] Summary: 1 flights checked, 0 alerts sent
[2026-07-05 03:00:04] ======================================================================
[2026-07-05 03:30:03] ✅ FlightAware client initialized
[2026-07-05 03:30:03] ======================================================================
[2026-07-05 03:30:03] Aero: Day-of-Travel Monitoring
[2026-07-05 03:30:03] ======================================================================
[2026-07-05 03:30:03] 
✈️ Checking DL939 on 2026-07-05 11:20
[2026-07-05 03:30:03]   Status: scheduled
[2026-07-05 03:30:03]   Gate: 30A
[2026-07-05 03:30:03]   Terminal: N/A
[2026-07-05 03:30:03]   Delay: 0 minutes
[2026-07-05 03:30:03]   ✓ No changes detected
[2026-07-05 03:30:03] 
======================================================================
[2026-07-05 03:30:03] Summary: 1 flights checked, 0 alerts sent
[2026-07-05 03:30:03] ======================================================================
[2026-07-05 04:00:03] ✅ FlightAware client initialized
[2026-07-05 04:00:03] ======================================================================
[2026-07-05 04:00:03] Aero: Day-of-Travel Monitoring
[2026-07-05 04:00:03] ======================================================================
[2026-07-05 04:00:03] 
✈️ Checking DL939 on 2026-07-05 11:20
[2026-07-05 04:00:04] ✅ FlightAware client initialized
[2026-07-05 04:00:04] ======================================================================
[2026-07-05 04:00:04] Aero Travel Manager: Creating Travel Tasks
[2026-07-05 04:00:04] 2026-07-05 04:00:04
[2026-07-05 04:00:04] ======================================================================
[2026-07-05 04:00:04] Calendar loaded: 100 events
[2026-07-05 04:00:04]   Skipping non-Geoff placeholder: Mackenzie Hotel (US Grant, San Diego)
[2026-07-05 04:00:04]   Skipping non-Geoff placeholder: Stay at The US Grant, a Luxury Collection Hotel, San Diego
[2026-07-05 04:00:04] Found 20 travel events in next 60 days
[2026-07-05 04:00:04] Grouped into 2 trips
[2026-07-05 04:00:04] 
[2026-07-05 04:00:04]   Status: scheduled
[2026-07-05 04:00:04]   Gate: 30A
[2026-07-05 04:00:04]   Terminal: N/A
[2026-07-05 04:00:04]   Delay: 0 minutes
[2026-07-05 04:00:04]   ✓ No changes detected
[2026-07-05 04:00:04] 
======================================================================
[2026-07-05 04:00:04] Summary: 1 flights checked, 0 alerts sent
[2026-07-05 04:00:04] ======================================================================
[2026-07-05 04:00:10] Found 14 existing tasks
[2026-07-05 04:00:10] 
[2026-07-05 04:00:10]   ✓ Trip already processed (state): Tasks for Tahoe Trip on Jul 05 - DL939 GH5NZL
[2026-07-05 04:00:10]   ✓ Trip already processed (state): Tasks for San Francisco Trip on Aug 06 - DL1559
[2026-07-05 04:00:10] ======================================================================
[2026-07-05 04:00:10] SUMMARY: Created 0 tasks for 2 trips
[2026-07-05 04:00:10] ======================================================================
[2026-07-05 04:00:10] ======================================================================
[2026-07-05 04:00:10] Aero: Day-of-Travel Monitoring
[2026-07-05 04:00:10] ======================================================================
[2026-07-05 04:00:10] 
✈️ Checking DL939 on 2026-07-05 11:20
[2026-07-05 04:00:10]   Status: scheduled
[2026-07-05 04:00:10]   Gate: 30A
[2026-07-05 04:00:10]   Terminal: N/A
[2026-07-05 04:00:10]   Delay: 0 minutes
[2026-07-05 04:00:10]   ✓ No changes detected
[2026-07-05 04:00:10] 
======================================================================
[2026-07-05 04:00:10] Summary: 1 flights checked, 0 alerts sent
[2026-07-05 04:00:10] ======================================================================
[2026-07-05 04:30:03] ✅ FlightAware client initialized
[2026-07-05 04:30:03] ======================================================================
[2026-07-05 04:30:03] Aero: Day-of-Travel Monitoring
[2026-07-05 04:30:03] ======================================================================
[2026-07-05 04:30:03] 
✈️ Checking DL939 on 2026-07-05 11:20
[2026-07-05 04:30:03]   Status: scheduled
[2026-07-05 04:30:03]   Gate: 30A
[2026-07-05 04:30:03]   Terminal: N/A
[2026-07-05 04:30:03]   Delay: 0 minutes
[2026-07-05 04:30:03]   ✓ No changes detected
[2026-07-05 04:30:03] 
======================================================================
[2026-07-05 04:30:03] Summary: 1 flights checked, 0 alerts sent
[2026-07-05 04:30:03] ======================================================================
[2026-07-05 05:00:04] ✅ FlightAware client initialized
[2026-07-05 05:00:04] ======================================================================
[2026-07-05 05:00:04] Aero: Day-of-Travel Monitoring
[2026-07-05 05:00:04] ======================================================================
[2026-07-05 05:00:04] 
✈️ Checking DL939 on 2026-07-05 11:20
[2026-07-05 05:00:05]   Status: scheduled
[2026-07-05 05:00:05]   Gate: 30A
[2026-07-05 05:00:05]   Terminal: N/A
[2026-07-05 05:00:05]   Delay: 0 minutes
[2026-07-05 05:00:05]   ✓ No changes detected
[2026-07-05 05:00:05] 
======================================================================
[2026-07-05 05:00:05] Summary: 1 flights checked, 0 alerts sent
[2026-07-05 05:00:05] ======================================================================
[2026-07-05 05:30:03] ✅ FlightAware client initialized
[2026-07-05 05:30:03] ======================================================================
[2026-07-05 05:30:03] Aero: Day-of-Travel Monitoring
[2026-07-05 05:30:03] ======================================================================
[2026-07-05 05:30:03] 
✈️ Checking DL939 on 2026-07-05 11:20
[2026-07-05 05:30:03]   Status: scheduled
[2026-07-05 05:30:03]   Gate: 30A
[2026-07-05 05:30:03]   Terminal: N/A
[2026-07-05 05:30:03]   Delay: 0 minutes
[2026-07-05 05:30:03]   ✓ No changes detected
[2026-07-05 05:30:03] 
======================================================================
[2026-07-05 05:30:03] Summary: 1 flights checked, 0 alerts sent
[2026-07-05 05:30:03] ======================================================================
[2026-07-05 06:00:04] ✅ FlightAware client initialized
[2026-07-05 06:00:04] ======================================================================
[2026-07-05 06:00:04] Aero: Day-of-Travel Monitoring
[2026-07-05 06:00:04] ======================================================================
[2026-07-05 06:00:04] 
✈️ Checking DL939 on 2026-07-05 11:20
[2026-07-05 06:00:04]   Status: scheduled
[2026-07-05 06:00:04]   Gate: 30A
[2026-07-05 06:00:04]   Terminal: N/A
[2026-07-05 06:00:04]   Delay: 0 minutes
[2026-07-05 06:00:04]   ✓ No changes detected
[2026-07-05 06:00:04] 
======================================================================
[2026-07-05 06:00:04] Summary: 1 flights checked, 0 alerts sent
[2026-07-05 06:00:04] ======================================================================
[2026-07-05 06:30:03] ✅ FlightAware client initialized
[2026-07-05 06:30:03] ======================================================================
[2026-07-05 06:30:03] Aero: Day-of-Travel Monitoring
[2026-07-05 06:30:03] ======================================================================
[2026-07-05 06:30:03] 
✈️ Checking DL939 on 2026-07-05 11:20
[2026-07-05 06:30:03]   Status: scheduled
[2026-07-05 06:30:03]   Gate: 30A
[2026-07-05 06:30:03]   Terminal: N/A
[2026-07-05 06:30:03]   Delay: 0 minutes
[2026-07-05 06:30:03]   ✓ No changes detected
[2026-07-05 06:30:03] 
======================================================================
[2026-07-05 06:30:03] Summary: 1 flights checked, 0 alerts sent
[2026-07-05 06:30:03] ======================================================================
[2026-07-05 07:00:03] ✅ FlightAware client initialized
[2026-07-05 07:00:03] ======================================================================
[2026-07-05 07:00:03] Aero: Day-of-Travel Monitoring
[2026-07-05 07:00:03] ======================================================================
[2026-07-05 07:00:03] 
✈️ Checking DL939 on 2026-07-05 11:20
[2026-07-05 07:00:04]   Status: scheduled
[2026-07-05 07:00:04]   Gate: 30A
[2026-07-05 07:00:04]   Terminal: N/A
[2026-07-05 07:00:04]   Delay: 0 minutes
[2026-07-05 07:00:04]   ✓ No changes detected
[2026-07-05 07:00:04] 
======================================================================
[2026-07-05 07:00:04] Summary: 1 flights checked, 0 alerts sent
[2026-07-05 07:00:04] ======================================================================
[2026-07-05 07:30:02] ✅ FlightAware client initialized
[2026-07-05 07:30:02] ======================================================================
[2026-07-05 07:30:02] Aero: Day-of-Travel Monitoring
[2026-07-05 07:30:02] ======================================================================
[2026-07-05 07:30:02] 
✈️ Checking DL939 on 2026-07-05 11:20
[2026-07-05 07:30:03]   Status: scheduled
[2026-07-05 07:30:03]   Gate: 30A
[2026-07-05 07:30:03]   Terminal: N/A
[2026-07-05 07:30:03]   Delay: 0 minutes
[2026-07-05 07:30:03]   ✓ No changes detected
[2026-07-05 07:30:03] 
======================================================================
[2026-07-05 07:30:03] Summary: 1 flights checked, 0 alerts sent
[2026-07-05 07:30:03] ======================================================================
[2026-07-05 08:00:03] ✅ FlightAware client initialized
[2026-07-05 08:00:03] ======================================================================
[2026-07-05 08:00:03] Aero: Day-of-Travel Monitoring
[2026-07-05 08:00:03] ======================================================================
[2026-07-05 08:00:03] 
✈️ Checking DL939 on 2026-07-05 11:20
[2026-07-05 08:00:04]   Status: scheduled
[2026-07-05 08:00:04]   Gate: 30A
[2026-07-05 08:00:04]   Terminal: N/A
[2026-07-05 08:00:04]   Delay: 0 minutes
[2026-07-05 08:00:04]   🔔 1 alert(s) detected:
[2026-07-05 08:00:04]     - 🔄 ARRIVAL GATE CHANGE: Arrival gate changed from B32 to B38
[2026-07-05 08:00:05]   📧 Email alert sent
[2026-07-05 08:00:05] 
======================================================================
[2026-07-05 08:00:05] Summary: 1 flights checked, 1 alerts sent
[2026-07-05 08:00:05] ======================================================================
[2026-07-05 08:30:03] ✅ FlightAware client initialized
[2026-07-05 08:30:03] ======================================================================
[2026-07-05 08:30:03] Aero: Day-of-Travel Monitoring
[2026-07-05 08:30:03] ======================================================================
[2026-07-05 08:30:03] 
✈️ Checking DL939 on 2026-07-05 11:20
[2026-07-05 08:30:03]   Status: scheduled
[2026-07-05 08:30:03]   Gate: 30A
[2026-07-05 08:30:03]   Terminal: N/A
[2026-07-05 08:30:03]   Delay: 0 minutes
[2026-07-05 08:30:03]   ✓ No changes detected
[2026-07-05 08:30:03] 
======================================================================
[2026-07-05 08:30:03] Summary: 1 flights checked, 0 alerts sent
[2026-07-05 08:30:03] ======================================================================
[2026-07-05 09:00:04] ✅ FlightAware client initialized
[2026-07-05 09:00:04] ======================================================================
[2026-07-05 09:00:04] Aero: Day-of-Travel Monitoring
[2026-07-05 09:00:04] ======================================================================
[2026-07-05 09:00:04] 
✈️ Checking DL939 on 2026-07-05 11:20
[2026-07-05 09:00:04]   Status: scheduled
[2026-07-05 09:00:04]   Gate: 30A
[2026-07-05 09:00:04]   Terminal: N/A
[2026-07-05 09:00:04]   Delay: 0 minutes
[2026-07-05 09:00:04]   ✓ No changes detected
[2026-07-05 09:00:04] 
======================================================================
[2026-07-05 09:00:04] Summary: 1 flights checked, 0 alerts sent
[2026-07-05 09:00:04] ======================================================================
[2026-07-05 09:30:03] ✅ FlightAware client initialized
[2026-07-05 09:30:03] ======================================================================
[2026-07-05 09:30:03] Aero: Day-of-Travel Monitoring
[2026-07-05 09:30:03] ======================================================================
[2026-07-05 09:30:03] 
✈️ Checking DL939 on 2026-07-05 11:20
[2026-07-05 09:30:03]   Status: scheduled
[2026-07-05 09:30:03]   Gate: 30A
[2026-07-05 09:30:03]   Terminal: N/A
[2026-07-05 09:30:03]   Delay: 0 minutes
[2026-07-05 09:30:03]   ✓ No changes detected
[2026-07-05 09:30:03] 
======================================================================
[2026-07-05 09:30:03] Summary: 1 flights checked, 0 alerts sent
[2026-07-05 09:30:03] ======================================================================
[2026-07-05 10:00:04] ✅ FlightAware client initialized
[2026-07-05 10:00:04] ======================================================================
[2026-07-05 10:00:04] Aero: Day-of-Travel Monitoring
[2026-07-05 10:00:04] ======================================================================
[2026-07-05 10:00:04] 
✈️ Checking DL939 on 2026-07-05 11:20
[2026-07-05 10:00:04]   Status: scheduled
[2026-07-05 10:00:04]   Gate: 30A
[2026-07-05 10:00:04]   Terminal: N/A
[2026-07-05 10:00:04]   Delay: 0 minutes
[2026-07-05 10:00:04]   ✓ No changes detected
[2026-07-05 10:00:04] 
======================================================================
[2026-07-05 10:00:04] Summary: 1 flights checked, 0 alerts sent
[2026-07-05 10:00:04] ======================================================================
[2026-07-05 10:30:04] ✅ FlightAware client initialized
[2026-07-05 10:30:04] ======================================================================
[2026-07-05 10:30:04] Aero: Day-of-Travel Monitoring
[2026-07-05 10:30:04] ======================================================================
[2026-07-05 10:30:04] 
✈️ Checking DL939 on 2026-07-05 11:20
[2026-07-05 10:30:05]   Status: scheduled
[2026-07-05 10:30:05]   Gate: 30A
[2026-07-05 10:30:05]   Terminal: N/A
[2026-07-05 10:30:05]   Delay: 0 minutes
[2026-07-05 10:30:05]   ✓ No changes detected
[2026-07-05 10:30:05] 
======================================================================
[2026-07-05 10:30:05] Summary: 1 flights checked, 0 alerts sent
[2026-07-05 10:30:05] ======================================================================
[2026-07-05 11:00:04] ✅ FlightAware client initialized
[2026-07-05 11:00:04] ======================================================================
[2026-07-05 11:00:04] Aero: Day-of-Travel Monitoring
[2026-07-05 11:00:04] ======================================================================
[2026-07-05 11:00:04] 
✈️ Checking DL939 on 2026-07-05 11:20
[2026-07-05 11:00:04]   Status: scheduled
[2026-07-05 11:00:04]   Gate: 32A
[2026-07-05 11:00:04]   Terminal: N/A
[2026-07-05 11:00:04]   Delay: 0 minutes
[2026-07-05 11:00:04]   🔔 1 alert(s) detected:
[2026-07-05 11:00:04]     - 🔄 GATE CHANGE: Departure gate changed from 30A to 32A
[2026-07-05 11:00:05]   📧 Email alert sent
[2026-07-05 11:00:05] 
======================================================================
[2026-07-05 11:00:05] Summary: 1 flights checked, 1 alerts sent
[2026-07-05 11:00:05] ======================================================================
[2026-07-05 11:30:03] ✅ FlightAware client initialized
[2026-07-05 11:30:03] ======================================================================
[2026-07-05 11:30:03] Aero: Day-of-Travel Monitoring
[2026-07-05 11:30:03] ======================================================================
[2026-07-05 11:30:03] 
✈️ Checking DL939 on 2026-07-05 11:20
[2026-07-05 11:30:03]   Status: scheduled
[2026-07-05 11:30:03]   Gate: 32A
[2026-07-05 11:30:03]   Terminal: N/A
[2026-07-05 11:30:03]   Delay: 0 minutes
[2026-07-05 11:30:03]   ✓ No changes detected
[2026-07-05 11:30:03] 
======================================================================
[2026-07-05 11:30:03] Summary: 1 flights checked, 0 alerts sent
[2026-07-05 11:30:03] ======================================================================
[2026-07-05 12:00:04] ✅ FlightAware client initialized
[2026-07-05 12:00:04] ======================================================================
[2026-07-05 12:00:04] Aero: Day-of-Travel Monitoring
[2026-07-05 12:00:04] ======================================================================
[2026-07-05 12:00:04] 
✈️ Checking DL939 on 2026-07-05 11:20
[2026-07-05 12:00:04]   Status: scheduled
[2026-07-05 12:00:04]   Gate: 32A
[2026-07-05 12:00:04]   Terminal: N/A
[2026-07-05 12:00:04]   Delay: 0 minutes
[2026-07-05 12:00:04]   ✓ No changes detected
[2026-07-05 12:00:04] 
======================================================================
[2026-07-05 12:00:04] Summary: 1 flights checked, 0 alerts sent
[2026-07-05 12:00:04] ======================================================================
[2026-07-05 12:30:03] ✅ FlightAware client initialized
[2026-07-05 12:30:03] ======================================================================
[2026-07-05 12:30:03] Aero: Day-of-Travel Monitoring
[2026-07-05 12:30:03] ======================================================================
[2026-07-05 12:30:03] 
✈️ Checking DL939 on 2026-07-05 11:20
[2026-07-05 12:30:03]   Status: scheduled
[2026-07-05 12:30:03]   Gate: 32A
[2026-07-05 12:30:03]   Terminal: N/A
[2026-07-05 12:30:03]   Delay: 0 minutes
[2026-07-05 12:30:03]   ✓ No changes detected
[2026-07-05 12:30:03] 
======================================================================
[2026-07-05 12:30:03] Summary: 1 flights checked, 0 alerts sent
[2026-07-05 12:30:03] ======================================================================
[2026-07-05 13:00:04] ✅ FlightAware client initialized
[2026-07-05 13:00:04] ======================================================================
[2026-07-05 13:00:04] Aero: Day-of-Travel Monitoring
[2026-07-05 13:00:04] ======================================================================
[2026-07-05 13:00:04] 
✈️ Checking DL939 on 2026-07-05 11:20
[2026-07-05 13:00:05]   Status: scheduled
[2026-07-05 13:00:05]   Gate: 32A
[2026-07-05 13:00:05]   Terminal: N/A
[2026-07-05 13:00:05]   Delay: 0 minutes
[2026-07-05 13:00:05]   ✓ No changes detected
[2026-07-05 13:00:05] 
======================================================================
[2026-07-05 13:00:05] Summary: 1 flights checked, 0 alerts sent
[2026-07-05 13:00:05] ======================================================================
[2026-07-05 13:30:03] ✅ FlightAware client initialized
[2026-07-05 13:30:03] ======================================================================
[2026-07-05 13:30:03] Aero: Day-of-Travel Monitoring
[2026-07-05 13:30:03] ======================================================================
[2026-07-05 13:30:03] 
✈️ Checking DL939 on 2026-07-05 11:20
[2026-07-05 13:30:03]   Status: scheduled
[2026-07-05 13:30:03]   Gate: 32A
[2026-07-05 13:30:03]   Terminal: N/A
[2026-07-05 13:30:03]   Delay: 0 minutes
[2026-07-05 13:30:03]   ✓ No changes detected
[2026-07-05 13:30:03] 
======================================================================
[2026-07-05 13:30:03] Summary: 1 flights checked, 0 alerts sent
[2026-07-05 13:30:03] ======================================================================
[2026-07-05 14:00:04] ✅ FlightAware client initialized
[2026-07-05 14:00:04] ======================================================================
[2026-07-05 14:00:04] Aero: Day-of-Travel Monitoring
[2026-07-05 14:00:04] ======================================================================
[2026-07-05 14:00:04] 
✈️ Checking DL939 on 2026-07-05 11:20
[2026-07-05 14:00:04]   Status: scheduled
[2026-07-05 14:00:04]   Gate: 32A
[2026-07-05 14:00:04]   Terminal: N/A
[2026-07-05 14:00:04]   Delay: 20 minutes
[2026-07-05 14:00:04]   🔔 1 alert(s) detected:
[2026-07-05 14:00:04]     - ⏰ DELAY ALERT: Flight delayed by 20 minutes
[2026-07-05 14:00:06]   📧 Email alert sent
[2026-07-05 14:00:06] 
======================================================================
[2026-07-05 14:00:06] Summary: 1 flights checked, 1 alerts sent
[2026-07-05 14:00:06] ======================================================================
[2026-07-05 14:30:03] ✅ FlightAware client initialized
[2026-07-05 14:30:03] ======================================================================
[2026-07-05 14:30:03] Aero: Day-of-Travel Monitoring
[2026-07-05 14:30:03] ======================================================================
[2026-07-05 14:30:03] 
✈️ Checking DL939 on 2026-07-05 11:20
[2026-07-05 14:30:03]   Status: scheduled
[2026-07-05 14:30:03]   Gate: 32A
[2026-07-05 14:30:03]   Terminal: N/A
[2026-07-05 14:30:03]   Delay: 20 minutes
[2026-07-05 14:30:03]   ✓ No changes detected
[2026-07-05 14:30:03] 
======================================================================
[2026-07-05 14:30:03] Summary: 1 flights checked, 0 alerts sent
[2026-07-05 14:30:03] ======================================================================
[2026-07-05 15:00:03] ✅ FlightAware client initialized
[2026-07-05 15:00:03] ======================================================================
[2026-07-05 15:00:03] Aero: Day-of-Travel Monitoring
[2026-07-05 15:00:03] ======================================================================
[2026-07-05 15:00:03] 
✈️ Checking DL939 on 2026-07-05 11:20
[2026-07-05 15:00:04]   Status: scheduled
[2026-07-05 15:00:04]   Gate: 32A
[2026-07-05 15:00:04]   Terminal: N/A
[2026-07-05 15:00:04]   Delay: 20 minutes
[2026-07-05 15:00:04]   ✓ No changes detected
[2026-07-05 15:00:04] 
======================================================================
[2026-07-05 15:00:04] Summary: 1 flights checked, 0 alerts sent
[2026-07-05 15:00:04] ======================================================================
[2026-07-05 15:30:03] ✅ FlightAware client initialized
[2026-07-05 15:30:03] ======================================================================
[2026-07-05 15:30:03] Aero: Day-of-Travel Monitoring
[2026-07-05 15:30:03] ======================================================================
[2026-07-05 15:30:03] 
✈️ Checking DL939 on 2026-07-05 11:20
[2026-07-05 15:30:03]   Status: cancelled
[2026-07-05 15:30:03]   Gate: 32A
[2026-07-05 15:30:03]   Terminal: N/A
[2026-07-05 15:30:03]   Delay: 20 minutes
[2026-07-05 15:30:03]   🔔 1 alert(s) detected:
[2026-07-05 15:30:03]     - 🚨 FLIGHT CANCELLED: DL939 has been cancelled
[2026-07-05 15:30:04]   📧 Email alert sent
[2026-07-05 15:30:04] 
======================================================================
[2026-07-05 15:30:04] Summary: 1 flights checked, 1 alerts sent
[2026-07-05 15:30:04] ======================================================================
[2026-07-05 16:00:05] ✅ FlightAware client initialized
[2026-07-05 16:00:05] ======================================================================
[2026-07-05 16:00:05] Aero: Day-of-Travel Monitoring
[2026-07-05 16:00:05] ======================================================================
[2026-07-05 16:00:05] 
✈️ Checking DL939 on 2026-07-05 11:20
[2026-07-05 16:00:05] ✅ FlightAware client initialized
[2026-07-05 16:00:05] ======================================================================
[2026-07-05 16:00:05] Aero Travel Manager: Creating Travel Tasks
[2026-07-05 16:00:05] 2026-07-05 16:00:05
[2026-07-05 16:00:05] ======================================================================
[2026-07-05 16:00:05] Calendar loaded: 100 events
[2026-07-05 16:00:06]   Skipping non-Geoff placeholder: Mackenzie Hotel (US Grant, San Diego)
[2026-07-05 16:00:06]   Skipping non-Geoff placeholder: Stay at The US Grant, a Luxury Collection Hotel, San Diego
[2026-07-05 16:00:06] Found 20 travel events in next 60 days
[2026-07-05 16:00:06] Grouped into 2 trips
[2026-07-05 16:00:06] 
[2026-07-05 16:00:06]   Status: cancelled
[2026-07-05 16:00:06]   Gate: 32A
[2026-07-05 16:00:06]   Terminal: N/A
[2026-07-05 16:00:06]   Delay: 20 minutes
[2026-07-05 16:00:06]   ✓ No changes detected
[2026-07-05 16:00:06] 
======================================================================
[2026-07-05 16:00:06] Summary: 1 flights checked, 0 alerts sent
[2026-07-05 16:00:06] ======================================================================
[2026-07-05 16:00:11] Found 14 existing tasks
[2026-07-05 16:00:11] 
[2026-07-05 16:00:11]   ✓ Trip already processed (state): Tasks for Tahoe Trip on Jul 05 - DL939 GH5NZL
[2026-07-05 16:00:11]   ✓ Trip already processed (state): Tasks for San Francisco Trip on Aug 06 - DL1559
[2026-07-05 16:00:11] ======================================================================
[2026-07-05 16:00:11] SUMMARY: Created 0 tasks for 2 trips
[2026-07-05 16:00:11] ======================================================================
[2026-07-05 16:00:11] ======================================================================
[2026-07-05 16:00:11] Aero: Day-of-Travel Monitoring
[2026-07-05 16:00:11] ======================================================================
[2026-07-05 16:00:11] 
✈️ Checking DL939 on 2026-07-05 11:20
[2026-07-05 16:00:11]   Status: cancelled
[2026-07-05 16:00:11]   Gate: 32A
[2026-07-05 16:00:11]   Terminal: N/A
[2026-07-05 16:00:11]   Delay: 20 minutes
[2026-07-05 16:00:11]   ✓ No changes detected
[2026-07-05 16:00:11] 
======================================================================
[2026-07-05 16:00:11] Summary: 1 flights checked, 0 alerts sent
[2026-07-05 16:00:11] ======================================================================
[2026-07-05 16:05:03] ✅ FlightAware client initialized
[2026-07-05 16:05:03] ======================================================================
[2026-07-05 16:05:03] Aero Travel Manager: Creating Travel Tasks
[2026-07-05 16:05:03] 2026-07-05 16:05:03
[2026-07-05 16:05:03] ======================================================================
[2026-07-05 16:05:03] Calendar loaded: 100 events
[2026-07-05 16:05:03]   Skipping non-Geoff placeholder: Mackenzie Hotel (US Grant, San Diego)
[2026-07-05 16:05:03]   Skipping non-Geoff placeholder: Stay at The US Grant, a Luxury Collection Hotel, San Diego
[2026-07-05 16:05:03] Found 20 travel events in next 60 days
[2026-07-05 16:05:03] Grouped into 2 trips
[2026-07-05 16:05:03] 
[2026-07-05 16:05:05] Found 14 existing tasks
[2026-07-05 16:05:05] 
[2026-07-05 16:05:05]   ✓ Trip already processed (state): Tasks for Tahoe Trip on Jul 05 - DL939 GH5NZL
[2026-07-05 16:05:05]   ✓ Trip already processed (state): Tasks for San Francisco Trip on Aug 06 - DL1559
[2026-07-05 16:05:05] ======================================================================
[2026-07-05 16:05:05] SUMMARY: Created 0 tasks for 2 trips
[2026-07-05 16:05:05] ======================================================================
[2026-07-05 16:05:05] ======================================================================
[2026-07-05 16:05:05] Aero: Day-of-Travel Monitoring
[2026-07-05 16:05:05] ======================================================================
[2026-07-05 16:05:05] 
✈️ Checking DL939 on 2026-07-05 11:20
[2026-07-05 16:05:05]   Status: cancelled
[2026-07-05 16:05:05]   Gate: 32A
[2026-07-05 16:05:05]   Terminal: N/A
[2026-07-05 16:05:05]   Delay: 20 minutes
[2026-07-05 16:05:05]   ✓ No changes detected
[2026-07-05 16:05:05] 
======================================================================
[2026-07-05 16:05:05] Summary: 1 flights checked, 0 alerts sent
[2026-07-05 16:05:05] ======================================================================
[2026-07-05 16:30:02] ✅ FlightAware client initialized
[2026-07-05 16:30:02] ======================================================================
[2026-07-05 16:30:02] Aero: Day-of-Travel Monitoring
[2026-07-05 16:30:02] ======================================================================
[2026-07-05 16:30:02] 
✈️ Checking DL939 on 2026-07-05 11:20
[2026-07-05 16:30:03] FlightAware API error: 503 Server Error: Service Unavailable for url: https://aeroapi.flightaware.com/aeroapi/flights/DL939?start=2026-07-05T00:00:00Z&end=2026-07-05T23:59:59Z
[2026-07-05 16:30:03]   Could not fetch status from FlightAware
[2026-07-05 16:30:03] 
======================================================================
[2026-07-05 16:30:03] Summary: 1 flights checked, 0 alerts sent
[2026-07-05 16:30:03] ======================================================================
[2026-07-05 17:00:03] ✅ FlightAware client initialized
[2026-07-05 17:00:03] ======================================================================
[2026-07-05 17:00:03] Aero: Day-of-Travel Monitoring
[2026-07-05 17:00:03] ======================================================================
[2026-07-05 17:00:03] 
✈️ Checking DL939 on 2026-07-05 11:20
[2026-07-05 17:00:04]   Status: cancelled
[2026-07-05 17:00:04]   Gate: 32A
[2026-07-05 17:00:04]   Terminal: N/A
[2026-07-05 17:00:04]   Delay: 20 minutes
[2026-07-05 17:00:04]   ✓ No changes detected
[2026-07-05 17:00:04] 
======================================================================
[2026-07-05 17:00:04] Summary: 1 flights checked, 0 alerts sent
[2026-07-05 17:00:04] ======================================================================
[2026-07-05 17:30:03] ✅ FlightAware client initialized
[2026-07-05 17:30:03] ======================================================================
[2026-07-05 17:30:03] Aero: Day-of-Travel Monitoring
[2026-07-05 17:30:03] ======================================================================
[2026-07-05 17:30:03] 
✈️ Checking DL939 on 2026-07-05 11:20
[2026-07-05 17:30:04]   Status: cancelled
[2026-07-05 17:30:04]   Gate: 32A
[2026-07-05 17:30:04]   Terminal: N/A
[2026-07-05 17:30:04]   Delay: 20 minutes
[2026-07-05 17:30:04]   ✓ No changes detected
[2026-07-05 17:30:04] 
======================================================================
[2026-07-05 17:30:04] Summary: 1 flights checked, 0 alerts sent
[2026-07-05 17:30:04] ======================================================================
[2026-07-05 18:00:04] ✅ FlightAware client initialized
[2026-07-05 18:00:04] ======================================================================
[2026-07-05 18:00:04] Aero: Day-of-Travel Monitoring
[2026-07-05 18:00:04] ======================================================================
[2026-07-05 18:00:04] 
✈️ Checking DL939 on 2026-07-05 11:20
[2026-07-05 18:00:04]   Status: cancelled
[2026-07-05 18:00:04]   Gate: 32A
[2026-07-05 18:00:04]   Terminal: N/A
[2026-07-05 18:00:04]   Delay: 20 minutes
[2026-07-05 18:00:04]   ✓ No changes detected
[2026-07-05 18:00:04] 
======================================================================
[2026-07-05 18:00:04] Summary: 1 flights checked, 0 alerts sent
[2026-07-05 18:00:04] ======================================================================
[2026-07-05 18:30:03] ✅ FlightAware client initialized
[2026-07-05 18:30:03] ======================================================================
[2026-07-05 18:30:03] Aero: Day-of-Travel Monitoring
[2026-07-05 18:30:03] ======================================================================
[2026-07-05 18:30:03] 
✈️ Checking DL939 on 2026-07-05 11:20
[2026-07-05 18:30:03]   Status: cancelled
[2026-07-05 18:30:03]   Gate: 32A
[2026-07-05 18:30:03]   Terminal: N/A
[2026-07-05 18:30:03]   Delay: 20 minutes
[2026-07-05 18:30:03]   ✓ No changes detected
[2026-07-05 18:30:03] 
✈️ Checking DL939 on 2026-07-05 11:20
[2026-07-05 18:30:04]   Status: cancelled
[2026-07-05 18:30:04]   Gate: 32A
[2026-07-05 18:30:04]   Terminal: N/A
[2026-07-05 18:30:04]   Delay: 20 minutes
[2026-07-05 18:30:04]   ✓ No changes detected
[2026-07-05 18:30:04] 
======================================================================
[2026-07-05 18:30:04] Summary: 2 flights checked, 0 alerts sent
[2026-07-05 18:30:04] ======================================================================
[2026-07-05 19:00:03] ✅ FlightAware client initialized
[2026-07-05 19:00:03] ======================================================================
[2026-07-05 19:00:03] Aero: Day-of-Travel Monitoring
[2026-07-05 19:00:03] ======================================================================
[2026-07-05 19:00:03] 
✈️ Checking DL939 on 2026-07-05 11:20
[2026-07-05 19:00:04]   Status: cancelled
[2026-07-05 19:00:04]   Gate: 32A
[2026-07-05 19:00:04]   Terminal: N/A
[2026-07-05 19:00:04]   Delay: 20 minutes
[2026-07-05 19:00:04]   ✓ No changes detected
[2026-07-05 19:00:04] 
✈️ Checking DL939 on 2026-07-05 11:20
[2026-07-05 19:00:04]   Status: cancelled
[2026-07-05 19:00:04]   Gate: 32A
[2026-07-05 19:00:04]   Terminal: N/A
[2026-07-05 19:00:04]   Delay: 20 minutes
[2026-07-05 19:00:04]   ✓ No changes detected
[2026-07-05 19:00:04] 
======================================================================
[2026-07-05 19:00:04] Summary: 2 flights checked, 0 alerts sent
[2026-07-05 19:00:04] ======================================================================
[2026-07-05 19:30:03] ✅ FlightAware client initialized
[2026-07-05 19:30:03] ======================================================================
[2026-07-05 19:30:03] Aero: Day-of-Travel Monitoring
[2026-07-05 19:30:03] ======================================================================
[2026-07-05 19:30:03] 
✈️ Checking DL939 on 2026-07-05 11:20
[2026-07-05 19:30:03]   Status: cancelled
[2026-07-05 19:30:03]   Gate: 32A
[2026-07-05 19:30:03]   Terminal: N/A
[2026-07-05 19:30:03]   Delay: 20 minutes
[2026-07-05 19:30:03]   ✓ No changes detected
[2026-07-05 19:30:03] 
✈️ Checking DL939 on 2026-07-05 11:20
[2026-07-05 19:30:04]   Status: cancelled
[2026-07-05 19:30:04]   Gate: 32A
[2026-07-05 19:30:04]   Terminal: N/A
[2026-07-05 19:30:04]   Delay: 20 minutes
[2026-07-05 19:30:04]   ✓ No changes detected
[2026-07-05 19:30:04] 
======================================================================
[2026-07-05 19:30:04] Summary: 2 flights checked, 0 alerts sent
[2026-07-05 19:30:04] ======================================================================
[2026-07-05 20:00:03] ✅ FlightAware client initialized
[2026-07-05 20:00:03] ======================================================================
[2026-07-05 20:00:03] Aero: Day-of-Travel Monitoring
[2026-07-05 20:00:03] ======================================================================
[2026-07-05 20:00:03] 
✈️ Checking DL939 on 2026-07-05 11:20
[2026-07-05 20:00:03]   Status: cancelled
[2026-07-05 20:00:03]   Gate: 32A
[2026-07-05 20:00:03]   Terminal: N/A
[2026-07-05 20:00:03]   Delay: 20 minutes
[2026-07-05 20:00:03]   ✓ No changes detected
[2026-07-05 20:00:03] 
✈️ Checking DL939 on 2026-07-05 11:20
[2026-07-05 20:00:04]   Status: cancelled
[2026-07-05 20:00:04]   Gate: 32A
[2026-07-05 20:00:04]   Terminal: N/A
[2026-07-05 20:00:04]   Delay: 20 minutes
[2026-07-05 20:00:04]   ✓ No changes detected
[2026-07-05 20:00:04] 
======================================================================
[2026-07-05 20:00:04] Summary: 2 flights checked, 0 alerts sent
[2026-07-05 20:00:04] ======================================================================
[2026-07-05 20:01:02] ✅ FlightAware client initialized
[2026-07-05 20:01:02] ======================================================================
[2026-07-05 20:01:02] Aero: Day-of-Travel Monitoring
[2026-07-05 20:01:02] ======================================================================
[2026-07-05 20:01:02] 
✈️ Checking DL939 on 2026-07-05 11:20
[2026-07-05 20:01:02]   Status: cancelled
[2026-07-05 20:01:02]   Gate: 32A
[2026-07-05 20:01:02]   Terminal: N/A
[2026-07-05 20:01:02]   Delay: 20 minutes
[2026-07-05 20:01:02]   ✓ No changes detected
[2026-07-05 20:01:02] 
✈️ Checking DL939 on 2026-07-05 11:20
[2026-07-05 20:01:02]   Status: cancelled
[2026-07-05 20:01:02]   Gate: 32A
[2026-07-05 20:01:02]   Terminal: N/A
[2026-07-05 20:01:02]   Delay: 20 minutes
[2026-07-05 20:01:02]   ✓ No changes detected
[2026-07-05 20:01:02] 
======================================================================
[2026-07-05 20:01:02] Summary: 2 flights checked, 0 alerts sent
[2026-07-05 20:01:02] ======================================================================
[2026-07-05 20:01:03] ✅ FlightAware client initialized
[2026-07-05 20:01:03] ======================================================================
[2026-07-05 20:01:03] Aero Travel Manager: Creating Travel Tasks
[2026-07-05 20:01:03] 2026-07-05 20:01:03
[2026-07-05 20:01:03] ======================================================================
[2026-07-05 20:01:03] Calendar loaded: 100 events
[2026-07-05 20:01:03]   Skipping non-Geoff placeholder: Mackenzie Hotel (US Grant, San Diego)
[2026-07-05 20:01:03]   Skipping non-Geoff placeholder: Stay at LC THE US GRANT, SAN DIEGO
[2026-07-05 20:01:03]   Skipping non-Geoff placeholder: Stay at The US Grant, a Luxury Collection Hotel, San Diego
[2026-07-05 20:01:03] Found 22 travel events in next 60 days
[2026-07-05 20:01:03] Grouped into 3 trips
[2026-07-05 20:01:03] 
[2026-07-05 20:01:04] Found 0 existing tasks
[2026-07-05 20:01:04] 
[2026-07-05 20:01:04] Creating: Tasks for 30100 Agoura Road Trip on Jul 04
[2026-07-05 20:01:05]   Failed to create: Tasks for 30100 Agoura Road Trip on Jul 04 - Error: HTTP 401: Unauthorized

[2026-07-05 20:01:05]   Could not create main task
[2026-07-05 20:01:05]   ✓ Trip already processed (state): Tasks for Tahoe Trip on Jul 05 - DL939 GH5NZL
[2026-07-05 20:01:05]   ✓ Trip already processed (state): Tasks for San Francisco Trip on Aug 06 - DL1559
[2026-07-05 20:01:05] ======================================================================
[2026-07-05 20:01:05] SUMMARY: Created 0 tasks for 3 trips
[2026-07-05 20:01:05] ======================================================================
[2026-07-05 20:06:51] ✅ FlightAware client initialized
[2026-07-05 20:06:51] ======================================================================
[2026-07-05 20:06:51] Aero Travel Manager: Creating Travel Tasks
[2026-07-05 20:06:51] 2026-07-05 20:06:51
[2026-07-05 20:06:51] ======================================================================
[2026-07-05 20:06:51] Calendar loaded: 9 events
[2026-07-05 20:06:51]   Skipping non-Geoff placeholder: Mackenzie Hotel (US Grant, San Diego)
[2026-07-05 20:06:51]   Skipping non-Geoff placeholder: Stay at LC THE US GRANT, SAN DIEGO
[2026-07-05 20:06:51]   Skipping non-Geoff placeholder: Stay at The US Grant, a Luxury Collection Hotel, San Diego
[2026-07-05 20:06:51] Found 5 travel events in next 60 days
[2026-07-05 20:06:51] Grouped into 3 trips
[2026-07-05 20:06:51] 
[2026-07-05 20:06:52] Found 14 existing tasks
[2026-07-05 20:06:52] 
[2026-07-05 20:06:52] Creating: Tasks for 30100 Agoura Road Trip on Jul 04
[2026-07-05 20:06:55]   Created: └── 🧳 Pack (due 2026-07-03)
[2026-07-05 20:06:56]   Created: └── 🏢 Contact Marriott Ambassador (due 2026-06-27)
[2026-07-05 20:06:58]   Created: └── 🔎 Confirm flights, hotel, and ground transport for 30100 (due today)
[2026-07-05 20:06:58]   Marked trip as processed: Stay at Sheraton Agoura Hills Hotel_2026-07-04
[2026-07-05 20:06:58] 
[2026-07-05 20:06:58]   ✓ Trip already processed (state): Tasks for Kennedy Intl Trip on Jul 05 - DL939 GH5NZL
[2026-07-05 20:06:58]   ✓ Trip already processed (state): Tasks for NYC Trip on Jul 06
[2026-07-05 20:06:58] ======================================================================
[2026-07-05 20:06:58] SUMMARY: Created 4 tasks for 3 trips
[2026-07-05 20:06:58] ======================================================================
[2026-07-05 20:09:02] ✅ FlightAware client initialized
[2026-07-05 20:09:02] ======================================================================
[2026-07-05 20:09:02] Aero Travel Manager: Creating Travel Tasks
[2026-07-05 20:09:02] 2026-07-05 20:09:02
[2026-07-05 20:09:02] ======================================================================
[2026-07-05 20:09:02] Calendar loaded: 9 events
[2026-07-05 20:09:02]   Skipping non-Geoff placeholder: Mackenzie Hotel (US Grant, San Diego)
[2026-07-05 20:09:02]   Skipping non-Geoff placeholder: Stay at LC THE US GRANT, SAN DIEGO
[2026-07-05 20:09:02]   Skipping non-Geoff placeholder: Stay at The US Grant, a Luxury Collection Hotel, San Diego
[2026-07-05 20:09:02] Found 5 travel events in next 60 days
[2026-07-05 20:09:02] Grouped into 3 trips
[2026-07-05 20:09:02] 
[2026-07-05 20:09:04] Found 17 existing tasks
[2026-07-05 20:09:04] 
[2026-07-05 20:09:04]   ✓ Trip already processed (state): Tasks for 30100 Agoura Road Trip on Jul 04
[2026-07-05 20:09:04] Creating: Tasks for Kennedy Intl Trip on Jul 05 - DL939 GH5NZL
[2026-07-05 20:09:07]   Created: └── 🧳 Pack (due 2026-07-04)
[2026-07-05 20:09:09]   Created: └── 🏢 Contact Marriott Ambassador (due 2026-06-28)
[2026-07-05 20:09:10]   Created: └── 🐕 Schedule Rover (due today)
[2026-07-05 20:09:11]   Created: └── 🚗 Schedule Uber TO airport for DL939 to New York (due 2026-07-02)
[2026-07-05 20:09:12]   Created: └── 🚗 Schedule Uber TO airport for DL939 to Kennedy Intl (due 2026-07-02)
[2026-07-05 20:09:12]   Marked trip as processed: Geoffrey Clapp - Delta Air Lines 939 - departs 11:20 AM local time - Confirmation code: GH5NZL_2026-07-05T11:20:00-07:00
[2026-07-05 20:09:12] 
[2026-07-05 20:09:12]   ✓ Trip already processed (state): Tasks for NYC Trip on Jul 06
[2026-07-05 20:09:12] ======================================================================
[2026-07-05 20:09:12] SUMMARY: Created 6 tasks for 3 trips
[2026-07-05 20:09:12] ======================================================================
[2026-07-05 20:10:34] ✅ FlightAware client initialized
[2026-07-05 20:10:34] ======================================================================
[2026-07-05 20:10:34] Aero Travel Manager: Creating Travel Tasks
[2026-07-05 20:10:34] 2026-07-05 20:10:34
[2026-07-05 20:10:34] ======================================================================
[2026-07-05 20:10:34] Calendar loaded: 9 events
[2026-07-05 20:10:34]   Skipping non-Geoff placeholder: Mackenzie Hotel (US Grant, San Diego)
[2026-07-05 20:10:34]   Skipping non-Geoff placeholder: Stay at LC THE US GRANT, SAN DIEGO
[2026-07-05 20:10:34]   Skipping non-Geoff placeholder: Stay at The US Grant, a Luxury Collection Hotel, San Diego
[2026-07-05 20:10:34] Found 5 travel events in next 60 days
[2026-07-05 20:10:34] Grouped into 3 trips
[2026-07-05 20:10:34] 
[2026-07-05 20:10:35] Found 14 existing tasks
[2026-07-05 20:10:35] 
[2026-07-05 20:10:35]   ✓ Trip already processed (state): Tasks for 30100 Agoura Road Trip on Jul 04
[2026-07-05 20:10:35]   ✓ Trip already processed (state): Tasks for Kennedy Intl Trip on Jul 05 - DL938 GH5NZL
[2026-07-05 20:10:35]   ✓ Trip already processed (state): Tasks for NYC Trip on Jul 06
[2026-07-05 20:10:35] ======================================================================
[2026-07-05 20:10:35] SUMMARY: Created 0 tasks for 3 trips
[2026-07-05 20:10:35] ======================================================================
[2026-07-05 20:10:44] ✅ FlightAware client initialized
[2026-07-05 20:10:44] ======================================================================
[2026-07-05 20:10:44] Aero Travel Manager: Creating Travel Tasks
[2026-07-05 20:10:44] 2026-07-05 20:10:44
[2026-07-05 20:10:44] ======================================================================
[2026-07-05 20:10:44] Calendar loaded: 9 events
[2026-07-05 20:10:44]   Skipping non-Geoff placeholder: Mackenzie Hotel (US Grant, San Diego)
[2026-07-05 20:10:44]   Skipping non-Geoff placeholder: Stay at LC THE US GRANT, SAN DIEGO
[2026-07-05 20:10:44]   Skipping non-Geoff placeholder: Stay at The US Grant, a Luxury Collection Hotel, San Diego
[2026-07-05 20:10:44] Found 5 travel events in next 60 days
[2026-07-05 20:10:44] Grouped into 3 trips
[2026-07-05 20:10:44] 
[2026-07-05 20:10:45] Found 14 existing tasks
[2026-07-05 20:10:45] 
[2026-07-05 20:10:45]   ✓ Trip already processed (state): Tasks for 30100 Agoura Road Trip on Jul 04
[2026-07-05 20:10:45] Creating: Tasks for Kennedy Intl Trip on Jul 05 - DL938 GH5NZL
[2026-07-05 20:10:48]   Created: └── 🧳 Pack (due 2026-07-04)
[2026-07-05 20:10:49]   Created: └── 🏢 Contact Marriott Ambassador (due 2026-06-28)
[2026-07-05 20:10:50]   Created: └── 🐕 Schedule Rover (due today)
[2026-07-05 20:10:51]   Created: └── 🚗 Schedule Uber TO airport for DL938 to New York (due 2026-07-02)
[2026-07-05 20:10:53]   Created: └── 🚗 Schedule Uber TO airport for DL938 to Kennedy Intl (due 2026-07-02)
[2026-07-05 20:10:53]   Marked trip as processed: Geoffrey Clapp - Delta Air Lines 938 - departs 3:15 PM local time - Confirmation code: GH5NZL_2026-07-05T15:15:00-07:00
[2026-07-05 20:10:53] 
[2026-07-05 20:10:53]   ✓ Trip already processed (state): Tasks for NYC Trip on Jul 06
[2026-07-05 20:10:53] ======================================================================
[2026-07-05 20:10:53] SUMMARY: Created 6 tasks for 3 trips
[2026-07-05 20:10:53] ======================================================================
[2026-07-05 20:12:22] ✅ FlightAware client initialized
[2026-07-05 20:12:22] ======================================================================
[2026-07-05 20:12:22] Aero Travel Manager: Creating Travel Tasks
[2026-07-05 20:12:22] 2026-07-05 20:12:22
[2026-07-05 20:12:22] ======================================================================
[2026-07-05 20:12:22] Calendar loaded: 10 events
[2026-07-05 20:12:22]   Skipping non-Geoff placeholder: Mackenzie Hotel (US Grant, San Diego)
[2026-07-05 20:12:22]   Skipping non-Geoff placeholder: Stay at LC THE US GRANT, SAN DIEGO
[2026-07-05 20:12:22]   Skipping non-Geoff placeholder: Stay at The US Grant, a Luxury Collection Hotel, San Diego
[2026-07-05 20:12:22] Found 6 travel events in next 60 days
[2026-07-05 20:12:22] Grouped into 3 trips
[2026-07-05 20:12:22] 
[2026-07-05 20:12:23] Found 18 existing tasks
[2026-07-05 20:12:23] 
[2026-07-05 20:12:23]   ✓ Trip already processed (state): Tasks for 30100 Agoura Road Trip on Jul 04
[2026-07-05 20:12:23]   ✓ Trip already processed (state): Tasks for NYC Trip on Jul 05 - DL938 GH5NZL
[2026-07-05 20:12:23]   ✓ Trip already processed (state): Tasks for NYC Trip on Jul 06
[2026-07-05 20:12:23] ======================================================================
[2026-07-05 20:12:23] SUMMARY: Created 0 tasks for 3 trips
[2026-07-05 20:12:23] ======================================================================
[2026-07-05 20:30:03] ✅ FlightAware client initialized
[2026-07-05 20:30:03] ======================================================================
[2026-07-05 20:30:03] Aero: Day-of-Travel Monitoring
[2026-07-05 20:30:03] ======================================================================
[2026-07-05 20:30:03] 
✈️ Checking DL938 on 2026-07-05 15:15
[2026-07-05 20:30:03]   Status: scheduled
[2026-07-05 20:30:03]   Gate: 31A
[2026-07-05 20:30:03]   Terminal: N/A
[2026-07-05 20:30:03]   Delay: 0 minutes
[2026-07-05 20:30:03]   ✓ No changes detected
[2026-07-05 20:30:03] 
✈️ Checking DL938 on 2026-07-05 15:15
[2026-07-05 20:30:03]   Status: scheduled
[2026-07-05 20:30:03]   Gate: 31A
[2026-07-05 20:30:03]   Terminal: N/A
[2026-07-05 20:30:03]   Delay: 0 minutes
[2026-07-05 20:30:03]   ✓ No changes detected
[2026-07-05 20:30:03] 
======================================================================
[2026-07-05 20:30:03] Summary: 2 flights checked, 0 alerts sent
[2026-07-05 20:30:03] ======================================================================
[2026-07-05 21:00:03] ✅ FlightAware client initialized
[2026-07-05 21:00:03] ======================================================================
[2026-07-05 21:00:03] Aero: Day-of-Travel Monitoring
[2026-07-05 21:00:03] ======================================================================
[2026-07-05 21:00:03] 
✈️ Checking DL938 on 2026-07-05 15:15
[2026-07-05 21:00:04]   Status: scheduled
[2026-07-05 21:00:04]   Gate: 31A
[2026-07-05 21:00:04]   Terminal: N/A
[2026-07-05 21:00:04]   Delay: 0 minutes
[2026-07-05 21:00:04]   ✓ No changes detected
[2026-07-05 21:00:04] 
✈️ Checking DL938 on 2026-07-05 15:15
[2026-07-05 21:00:04]   Status: scheduled
[2026-07-05 21:00:04]   Gate: 31A
[2026-07-05 21:00:04]   Terminal: N/A
[2026-07-05 21:00:04]   Delay: 0 minutes
[2026-07-05 21:00:04]   ✓ No changes detected
[2026-07-05 21:00:04] 
======================================================================
[2026-07-05 21:00:04] Summary: 2 flights checked, 0 alerts sent
[2026-07-05 21:00:04] ======================================================================
[2026-07-05 21:30:03] ✅ FlightAware client initialized
[2026-07-05 21:30:03] ======================================================================
[2026-07-05 21:30:03] Aero: Day-of-Travel Monitoring
[2026-07-05 21:30:03] ======================================================================
[2026-07-05 21:30:03] 
✈️ Checking DL938 on 2026-07-05 15:15
[2026-07-05 21:30:03]   Status: scheduled
[2026-07-05 21:30:03]   Gate: 31A
[2026-07-05 21:30:03]   Terminal: N/A
[2026-07-05 21:30:03]   Delay: 0 minutes
[2026-07-05 21:30:03]   ✓ No changes detected
[2026-07-05 21:30:03] 
✈️ Checking DL938 on 2026-07-05 15:15
[2026-07-05 21:30:04]   Status: scheduled
[2026-07-05 21:30:04]   Gate: 31A
[2026-07-05 21:30:04]   Terminal: N/A
[2026-07-05 21:30:04]   Delay: 0 minutes
[2026-07-05 21:30:04]   ✓ No changes detected
[2026-07-05 21:30:04] 
======================================================================
[2026-07-05 21:30:04] Summary: 2 flights checked, 0 alerts sent
[2026-07-05 21:30:04] ======================================================================
[2026-07-05 22:00:03] ✅ FlightAware client initialized
[2026-07-05 22:00:03] ======================================================================
[2026-07-05 22:00:03] Aero: Day-of-Travel Monitoring
[2026-07-05 22:00:03] ======================================================================
[2026-07-05 22:00:03] 
✈️ Checking DL938 on 2026-07-05 15:15
[2026-07-05 22:00:05]   Status: scheduled
[2026-07-05 22:00:05]   Gate: 31A
[2026-07-05 22:00:05]   Terminal: N/A
[2026-07-05 22:00:05]   Delay: 0 minutes
[2026-07-05 22:00:05]   ✓ No changes detected
[2026-07-05 22:00:05] 
✈️ Checking DL938 on 2026-07-05 15:15
[2026-07-05 22:00:05]   Status: scheduled
[2026-07-05 22:00:05]   Gate: 31A
[2026-07-05 22:00:05]   Terminal: N/A
[2026-07-05 22:00:05]   Delay: 0 minutes
[2026-07-05 22:00:05]   ✓ No changes detected
[2026-07-05 22:00:05] 
======================================================================
[2026-07-05 22:00:05] Summary: 2 flights checked, 0 alerts sent
[2026-07-05 22:00:05] ======================================================================
[2026-07-05 22:30:03] ✅ FlightAware client initialized
[2026-07-05 22:30:03] ======================================================================
[2026-07-05 22:30:03] Aero: Day-of-Travel Monitoring
[2026-07-05 22:30:03] ======================================================================
[2026-07-05 22:30:03] 
✈️ Checking DL938 on 2026-07-05 15:15
[2026-07-05 22:30:03]   Status: unknown
[2026-07-05 22:30:03]   Gate: 31A
[2026-07-05 22:30:03]   Terminal: N/A
[2026-07-05 22:30:03]   Delay: 0 minutes
[2026-07-05 22:30:03]   ✓ No changes detected
[2026-07-05 22:30:03] 
✈️ Checking DL938 on 2026-07-05 15:15
[2026-07-05 22:30:03]   Status: unknown
[2026-07-05 22:30:03]   Gate: 31A
[2026-07-05 22:30:03]   Terminal: N/A
[2026-07-05 22:30:03]   Delay: 0 minutes
[2026-07-05 22:30:03]   ✓ No changes detected
[2026-07-05 22:30:03] 
======================================================================
[2026-07-05 22:30:03] Summary: 2 flights checked, 0 alerts sent
[2026-07-05 22:30:03] ======================================================================
[2026-07-05 23:00:03] ✅ FlightAware client initialized
[2026-07-05 23:00:03] ======================================================================
[2026-07-05 23:00:03] Aero: Day-of-Travel Monitoring
[2026-07-05 23:00:03] ======================================================================
[2026-07-05 23:00:03] 
✈️ Checking DL938 on 2026-07-05 15:15
[2026-07-05 23:00:03]   Status: unknown
[2026-07-05 23:00:03]   Gate: 31A
[2026-07-05 23:00:03]   Terminal: N/A
[2026-07-05 23:00:03]   Delay: 0 minutes
[2026-07-05 23:00:03]   ✓ No changes detected
[2026-07-05 23:00:03] 
✈️ Checking DL938 on 2026-07-05 15:15
[2026-07-05 23:00:04]   Status: unknown
[2026-07-05 23:00:04]   Gate: 31A
[2026-07-05 23:00:04]   Terminal: N/A
[2026-07-05 23:00:04]   Delay: 0 minutes
[2026-07-05 23:00:04]   ✓ No changes detected
[2026-07-05 23:00:04] 
======================================================================
[2026-07-05 23:00:04] Summary: 2 flights checked, 0 alerts sent
[2026-07-05 23:00:04] ======================================================================
