[2026-07-05 00:00:04] ✅ FlightAware client initialized
[2026-07-05 00:00:04] ======================================================================
[2026-07-05 00:00:04] Aero: Day-of-Travel Monitoring
[2026-07-05 00:00:04] ======================================================================
[2026-07-05 00:00:04] 
✈️ Checking DL939 on 2026-07-05 11:20
[2026-07-05 00:00:05]   Status: scheduled
[2026-07-05 00:00:05]   Gate: 30A
[2026-07-05 00:00:05]   Terminal: N/A
[2026-07-05 00:00:05]   Delay: 0 minutes
[2026-07-05 00:00:05]   ✓ No changes detected
[2026-07-05 00:00:05] 
======================================================================
[2026-07-05 00:00:05] Summary: 1 flights checked, 0 alerts sent
[2026-07-05 00:00:05] ======================================================================
[2026-07-05 00:30:03] ✅ FlightAware client initialized
[2026-07-05 00:30:03] ======================================================================
[2026-07-05 00:30:03] Aero: Day-of-Travel Monitoring
[2026-07-05 00:30:03] ======================================================================
[2026-07-05 00:30:03] 
✈️ Checking DL939 on 2026-07-05 11:20
[2026-07-05 00:30:03]   Status: scheduled
[2026-07-05 00:30:03]   Gate: 30A
[2026-07-05 00:30:03]   Terminal: N/A
[2026-07-05 00:30:03]   Delay: 0 minutes
[2026-07-05 00:30:03]   ✓ No changes detected
[2026-07-05 00:30:03] 
======================================================================
[2026-07-05 00:30:03] Summary: 1 flights checked, 0 alerts sent
[2026-07-05 00:30:03] ======================================================================
[2026-07-05 01:00:03] ✅ FlightAware client initialized
[2026-07-05 01:00:03] ======================================================================
[2026-07-05 01:00:03] Aero: Day-of-Travel Monitoring
[2026-07-05 01:00:03] ======================================================================
[2026-07-05 01:00:03] 
✈️ Checking DL939 on 2026-07-05 11:20
[2026-07-05 01:00:04]   Status: scheduled
[2026-07-05 01:00:04]   Gate: 30A
[2026-07-05 01:00:04]   Terminal: N/A
[2026-07-05 01:00:04]   Delay: 0 minutes
[2026-07-05 01:00:04]   ✓ No changes detected
[2026-07-05 01:00:04] 
======================================================================
[2026-07-05 01:00:04] Summary: 1 flights checked, 0 alerts sent
[2026-07-05 01:00:04] ======================================================================
[2026-07-05 01:30:03] ✅ FlightAware client initialized
[2026-07-05 01:30:03] ======================================================================
[2026-07-05 01:30:03] Aero: Day-of-Travel Monitoring
[2026-07-05 01:30:03] ======================================================================
[2026-07-05 01:30:03] 
✈️ Checking DL939 on 2026-07-05 11:20
[2026-07-05 01:30:03]   Status: scheduled
[2026-07-05 01:30:03]   Gate: 30A
[2026-07-05 01:30:03]   Terminal: N/A
[2026-07-05 01:30:03]   Delay: 0 minutes
[2026-07-05 01:30:03]   ✓ No changes detected
[2026-07-05 01:30:03] 
======================================================================
[2026-07-05 01:30:03] Summary: 1 flights checked, 0 alerts sent
[2026-07-05 01:30:03] ======================================================================
[2026-07-05 02:00:04] ✅ FlightAware client initialized
[2026-07-05 02:00:04] ======================================================================
[2026-07-05 02:00:04] Aero: Day-of-Travel Monitoring
[2026-07-05 02:00:04] ======================================================================
[2026-07-05 02:00:04] 
✈️ Checking DL939 on 2026-07-05 11:20
[2026-07-05 02:00:04]   Status: scheduled
[2026-07-05 02:00:04]   Gate: 30A
[2026-07-05 02:00:04]   Terminal: N/A
[2026-07-05 02:00:04]   Delay: 0 minutes
[2026-07-05 02:00:04]   ✓ No changes detected
[2026-07-05 02:00:04] 
======================================================================
[2026-07-05 02:00:04] Summary: 1 flights checked, 0 alerts sent
[2026-07-05 02:00:04] ======================================================================
[2026-07-05 02:30:03] ✅ FlightAware client initialized
[2026-07-05 02:30:03] ======================================================================
[2026-07-05 02:30:03] Aero: Day-of-Travel Monitoring
[2026-07-05 02:30:03] ======================================================================
[2026-07-05 02:30:03] 
✈️ Checking DL939 on 2026-07-05 11:20
[2026-07-05 02:30:03]   Status: scheduled
[2026-07-05 02:30:03]   Gate: 30A
[2026-07-05 02:30:03]   Terminal: N/A
[2026-07-05 02:30:03]   Delay: 0 minutes
[2026-07-05 02:30:03]   ✓ No changes detected
[2026-07-05 02:30:04] 
======================================================================
[2026-07-05 02:30:04] Summary: 1 flights checked, 0 alerts sent
[2026-07-05 02:30:04] ======================================================================
[2026-07-05 03:00:03] ✅ FlightAware client initialized
[2026-07-05 03:00:03] ======================================================================
[2026-07-05 03:00:03] Aero: Day-of-Travel Monitoring
[2026-07-05 03:00:03] ======================================================================
[2026-07-05 03:00:03] 
✈️ Checking DL939 on 2026-07-05 11:20
[2026-07-05 03:00:04]   Status: scheduled
[2026-07-05 03:00:04]   Gate: 30A
[2026-07-05 03:00:04]   Terminal: N/A
[2026-07-05 03:00:04]   Delay: 0 minutes
[2026-07-05 03:00:04]   ✓ No changes detected
[2026-07-05 03:00:04] 
======================================================================
[2026-07-05 03:00:04] Summary: 1 flights checked, 0 alerts sent
[2026-07-05 03:00:04] ======================================================================
[2026-07-05 03:30:03] ✅ FlightAware client initialized
[2026-07-05 03:30:03] ======================================================================
[2026-07-05 03:30:03] Aero: Day-of-Travel Monitoring
[2026-07-05 03:30:03] ======================================================================
[2026-07-05 03:30:03] 
✈️ Checking DL939 on 2026-07-05 11:20
[2026-07-05 03:30:03]   Status: scheduled
[2026-07-05 03:30:03]   Gate: 30A
[2026-07-05 03:30:03]   Terminal: N/A
[2026-07-05 03:30:03]   Delay: 0 minutes
[2026-07-05 03:30:03]   ✓ No changes detected
[2026-07-05 03:30:03] 
======================================================================
[2026-07-05 03:30:03] Summary: 1 flights checked, 0 alerts sent
[2026-07-05 03:30:03] ======================================================================
[2026-07-05 04:00:03] ✅ FlightAware client initialized
[2026-07-05 04:00:03] ======================================================================
[2026-07-05 04:00:03] Aero: Day-of-Travel Monitoring
[2026-07-05 04:00:03] ======================================================================
[2026-07-05 04:00:03] 
✈️ Checking DL939 on 2026-07-05 11:20
[2026-07-05 04:00:04]   Status: scheduled
[2026-07-05 04:00:04]   Gate: 30A
[2026-07-05 04:00:04]   Terminal: N/A
[2026-07-05 04:00:04]   Delay: 0 minutes
[2026-07-05 04:00:04]   ✓ No changes detected
[2026-07-05 04:00:04] 
======================================================================
[2026-07-05 04:00:04] Summary: 1 flights checked, 0 alerts sent
[2026-07-05 04:00:04] ======================================================================
[2026-07-05 04:30:03] ✅ FlightAware client initialized
[2026-07-05 04:30:03] ======================================================================
[2026-07-05 04:30:03] Aero: Day-of-Travel Monitoring
[2026-07-05 04:30:03] ======================================================================
[2026-07-05 04:30:03] 
✈️ Checking DL939 on 2026-07-05 11:20
[2026-07-05 04:30:03]   Status: scheduled
[2026-07-05 04:30:03]   Gate: 30A
[2026-07-05 04:30:03]   Terminal: N/A
[2026-07-05 04:30:03]   Delay: 0 minutes
[2026-07-05 04:30:03]   ✓ No changes detected
[2026-07-05 04:30:03] 
======================================================================
[2026-07-05 04:30:03] Summary: 1 flights checked, 0 alerts sent
[2026-07-05 04:30:03] ======================================================================
[2026-07-05 05:00:04] ✅ FlightAware client initialized
[2026-07-05 05:00:04] ======================================================================
[2026-07-05 05:00:04] Aero: Day-of-Travel Monitoring
[2026-07-05 05:00:04] ======================================================================
[2026-07-05 05:00:04] 
✈️ Checking DL939 on 2026-07-05 11:20
[2026-07-05 05:00:05]   Status: scheduled
[2026-07-05 05:00:05]   Gate: 30A
[2026-07-05 05:00:05]   Terminal: N/A
[2026-07-05 05:00:05]   Delay: 0 minutes
[2026-07-05 05:00:05]   ✓ No changes detected
[2026-07-05 05:00:05] 
======================================================================
[2026-07-05 05:00:05] Summary: 1 flights checked, 0 alerts sent
[2026-07-05 05:00:05] ======================================================================
[2026-07-05 05:30:03] ✅ FlightAware client initialized
[2026-07-05 05:30:03] ======================================================================
[2026-07-05 05:30:03] Aero: Day-of-Travel Monitoring
[2026-07-05 05:30:03] ======================================================================
[2026-07-05 05:30:03] 
✈️ Checking DL939 on 2026-07-05 11:20
[2026-07-05 05:30:03]   Status: scheduled
[2026-07-05 05:30:03]   Gate: 30A
[2026-07-05 05:30:03]   Terminal: N/A
[2026-07-05 05:30:03]   Delay: 0 minutes
[2026-07-05 05:30:03]   ✓ No changes detected
[2026-07-05 05:30:03] 
======================================================================
[2026-07-05 05:30:03] Summary: 1 flights checked, 0 alerts sent
[2026-07-05 05:30:03] ======================================================================
[2026-07-05 06:00:04] ✅ FlightAware client initialized
[2026-07-05 06:00:04] ======================================================================
[2026-07-05 06:00:04] Aero: Day-of-Travel Monitoring
[2026-07-05 06:00:04] ======================================================================
[2026-07-05 06:00:04] 
✈️ Checking DL939 on 2026-07-05 11:20
[2026-07-05 06:00:04]   Status: scheduled
[2026-07-05 06:00:04]   Gate: 30A
[2026-07-05 06:00:04]   Terminal: N/A
[2026-07-05 06:00:04]   Delay: 0 minutes
[2026-07-05 06:00:04]   ✓ No changes detected
[2026-07-05 06:00:04] 
======================================================================
[2026-07-05 06:00:04] Summary: 1 flights checked, 0 alerts sent
[2026-07-05 06:00:04] ======================================================================
[2026-07-05 06:30:03] ✅ FlightAware client initialized
[2026-07-05 06:30:03] ======================================================================
[2026-07-05 06:30:03] Aero: Day-of-Travel Monitoring
[2026-07-05 06:30:03] ======================================================================
[2026-07-05 06:30:03] 
✈️ Checking DL939 on 2026-07-05 11:20
[2026-07-05 06:30:03]   Status: scheduled
[2026-07-05 06:30:03]   Gate: 30A
[2026-07-05 06:30:03]   Terminal: N/A
[2026-07-05 06:30:03]   Delay: 0 minutes
[2026-07-05 06:30:03]   ✓ No changes detected
[2026-07-05 06:30:03] 
======================================================================
[2026-07-05 06:30:03] Summary: 1 flights checked, 0 alerts sent
[2026-07-05 06:30:03] ======================================================================
[2026-07-05 07:00:03] ✅ FlightAware client initialized
[2026-07-05 07:00:03] ======================================================================
[2026-07-05 07:00:03] Aero: Day-of-Travel Monitoring
[2026-07-05 07:00:03] ======================================================================
[2026-07-05 07:00:03] 
✈️ Checking DL939 on 2026-07-05 11:20
[2026-07-05 07:00:04]   Status: scheduled
[2026-07-05 07:00:04]   Gate: 30A
[2026-07-05 07:00:04]   Terminal: N/A
[2026-07-05 07:00:04]   Delay: 0 minutes
[2026-07-05 07:00:04]   ✓ No changes detected
[2026-07-05 07:00:04] 
======================================================================
[2026-07-05 07:00:04] Summary: 1 flights checked, 0 alerts sent
[2026-07-05 07:00:04] ======================================================================
[2026-07-05 07:30:02] ✅ FlightAware client initialized
[2026-07-05 07:30:02] ======================================================================
[2026-07-05 07:30:02] Aero: Day-of-Travel Monitoring
[2026-07-05 07:30:02] ======================================================================
[2026-07-05 07:30:02] 
✈️ Checking DL939 on 2026-07-05 11:20
[2026-07-05 07:30:03]   Status: scheduled
[2026-07-05 07:30:03]   Gate: 30A
[2026-07-05 07:30:03]   Terminal: N/A
[2026-07-05 07:30:03]   Delay: 0 minutes
[2026-07-05 07:30:03]   ✓ No changes detected
[2026-07-05 07:30:03] 
======================================================================
[2026-07-05 07:30:03] Summary: 1 flights checked, 0 alerts sent
[2026-07-05 07:30:03] ======================================================================
[2026-07-05 08:00:03] ✅ FlightAware client initialized
[2026-07-05 08:00:03] ======================================================================
[2026-07-05 08:00:03] Aero: Day-of-Travel Monitoring
[2026-07-05 08:00:03] ======================================================================
[2026-07-05 08:00:03] 
✈️ Checking DL939 on 2026-07-05 11:20
[2026-07-05 08:00:04]   Status: scheduled
[2026-07-05 08:00:04]   Gate: 30A
[2026-07-05 08:00:04]   Terminal: N/A
[2026-07-05 08:00:04]   Delay: 0 minutes
[2026-07-05 08:00:04]   🔔 1 alert(s) detected:
[2026-07-05 08:00:04]     - 🔄 ARRIVAL GATE CHANGE: Arrival gate changed from B32 to B38
[2026-07-05 08:00:05]   📧 Email alert sent
[2026-07-05 08:00:05] 
======================================================================
[2026-07-05 08:00:05] Summary: 1 flights checked, 1 alerts sent
[2026-07-05 08:00:05] ======================================================================
[2026-07-05 08:30:03] ✅ FlightAware client initialized
[2026-07-05 08:30:03] ======================================================================
[2026-07-05 08:30:03] Aero: Day-of-Travel Monitoring
[2026-07-05 08:30:03] ======================================================================
[2026-07-05 08:30:03] 
✈️ Checking DL939 on 2026-07-05 11:20
[2026-07-05 08:30:03]   Status: scheduled
[2026-07-05 08:30:03]   Gate: 30A
[2026-07-05 08:30:03]   Terminal: N/A
[2026-07-05 08:30:03]   Delay: 0 minutes
[2026-07-05 08:30:03]   ✓ No changes detected
[2026-07-05 08:30:03] 
======================================================================
[2026-07-05 08:30:03] Summary: 1 flights checked, 0 alerts sent
[2026-07-05 08:30:03] ======================================================================
[2026-07-05 09:00:04] ✅ FlightAware client initialized
[2026-07-05 09:00:04] ======================================================================
[2026-07-05 09:00:04] Aero: Day-of-Travel Monitoring
[2026-07-05 09:00:04] ======================================================================
[2026-07-05 09:00:04] 
✈️ Checking DL939 on 2026-07-05 11:20
[2026-07-05 09:00:04]   Status: scheduled
[2026-07-05 09:00:04]   Gate: 30A
[2026-07-05 09:00:04]   Terminal: N/A
[2026-07-05 09:00:04]   Delay: 0 minutes
[2026-07-05 09:00:04]   ✓ No changes detected
[2026-07-05 09:00:04] 
======================================================================
[2026-07-05 09:00:04] Summary: 1 flights checked, 0 alerts sent
[2026-07-05 09:00:04] ======================================================================
[2026-07-05 09:30:03] ✅ FlightAware client initialized
[2026-07-05 09:30:03] ======================================================================
[2026-07-05 09:30:03] Aero: Day-of-Travel Monitoring
[2026-07-05 09:30:03] ======================================================================
[2026-07-05 09:30:03] 
✈️ Checking DL939 on 2026-07-05 11:20
[2026-07-05 09:30:03]   Status: scheduled
[2026-07-05 09:30:03]   Gate: 30A
[2026-07-05 09:30:03]   Terminal: N/A
[2026-07-05 09:30:03]   Delay: 0 minutes
[2026-07-05 09:30:03]   ✓ No changes detected
[2026-07-05 09:30:03] 
======================================================================
[2026-07-05 09:30:03] Summary: 1 flights checked, 0 alerts sent
[2026-07-05 09:30:03] ======================================================================
[2026-07-05 10:00:04] ✅ FlightAware client initialized
[2026-07-05 10:00:04] ======================================================================
[2026-07-05 10:00:04] Aero: Day-of-Travel Monitoring
[2026-07-05 10:00:04] ======================================================================
[2026-07-05 10:00:04] 
✈️ Checking DL939 on 2026-07-05 11:20
[2026-07-05 10:00:04]   Status: scheduled
[2026-07-05 10:00:04]   Gate: 30A
[2026-07-05 10:00:04]   Terminal: N/A
[2026-07-05 10:00:04]   Delay: 0 minutes
[2026-07-05 10:00:04]   ✓ No changes detected
[2026-07-05 10:00:04] 
======================================================================
[2026-07-05 10:00:04] Summary: 1 flights checked, 0 alerts sent
[2026-07-05 10:00:04] ======================================================================
[2026-07-05 10:30:04] ✅ FlightAware client initialized
[2026-07-05 10:30:04] ======================================================================
[2026-07-05 10:30:04] Aero: Day-of-Travel Monitoring
[2026-07-05 10:30:04] ======================================================================
[2026-07-05 10:30:04] 
✈️ Checking DL939 on 2026-07-05 11:20
[2026-07-05 10:30:05]   Status: scheduled
[2026-07-05 10:30:05]   Gate: 30A
[2026-07-05 10:30:05]   Terminal: N/A
[2026-07-05 10:30:05]   Delay: 0 minutes
[2026-07-05 10:30:05]   ✓ No changes detected
[2026-07-05 10:30:05] 
======================================================================
[2026-07-05 10:30:05] Summary: 1 flights checked, 0 alerts sent
[2026-07-05 10:30:05] ======================================================================
[2026-07-05 11:00:04] ✅ FlightAware client initialized
[2026-07-05 11:00:04] ======================================================================
[2026-07-05 11:00:04] Aero: Day-of-Travel Monitoring
[2026-07-05 11:00:04] ======================================================================
[2026-07-05 11:00:04] 
✈️ Checking DL939 on 2026-07-05 11:20
[2026-07-05 11:00:04]   Status: scheduled
[2026-07-05 11:00:04]   Gate: 32A
[2026-07-05 11:00:04]   Terminal: N/A
[2026-07-05 11:00:04]   Delay: 0 minutes
[2026-07-05 11:00:04]   🔔 1 alert(s) detected:
[2026-07-05 11:00:04]     - 🔄 GATE CHANGE: Departure gate changed from 30A to 32A
[2026-07-05 11:00:05]   📧 Email alert sent
[2026-07-05 11:00:05] 
======================================================================
[2026-07-05 11:00:05] Summary: 1 flights checked, 1 alerts sent
[2026-07-05 11:00:05] ======================================================================
[2026-07-05 11:30:03] ✅ FlightAware client initialized
[2026-07-05 11:30:03] ======================================================================
[2026-07-05 11:30:03] Aero: Day-of-Travel Monitoring
[2026-07-05 11:30:03] ======================================================================
[2026-07-05 11:30:03] 
✈️ Checking DL939 on 2026-07-05 11:20
[2026-07-05 11:30:03]   Status: scheduled
[2026-07-05 11:30:03]   Gate: 32A
[2026-07-05 11:30:03]   Terminal: N/A
[2026-07-05 11:30:03]   Delay: 0 minutes
[2026-07-05 11:30:03]   ✓ No changes detected
[2026-07-05 11:30:03] 
======================================================================
[2026-07-05 11:30:03] Summary: 1 flights checked, 0 alerts sent
[2026-07-05 11:30:03] ======================================================================
[2026-07-05 12:00:04] ✅ FlightAware client initialized
[2026-07-05 12:00:04] ======================================================================
[2026-07-05 12:00:04] Aero: Day-of-Travel Monitoring
[2026-07-05 12:00:04] ======================================================================
[2026-07-05 12:00:04] 
✈️ Checking DL939 on 2026-07-05 11:20
[2026-07-05 12:00:04]   Status: scheduled
[2026-07-05 12:00:04]   Gate: 32A
[2026-07-05 12:00:04]   Terminal: N/A
[2026-07-05 12:00:04]   Delay: 0 minutes
[2026-07-05 12:00:04]   ✓ No changes detected
[2026-07-05 12:00:04] 
======================================================================
[2026-07-05 12:00:04] Summary: 1 flights checked, 0 alerts sent
[2026-07-05 12:00:04] ======================================================================
[2026-07-05 12:30:03] ✅ FlightAware client initialized
[2026-07-05 12:30:03] ======================================================================
[2026-07-05 12:30:03] Aero: Day-of-Travel Monitoring
[2026-07-05 12:30:03] ======================================================================
[2026-07-05 12:30:03] 
✈️ Checking DL939 on 2026-07-05 11:20
[2026-07-05 12:30:03]   Status: scheduled
[2026-07-05 12:30:03]   Gate: 32A
[2026-07-05 12:30:03]   Terminal: N/A
[2026-07-05 12:30:03]   Delay: 0 minutes
[2026-07-05 12:30:03]   ✓ No changes detected
[2026-07-05 12:30:03] 
======================================================================
[2026-07-05 12:30:03] Summary: 1 flights checked, 0 alerts sent
[2026-07-05 12:30:03] ======================================================================
[2026-07-05 13:00:04] ✅ FlightAware client initialized
[2026-07-05 13:00:04] ======================================================================
[2026-07-05 13:00:04] Aero: Day-of-Travel Monitoring
[2026-07-05 13:00:04] ======================================================================
[2026-07-05 13:00:04] 
✈️ Checking DL939 on 2026-07-05 11:20
[2026-07-05 13:00:05]   Status: scheduled
[2026-07-05 13:00:05]   Gate: 32A
[2026-07-05 13:00:05]   Terminal: N/A
[2026-07-05 13:00:05]   Delay: 0 minutes
[2026-07-05 13:00:05]   ✓ No changes detected
[2026-07-05 13:00:05] 
======================================================================
[2026-07-05 13:00:05] Summary: 1 flights checked, 0 alerts sent
[2026-07-05 13:00:05] ======================================================================
[2026-07-05 13:30:03] ✅ FlightAware client initialized
[2026-07-05 13:30:03] ======================================================================
[2026-07-05 13:30:03] Aero: Day-of-Travel Monitoring
[2026-07-05 13:30:03] ======================================================================
[2026-07-05 13:30:03] 
✈️ Checking DL939 on 2026-07-05 11:20
[2026-07-05 13:30:03]   Status: scheduled
[2026-07-05 13:30:03]   Gate: 32A
[2026-07-05 13:30:03]   Terminal: N/A
[2026-07-05 13:30:03]   Delay: 0 minutes
[2026-07-05 13:30:03]   ✓ No changes detected
[2026-07-05 13:30:03] 
======================================================================
[2026-07-05 13:30:03] Summary: 1 flights checked, 0 alerts sent
[2026-07-05 13:30:03] ======================================================================
[2026-07-05 14:00:04] ✅ FlightAware client initialized
[2026-07-05 14:00:04] ======================================================================
[2026-07-05 14:00:04] Aero: Day-of-Travel Monitoring
[2026-07-05 14:00:04] ======================================================================
[2026-07-05 14:00:04] 
✈️ Checking DL939 on 2026-07-05 11:20
[2026-07-05 14:00:04]   Status: scheduled
[2026-07-05 14:00:04]   Gate: 32A
[2026-07-05 14:00:04]   Terminal: N/A
[2026-07-05 14:00:04]   Delay: 20 minutes
[2026-07-05 14:00:04]   🔔 1 alert(s) detected:
[2026-07-05 14:00:04]     - ⏰ DELAY ALERT: Flight delayed by 20 minutes
[2026-07-05 14:00:06]   📧 Email alert sent
[2026-07-05 14:00:06] 
======================================================================
[2026-07-05 14:00:06] Summary: 1 flights checked, 1 alerts sent
[2026-07-05 14:00:06] ======================================================================
[2026-07-05 14:30:03] ✅ FlightAware client initialized
[2026-07-05 14:30:03] ======================================================================
[2026-07-05 14:30:03] Aero: Day-of-Travel Monitoring
[2026-07-05 14:30:03] ======================================================================
[2026-07-05 14:30:03] 
✈️ Checking DL939 on 2026-07-05 11:20
[2026-07-05 14:30:03]   Status: scheduled
[2026-07-05 14:30:03]   Gate: 32A
[2026-07-05 14:30:03]   Terminal: N/A
[2026-07-05 14:30:03]   Delay: 20 minutes
[2026-07-05 14:30:03]   ✓ No changes detected
[2026-07-05 14:30:03] 
======================================================================
[2026-07-05 14:30:03] Summary: 1 flights checked, 0 alerts sent
[2026-07-05 14:30:03] ======================================================================
[2026-07-05 15:00:03] ✅ FlightAware client initialized
[2026-07-05 15:00:03] ======================================================================
[2026-07-05 15:00:03] Aero: Day-of-Travel Monitoring
[2026-07-05 15:00:03] ======================================================================
[2026-07-05 15:00:03] 
✈️ Checking DL939 on 2026-07-05 11:20
[2026-07-05 15:00:04]   Status: scheduled
[2026-07-05 15:00:04]   Gate: 32A
[2026-07-05 15:00:04]   Terminal: N/A
[2026-07-05 15:00:04]   Delay: 20 minutes
[2026-07-05 15:00:04]   ✓ No changes detected
[2026-07-05 15:00:04] 
======================================================================
[2026-07-05 15:00:04] Summary: 1 flights checked, 0 alerts sent
[2026-07-05 15:00:04] ======================================================================
[2026-07-05 15:30:03] ✅ FlightAware client initialized
[2026-07-05 15:30:03] ======================================================================
[2026-07-05 15:30:03] Aero: Day-of-Travel Monitoring
[2026-07-05 15:30:03] ======================================================================
[2026-07-05 15:30:03] 
✈️ Checking DL939 on 2026-07-05 11:20
[2026-07-05 15:30:03]   Status: cancelled
[2026-07-05 15:30:03]   Gate: 32A
[2026-07-05 15:30:03]   Terminal: N/A
[2026-07-05 15:30:03]   Delay: 20 minutes
[2026-07-05 15:30:03]   🔔 1 alert(s) detected:
[2026-07-05 15:30:03]     - 🚨 FLIGHT CANCELLED: DL939 has been cancelled
[2026-07-05 15:30:04]   📧 Email alert sent
[2026-07-05 15:30:04] 
======================================================================
[2026-07-05 15:30:04] Summary: 1 flights checked, 1 alerts sent
[2026-07-05 15:30:04] ======================================================================
[2026-07-05 16:00:05] ✅ FlightAware client initialized
[2026-07-05 16:00:05] ======================================================================
[2026-07-05 16:00:05] Aero: Day-of-Travel Monitoring
[2026-07-05 16:00:05] ======================================================================
[2026-07-05 16:00:05] 
✈️ Checking DL939 on 2026-07-05 11:20
[2026-07-05 16:00:06]   Status: cancelled
[2026-07-05 16:00:06]   Gate: 32A
[2026-07-05 16:00:06]   Terminal: N/A
[2026-07-05 16:00:06]   Delay: 20 minutes
[2026-07-05 16:00:06]   ✓ No changes detected
[2026-07-05 16:00:06] 
======================================================================
[2026-07-05 16:00:06] Summary: 1 flights checked, 0 alerts sent
[2026-07-05 16:00:06] ======================================================================
[2026-07-05 16:30:02] ✅ FlightAware client initialized
[2026-07-05 16:30:02] ======================================================================
[2026-07-05 16:30:02] Aero: Day-of-Travel Monitoring
[2026-07-05 16:30:02] ======================================================================
[2026-07-05 16:30:02] 
✈️ Checking DL939 on 2026-07-05 11:20
[2026-07-05 16:30:03] FlightAware API error: 503 Server Error: Service Unavailable for url: https://aeroapi.flightaware.com/aeroapi/flights/DL939?start=2026-07-05T00:00:00Z&end=2026-07-05T23:59:59Z
[2026-07-05 16:30:03]   Could not fetch status from FlightAware
[2026-07-05 16:30:03] 
======================================================================
[2026-07-05 16:30:03] Summary: 1 flights checked, 0 alerts sent
[2026-07-05 16:30:03] ======================================================================
[2026-07-05 17:00:03] ✅ FlightAware client initialized
[2026-07-05 17:00:03] ======================================================================
[2026-07-05 17:00:03] Aero: Day-of-Travel Monitoring
[2026-07-05 17:00:03] ======================================================================
[2026-07-05 17:00:03] 
✈️ Checking DL939 on 2026-07-05 11:20
[2026-07-05 17:00:04]   Status: cancelled
[2026-07-05 17:00:04]   Gate: 32A
[2026-07-05 17:00:04]   Terminal: N/A
[2026-07-05 17:00:04]   Delay: 20 minutes
[2026-07-05 17:00:04]   ✓ No changes detected
[2026-07-05 17:00:04] 
======================================================================
[2026-07-05 17:00:04] Summary: 1 flights checked, 0 alerts sent
[2026-07-05 17:00:04] ======================================================================
[2026-07-05 17:30:03] ✅ FlightAware client initialized
[2026-07-05 17:30:03] ======================================================================
[2026-07-05 17:30:03] Aero: Day-of-Travel Monitoring
[2026-07-05 17:30:03] ======================================================================
[2026-07-05 17:30:03] 
✈️ Checking DL939 on 2026-07-05 11:20
[2026-07-05 17:30:04]   Status: cancelled
[2026-07-05 17:30:04]   Gate: 32A
[2026-07-05 17:30:04]   Terminal: N/A
[2026-07-05 17:30:04]   Delay: 20 minutes
[2026-07-05 17:30:04]   ✓ No changes detected
[2026-07-05 17:30:04] 
======================================================================
[2026-07-05 17:30:04] Summary: 1 flights checked, 0 alerts sent
[2026-07-05 17:30:04] ======================================================================
[2026-07-05 18:00:04] ✅ FlightAware client initialized
[2026-07-05 18:00:04] ======================================================================
[2026-07-05 18:00:04] Aero: Day-of-Travel Monitoring
[2026-07-05 18:00:04] ======================================================================
[2026-07-05 18:00:04] 
✈️ Checking DL939 on 2026-07-05 11:20
[2026-07-05 18:00:04]   Status: cancelled
[2026-07-05 18:00:04]   Gate: 32A
[2026-07-05 18:00:04]   Terminal: N/A
[2026-07-05 18:00:04]   Delay: 20 minutes
[2026-07-05 18:00:04]   ✓ No changes detected
[2026-07-05 18:00:04] 
======================================================================
[2026-07-05 18:00:04] Summary: 1 flights checked, 0 alerts sent
[2026-07-05 18:00:04] ======================================================================
[2026-07-05 18:30:03] ✅ FlightAware client initialized
[2026-07-05 18:30:03] ======================================================================
[2026-07-05 18:30:03] Aero: Day-of-Travel Monitoring
[2026-07-05 18:30:03] ======================================================================
[2026-07-05 18:30:03] 
✈️ Checking DL939 on 2026-07-05 11:20
[2026-07-05 18:30:03]   Status: cancelled
[2026-07-05 18:30:03]   Gate: 32A
[2026-07-05 18:30:03]   Terminal: N/A
[2026-07-05 18:30:03]   Delay: 20 minutes
[2026-07-05 18:30:03]   ✓ No changes detected
[2026-07-05 18:30:03] 
✈️ Checking DL939 on 2026-07-05 11:20
[2026-07-05 18:30:04]   Status: cancelled
[2026-07-05 18:30:04]   Gate: 32A
[2026-07-05 18:30:04]   Terminal: N/A
[2026-07-05 18:30:04]   Delay: 20 minutes
[2026-07-05 18:30:04]   ✓ No changes detected
[2026-07-05 18:30:04] 
======================================================================
[2026-07-05 18:30:04] Summary: 2 flights checked, 0 alerts sent
[2026-07-05 18:30:04] ======================================================================
[2026-07-05 19:00:03] ✅ FlightAware client initialized
[2026-07-05 19:00:03] ======================================================================
[2026-07-05 19:00:03] Aero: Day-of-Travel Monitoring
[2026-07-05 19:00:03] ======================================================================
[2026-07-05 19:00:03] 
✈️ Checking DL939 on 2026-07-05 11:20
[2026-07-05 19:00:04]   Status: cancelled
[2026-07-05 19:00:04]   Gate: 32A
[2026-07-05 19:00:04]   Terminal: N/A
[2026-07-05 19:00:04]   Delay: 20 minutes
[2026-07-05 19:00:04]   ✓ No changes detected
[2026-07-05 19:00:04] 
✈️ Checking DL939 on 2026-07-05 11:20
[2026-07-05 19:00:04]   Status: cancelled
[2026-07-05 19:00:04]   Gate: 32A
[2026-07-05 19:00:04]   Terminal: N/A
[2026-07-05 19:00:04]   Delay: 20 minutes
[2026-07-05 19:00:04]   ✓ No changes detected
[2026-07-05 19:00:04] 
======================================================================
[2026-07-05 19:00:04] Summary: 2 flights checked, 0 alerts sent
[2026-07-05 19:00:04] ======================================================================
[2026-07-05 19:30:03] ✅ FlightAware client initialized
[2026-07-05 19:30:03] ======================================================================
[2026-07-05 19:30:03] Aero: Day-of-Travel Monitoring
[2026-07-05 19:30:03] ======================================================================
[2026-07-05 19:30:03] 
✈️ Checking DL939 on 2026-07-05 11:20
[2026-07-05 19:30:03]   Status: cancelled
[2026-07-05 19:30:03]   Gate: 32A
[2026-07-05 19:30:03]   Terminal: N/A
[2026-07-05 19:30:03]   Delay: 20 minutes
[2026-07-05 19:30:03]   ✓ No changes detected
[2026-07-05 19:30:03] 
✈️ Checking DL939 on 2026-07-05 11:20
[2026-07-05 19:30:04]   Status: cancelled
[2026-07-05 19:30:04]   Gate: 32A
[2026-07-05 19:30:04]   Terminal: N/A
[2026-07-05 19:30:04]   Delay: 20 minutes
[2026-07-05 19:30:04]   ✓ No changes detected
[2026-07-05 19:30:04] 
======================================================================
[2026-07-05 19:30:04] Summary: 2 flights checked, 0 alerts sent
[2026-07-05 19:30:04] ======================================================================
[2026-07-05 20:00:03] ✅ FlightAware client initialized
[2026-07-05 20:00:03] ======================================================================
[2026-07-05 20:00:03] Aero: Day-of-Travel Monitoring
[2026-07-05 20:00:03] ======================================================================
[2026-07-05 20:00:03] 
✈️ Checking DL939 on 2026-07-05 11:20
[2026-07-05 20:00:03]   Status: cancelled
[2026-07-05 20:00:03]   Gate: 32A
[2026-07-05 20:00:03]   Terminal: N/A
[2026-07-05 20:00:03]   Delay: 20 minutes
[2026-07-05 20:00:03]   ✓ No changes detected
[2026-07-05 20:00:03] 
✈️ Checking DL939 on 2026-07-05 11:20
[2026-07-05 20:00:04]   Status: cancelled
[2026-07-05 20:00:04]   Gate: 32A
[2026-07-05 20:00:04]   Terminal: N/A
[2026-07-05 20:00:04]   Delay: 20 minutes
[2026-07-05 20:00:04]   ✓ No changes detected
[2026-07-05 20:00:04] 
======================================================================
[2026-07-05 20:00:04] Summary: 2 flights checked, 0 alerts sent
[2026-07-05 20:00:04] ======================================================================
[2026-07-05 20:30:03] ✅ FlightAware client initialized
[2026-07-05 20:30:03] ======================================================================
[2026-07-05 20:30:03] Aero: Day-of-Travel Monitoring
[2026-07-05 20:30:03] ======================================================================
[2026-07-05 20:30:03] 
✈️ Checking DL938 on 2026-07-05 15:15
[2026-07-05 20:30:03]   Status: scheduled
[2026-07-05 20:30:03]   Gate: 31A
[2026-07-05 20:30:03]   Terminal: N/A
[2026-07-05 20:30:03]   Delay: 0 minutes
[2026-07-05 20:30:03]   ✓ No changes detected
[2026-07-05 20:30:03] 
✈️ Checking DL938 on 2026-07-05 15:15
[2026-07-05 20:30:03]   Status: scheduled
[2026-07-05 20:30:03]   Gate: 31A
[2026-07-05 20:30:03]   Terminal: N/A
[2026-07-05 20:30:03]   Delay: 0 minutes
[2026-07-05 20:30:03]   ✓ No changes detected
[2026-07-05 20:30:03] 
======================================================================
[2026-07-05 20:30:03] Summary: 2 flights checked, 0 alerts sent
[2026-07-05 20:30:03] ======================================================================
[2026-07-05 21:00:03] ✅ FlightAware client initialized
[2026-07-05 21:00:03] ======================================================================
[2026-07-05 21:00:03] Aero: Day-of-Travel Monitoring
[2026-07-05 21:00:03] ======================================================================
[2026-07-05 21:00:03] 
✈️ Checking DL938 on 2026-07-05 15:15
[2026-07-05 21:00:04]   Status: scheduled
[2026-07-05 21:00:04]   Gate: 31A
[2026-07-05 21:00:04]   Terminal: N/A
[2026-07-05 21:00:04]   Delay: 0 minutes
[2026-07-05 21:00:04]   ✓ No changes detected
[2026-07-05 21:00:04] 
✈️ Checking DL938 on 2026-07-05 15:15
[2026-07-05 21:00:04]   Status: scheduled
[2026-07-05 21:00:04]   Gate: 31A
[2026-07-05 21:00:04]   Terminal: N/A
[2026-07-05 21:00:04]   Delay: 0 minutes
[2026-07-05 21:00:04]   ✓ No changes detected
[2026-07-05 21:00:04] 
======================================================================
[2026-07-05 21:00:04] Summary: 2 flights checked, 0 alerts sent
[2026-07-05 21:00:04] ======================================================================
[2026-07-05 21:30:03] ✅ FlightAware client initialized
[2026-07-05 21:30:03] ======================================================================
[2026-07-05 21:30:03] Aero: Day-of-Travel Monitoring
[2026-07-05 21:30:03] ======================================================================
[2026-07-05 21:30:03] 
✈️ Checking DL938 on 2026-07-05 15:15
[2026-07-05 21:30:03]   Status: scheduled
[2026-07-05 21:30:03]   Gate: 31A
[2026-07-05 21:30:03]   Terminal: N/A
[2026-07-05 21:30:03]   Delay: 0 minutes
[2026-07-05 21:30:03]   ✓ No changes detected
[2026-07-05 21:30:03] 
✈️ Checking DL938 on 2026-07-05 15:15
[2026-07-05 21:30:04]   Status: scheduled
[2026-07-05 21:30:04]   Gate: 31A
[2026-07-05 21:30:04]   Terminal: N/A
[2026-07-05 21:30:04]   Delay: 0 minutes
[2026-07-05 21:30:04]   ✓ No changes detected
[2026-07-05 21:30:04] 
======================================================================
[2026-07-05 21:30:04] Summary: 2 flights checked, 0 alerts sent
[2026-07-05 21:30:04] ======================================================================
[2026-07-05 22:00:03] ✅ FlightAware client initialized
[2026-07-05 22:00:03] ======================================================================
[2026-07-05 22:00:03] Aero: Day-of-Travel Monitoring
[2026-07-05 22:00:03] ======================================================================
[2026-07-05 22:00:03] 
✈️ Checking DL938 on 2026-07-05 15:15
[2026-07-05 22:00:05]   Status: scheduled
[2026-07-05 22:00:05]   Gate: 31A
[2026-07-05 22:00:05]   Terminal: N/A
[2026-07-05 22:00:05]   Delay: 0 minutes
[2026-07-05 22:00:05]   ✓ No changes detected
[2026-07-05 22:00:05] 
✈️ Checking DL938 on 2026-07-05 15:15
[2026-07-05 22:00:05]   Status: scheduled
[2026-07-05 22:00:05]   Gate: 31A
[2026-07-05 22:00:05]   Terminal: N/A
[2026-07-05 22:00:05]   Delay: 0 minutes
[2026-07-05 22:00:05]   ✓ No changes detected
[2026-07-05 22:00:05] 
======================================================================
[2026-07-05 22:00:05] Summary: 2 flights checked, 0 alerts sent
[2026-07-05 22:00:05] ======================================================================
[2026-07-05 22:30:03] ✅ FlightAware client initialized
[2026-07-05 22:30:03] ======================================================================
[2026-07-05 22:30:03] Aero: Day-of-Travel Monitoring
[2026-07-05 22:30:03] ======================================================================
[2026-07-05 22:30:03] 
✈️ Checking DL938 on 2026-07-05 15:15
[2026-07-05 22:30:03]   Status: unknown
[2026-07-05 22:30:03]   Gate: 31A
[2026-07-05 22:30:03]   Terminal: N/A
[2026-07-05 22:30:03]   Delay: 0 minutes
[2026-07-05 22:30:03]   ✓ No changes detected
[2026-07-05 22:30:03] 
✈️ Checking DL938 on 2026-07-05 15:15
[2026-07-05 22:30:03]   Status: unknown
[2026-07-05 22:30:03]   Gate: 31A
[2026-07-05 22:30:03]   Terminal: N/A
[2026-07-05 22:30:03]   Delay: 0 minutes
[2026-07-05 22:30:03]   ✓ No changes detected
[2026-07-05 22:30:03] 
======================================================================
[2026-07-05 22:30:03] Summary: 2 flights checked, 0 alerts sent
[2026-07-05 22:30:03] ======================================================================
[2026-07-05 23:00:03] ✅ FlightAware client initialized
[2026-07-05 23:00:03] ======================================================================
[2026-07-05 23:00:03] Aero: Day-of-Travel Monitoring
[2026-07-05 23:00:03] ======================================================================
[2026-07-05 23:00:03] 
✈️ Checking DL938 on 2026-07-05 15:15
[2026-07-05 23:00:03]   Status: unknown
[2026-07-05 23:00:03]   Gate: 31A
[2026-07-05 23:00:03]   Terminal: N/A
[2026-07-05 23:00:03]   Delay: 0 minutes
[2026-07-05 23:00:03]   ✓ No changes detected
[2026-07-05 23:00:03] 
✈️ Checking DL938 on 2026-07-05 15:15
[2026-07-05 23:00:04]   Status: unknown
[2026-07-05 23:00:04]   Gate: 31A
[2026-07-05 23:00:04]   Terminal: N/A
[2026-07-05 23:00:04]   Delay: 0 minutes
[2026-07-05 23:00:04]   ✓ No changes detected
[2026-07-05 23:00:04] 
======================================================================
[2026-07-05 23:00:04] Summary: 2 flights checked, 0 alerts sent
[2026-07-05 23:00:04] ======================================================================
