========================================
Calendar Travel Checker - 2026-05-18 16:00:01
========================================
======================================================================
Calendar Travel Checker - Starting
2026-05-18 16:00:02

Calendar loaded: 81 events
Found 7 travel events in next 60 days
Grouped into 2 trips

⚠️  WARNING: Todoist returned 0 tasks - this may indicate a connection issue
Found 0 existing tasks (including completed)

  ✓ Trip already processed (state): Tasks for NYC Trip on May 16 - DL960 GAO7LP
  ✓ Trip already processed (state): Tasks for Tahoe Trip on May 22 - DL4099
======================================================================
SUMMARY: Created 0 tasks
======================================================================
✅ Check completed successfully

========================================
Calendar Travel Checker - 2026-05-20 16:00:01
========================================
======================================================================
Calendar Travel Checker - Starting
2026-05-20 16:00:01

Calendar loaded: 81 events
Found 7 travel events in next 60 days
Grouped into 2 trips

⚠️  WARNING: Todoist returned 0 tasks - this may indicate a connection issue
Found 0 existing tasks (including completed)

  ✓ Trip already processed (state): Tasks for NYC Trip on May 16 - DL960 GAO7LP
  ✓ Trip already processed (state): Tasks for Tahoe Trip on May 22 - DL4099
======================================================================
SUMMARY: Created 0 tasks
======================================================================
✅ Check completed successfully

