[2026-05-09 14:00:01] ============================================================
[2026-05-09 14:00:01] 🚗 Car Reservation Check Starting
[2026-05-09 14:00:01] ============================================================
[2026-05-09 14:00:01] 📊 Found 0 flights in 5-6 hour window
[2026-05-09 14:00:01] 
✅ Check complete. Alerts sent: 0
[2026-05-09 14:00:01] ============================================================
[2026-05-09 14:00:01] 🚗 Car Reservation Check Starting
[2026-05-09 14:00:01] ============================================================
[2026-05-09 14:00:01] 📊 Found 0 flights in 5-6 hour window
[2026-05-09 14:00:01] 
✅ Check complete. Alerts sent: 0
[2026-05-09 15:00:02] ============================================================
[2026-05-09 15:00:02] 🚗 Car Reservation Check Starting
[2026-05-09 15:00:02] ============================================================
[2026-05-09 15:00:02] ============================================================
[2026-05-09 15:00:02] 🚗 Car Reservation Check Starting
[2026-05-09 15:00:02] ============================================================
Traceback (most recent call last):
  File "/home/ubuntu/.openclaw/workspace/scripts/car_reservation_check.py", line 165, in <module>
    main()
  File "/home/ubuntu/.openclaw/workspace/scripts/car_reservation_check.py", line 146, in main
    flights = get_flights_needing_car_check()
              ^^^^^^^^^^^^^^^^^^^^^^^^^^^^^^^
  File "/home/ubuntu/.openclaw/workspace/scripts/car_reservation_check.py", line 125, in get_flights_needing_car_check
    start_time = start.get("dateTime") or start.get("date")
                 ^^^^^^^^^
AttributeError: 'str' object has no attribute 'get'
[2026-05-09 16:00:02] ============================================================
[2026-05-09 16:00:02] 🚗 Car Reservation Check Starting
[2026-05-09 16:00:02] ============================================================
[2026-05-09 16:00:02] ============================================================
[2026-05-09 16:00:02] 🚗 Car Reservation Check Starting
[2026-05-09 16:00:02] ============================================================
Traceback (most recent call last):
  File "/home/ubuntu/.openclaw/workspace/scripts/car_reservation_check.py", line 165, in <module>
    main()
  File "/home/ubuntu/.openclaw/workspace/scripts/car_reservation_check.py", line 146, in main
    flights = get_flights_needing_car_check()
              ^^^^^^^^^^^^^^^^^^^^^^^^^^^^^^^
  File "/home/ubuntu/.openclaw/workspace/scripts/car_reservation_check.py", line 125, in get_flights_needing_car_check
    start_time = start.get("dateTime") or start.get("date")
                 ^^^^^^^^^
AttributeError: 'str' object has no attribute 'get'
[2026-05-09 17:00:02] ============================================================
[2026-05-09 17:00:02] 🚗 Car Reservation Check Starting
[2026-05-09 17:00:02] ============================================================
[2026-05-09 17:00:02] ============================================================
[2026-05-09 17:00:02] 🚗 Car Reservation Check Starting
[2026-05-09 17:00:02] ============================================================
Traceback (most recent call last):
  File "/home/ubuntu/.openclaw/workspace/scripts/car_reservation_check.py", line 165, in <module>
    main()
  File "/home/ubuntu/.openclaw/workspace/scripts/car_reservation_check.py", line 146, in main
    flights = get_flights_needing_car_check()
              ^^^^^^^^^^^^^^^^^^^^^^^^^^^^^^^
  File "/home/ubuntu/.openclaw/workspace/scripts/car_reservation_check.py", line 125, in get_flights_needing_car_check
    start_time = start.get("dateTime") or start.get("date")
                 ^^^^^^^^^
AttributeError: 'str' object has no attribute 'get'
[2026-05-09 18:00:01] ============================================================
[2026-05-09 18:00:01] 🚗 Car Reservation Check Starting
[2026-05-09 18:00:01] ============================================================
[2026-05-09 18:00:01] ============================================================
[2026-05-09 18:00:01] 🚗 Car Reservation Check Starting
[2026-05-09 18:00:01] ============================================================
Traceback (most recent call last):
  File "/home/ubuntu/.openclaw/workspace/scripts/car_reservation_check.py", line 165, in <module>
    main()
  File "/home/ubuntu/.openclaw/workspace/scripts/car_reservation_check.py", line 146, in main
    flights = get_flights_needing_car_check()
              ^^^^^^^^^^^^^^^^^^^^^^^^^^^^^^^
  File "/home/ubuntu/.openclaw/workspace/scripts/car_reservation_check.py", line 125, in get_flights_needing_car_check
    start_time = start.get("dateTime") or start.get("date")
                 ^^^^^^^^^
AttributeError: 'str' object has no attribute 'get'
[2026-05-09 19:00:01] ============================================================
[2026-05-09 19:00:01] 🚗 Car Reservation Check Starting
[2026-05-09 19:00:01] ============================================================
[2026-05-09 19:00:01] ============================================================
[2026-05-09 19:00:01] 🚗 Car Reservation Check Starting
[2026-05-09 19:00:01] ============================================================
Traceback (most recent call last):
  File "/home/ubuntu/.openclaw/workspace/scripts/car_reservation_check.py", line 165, in <module>
    main()
  File "/home/ubuntu/.openclaw/workspace/scripts/car_reservation_check.py", line 146, in main
    flights = get_flights_needing_car_check()
              ^^^^^^^^^^^^^^^^^^^^^^^^^^^^^^^
  File "/home/ubuntu/.openclaw/workspace/scripts/car_reservation_check.py", line 125, in get_flights_needing_car_check
    start_time = start.get("dateTime") or start.get("date")
                 ^^^^^^^^^
AttributeError: 'str' object has no attribute 'get'
[2026-05-09 20:00:02] ============================================================
[2026-05-09 20:00:02] 🚗 Car Reservation Check Starting
[2026-05-09 20:00:02] ============================================================
[2026-05-09 20:00:02] ============================================================
[2026-05-09 20:00:02] 🚗 Car Reservation Check Starting
[2026-05-09 20:00:02] ============================================================
Traceback (most recent call last):
  File "/home/ubuntu/.openclaw/workspace/scripts/car_reservation_check.py", line 165, in <module>
    main()
  File "/home/ubuntu/.openclaw/workspace/scripts/car_reservation_check.py", line 146, in main
    flights = get_flights_needing_car_check()
              ^^^^^^^^^^^^^^^^^^^^^^^^^^^^^^^
  File "/home/ubuntu/.openclaw/workspace/scripts/car_reservation_check.py", line 125, in get_flights_needing_car_check
    start_time = start.get("dateTime") or start.get("date")
                 ^^^^^^^^^
AttributeError: 'str' object has no attribute 'get'
[2026-05-09 21:00:02] ============================================================
[2026-05-09 21:00:02] 🚗 Car Reservation Check Starting
[2026-05-09 21:00:02] ============================================================
[2026-05-09 21:00:02] ============================================================
[2026-05-09 21:00:02] 🚗 Car Reservation Check Starting
[2026-05-09 21:00:02] ============================================================
Traceback (most recent call last):
  File "/home/ubuntu/.openclaw/workspace/scripts/car_reservation_check.py", line 165, in <module>
    main()
  File "/home/ubuntu/.openclaw/workspace/scripts/car_reservation_check.py", line 146, in main
    flights = get_flights_needing_car_check()
              ^^^^^^^^^^^^^^^^^^^^^^^^^^^^^^^
  File "/home/ubuntu/.openclaw/workspace/scripts/car_reservation_check.py", line 125, in get_flights_needing_car_check
    start_time = start.get("dateTime") or start.get("date")
                 ^^^^^^^^^
AttributeError: 'str' object has no attribute 'get'
[2026-05-09 22:00:01] ============================================================
[2026-05-09 22:00:01] 🚗 Car Reservation Check Starting
[2026-05-09 22:00:01] ============================================================
[2026-05-09 22:00:01] ============================================================
[2026-05-09 22:00:01] 🚗 Car Reservation Check Starting
[2026-05-09 22:00:01] ============================================================
Traceback (most recent call last):
  File "/home/ubuntu/.openclaw/workspace/scripts/car_reservation_check.py", line 165, in <module>
    main()
  File "/home/ubuntu/.openclaw/workspace/scripts/car_reservation_check.py", line 146, in main
    flights = get_flights_needing_car_check()
              ^^^^^^^^^^^^^^^^^^^^^^^^^^^^^^^
  File "/home/ubuntu/.openclaw/workspace/scripts/car_reservation_check.py", line 125, in get_flights_needing_car_check
    start_time = start.get("dateTime") or start.get("date")
                 ^^^^^^^^^
AttributeError: 'str' object has no attribute 'get'
[2026-05-09 23:00:02] ============================================================
[2026-05-09 23:00:02] 🚗 Car Reservation Check Starting
[2026-05-09 23:00:02] ============================================================
[2026-05-09 23:00:02] ============================================================
[2026-05-09 23:00:02] 🚗 Car Reservation Check Starting
[2026-05-09 23:00:02] ============================================================
Traceback (most recent call last):
  File "/home/ubuntu/.openclaw/workspace/scripts/car_reservation_check.py", line 165, in <module>
    main()
  File "/home/ubuntu/.openclaw/workspace/scripts/car_reservation_check.py", line 146, in main
    flights = get_flights_needing_car_check()
              ^^^^^^^^^^^^^^^^^^^^^^^^^^^^^^^
  File "/home/ubuntu/.openclaw/workspace/scripts/car_reservation_check.py", line 125, in get_flights_needing_car_check
    start_time = start.get("dateTime") or start.get("date")
                 ^^^^^^^^^
AttributeError: 'str' object has no attribute 'get'
[2026-05-10 00:00:02] ============================================================
[2026-05-10 00:00:02] 🚗 Car Reservation Check Starting
[2026-05-10 00:00:02] ============================================================
[2026-05-10 00:00:02] ============================================================
[2026-05-10 00:00:02] 🚗 Car Reservation Check Starting
[2026-05-10 00:00:02] ============================================================
Traceback (most recent call last):
  File "/home/ubuntu/.openclaw/workspace/scripts/car_reservation_check.py", line 165, in <module>
    main()
  File "/home/ubuntu/.openclaw/workspace/scripts/car_reservation_check.py", line 146, in main
    flights = get_flights_needing_car_check()
              ^^^^^^^^^^^^^^^^^^^^^^^^^^^^^^^
  File "/home/ubuntu/.openclaw/workspace/scripts/car_reservation_check.py", line 125, in get_flights_needing_car_check
    start_time = start.get("dateTime") or start.get("date")
                 ^^^^^^^^^
AttributeError: 'str' object has no attribute 'get'
[2026-05-10 01:00:02] ============================================================
[2026-05-10 01:00:02] 🚗 Car Reservation Check Starting
[2026-05-10 01:00:02] ============================================================
[2026-05-10 01:00:02] ============================================================
[2026-05-10 01:00:02] 🚗 Car Reservation Check Starting
[2026-05-10 01:00:02] ============================================================
Traceback (most recent call last):
  File "/home/ubuntu/.openclaw/workspace/scripts/car_reservation_check.py", line 165, in <module>
    main()
  File "/home/ubuntu/.openclaw/workspace/scripts/car_reservation_check.py", line 146, in main
    flights = get_flights_needing_car_check()
              ^^^^^^^^^^^^^^^^^^^^^^^^^^^^^^^
  File "/home/ubuntu/.openclaw/workspace/scripts/car_reservation_check.py", line 125, in get_flights_needing_car_check
    start_time = start.get("dateTime") or start.get("date")
                 ^^^^^^^^^
AttributeError: 'str' object has no attribute 'get'
[2026-05-10 02:00:01] ============================================================
[2026-05-10 02:00:01] 🚗 Car Reservation Check Starting
[2026-05-10 02:00:01] ============================================================
[2026-05-10 02:00:01] ============================================================
[2026-05-10 02:00:01] 🚗 Car Reservation Check Starting
[2026-05-10 02:00:01] ============================================================
Traceback (most recent call last):
  File "/home/ubuntu/.openclaw/workspace/scripts/car_reservation_check.py", line 165, in <module>
    main()
  File "/home/ubuntu/.openclaw/workspace/scripts/car_reservation_check.py", line 146, in main
    flights = get_flights_needing_car_check()
              ^^^^^^^^^^^^^^^^^^^^^^^^^^^^^^^
  File "/home/ubuntu/.openclaw/workspace/scripts/car_reservation_check.py", line 125, in get_flights_needing_car_check
    start_time = start.get("dateTime") or start.get("date")
                 ^^^^^^^^^
AttributeError: 'str' object has no attribute 'get'
[2026-05-10 03:00:02] ============================================================
[2026-05-10 03:00:02] 🚗 Car Reservation Check Starting
[2026-05-10 03:00:02] ============================================================
[2026-05-10 03:00:02] ============================================================
[2026-05-10 03:00:02] 🚗 Car Reservation Check Starting
[2026-05-10 03:00:02] ============================================================
Traceback (most recent call last):
  File "/home/ubuntu/.openclaw/workspace/scripts/car_reservation_check.py", line 165, in <module>
    main()
  File "/home/ubuntu/.openclaw/workspace/scripts/car_reservation_check.py", line 146, in main
    flights = get_flights_needing_car_check()
              ^^^^^^^^^^^^^^^^^^^^^^^^^^^^^^^
  File "/home/ubuntu/.openclaw/workspace/scripts/car_reservation_check.py", line 125, in get_flights_needing_car_check
    start_time = start.get("dateTime") or start.get("date")
                 ^^^^^^^^^
AttributeError: 'str' object has no attribute 'get'
[2026-05-10 04:00:01] ============================================================
[2026-05-10 04:00:01] 🚗 Car Reservation Check Starting
[2026-05-10 04:00:01] ============================================================
[2026-05-10 04:00:01] ============================================================
[2026-05-10 04:00:01] 🚗 Car Reservation Check Starting
[2026-05-10 04:00:01] ============================================================
Traceback (most recent call last):
  File "/home/ubuntu/.openclaw/workspace/scripts/car_reservation_check.py", line 165, in <module>
    main()
  File "/home/ubuntu/.openclaw/workspace/scripts/car_reservation_check.py", line 146, in main
    flights = get_flights_needing_car_check()
              ^^^^^^^^^^^^^^^^^^^^^^^^^^^^^^^
  File "/home/ubuntu/.openclaw/workspace/scripts/car_reservation_check.py", line 125, in get_flights_needing_car_check
    start_time = start.get("dateTime") or start.get("date")
                 ^^^^^^^^^
AttributeError: 'str' object has no attribute 'get'
[2026-05-10 05:00:02] ============================================================
[2026-05-10 05:00:02] 🚗 Car Reservation Check Starting
[2026-05-10 05:00:02] ============================================================
[2026-05-10 05:00:02] ============================================================
[2026-05-10 05:00:02] 🚗 Car Reservation Check Starting
[2026-05-10 05:00:02] ============================================================
Traceback (most recent call last):
  File "/home/ubuntu/.openclaw/workspace/scripts/car_reservation_check.py", line 165, in <module>
    main()
  File "/home/ubuntu/.openclaw/workspace/scripts/car_reservation_check.py", line 146, in main
    flights = get_flights_needing_car_check()
              ^^^^^^^^^^^^^^^^^^^^^^^^^^^^^^^
  File "/home/ubuntu/.openclaw/workspace/scripts/car_reservation_check.py", line 125, in get_flights_needing_car_check
    start_time = start.get("dateTime") or start.get("date")
                 ^^^^^^^^^
AttributeError: 'str' object has no attribute 'get'
[2026-05-10 06:00:02] ============================================================
[2026-05-10 06:00:02] 🚗 Car Reservation Check Starting
[2026-05-10 06:00:02] ============================================================
[2026-05-10 06:00:02] ============================================================
[2026-05-10 06:00:02] 🚗 Car Reservation Check Starting
[2026-05-10 06:00:02] ============================================================
Traceback (most recent call last):
  File "/home/ubuntu/.openclaw/workspace/scripts/car_reservation_check.py", line 165, in <module>
    main()
  File "/home/ubuntu/.openclaw/workspace/scripts/car_reservation_check.py", line 146, in main
    flights = get_flights_needing_car_check()
              ^^^^^^^^^^^^^^^^^^^^^^^^^^^^^^^
  File "/home/ubuntu/.openclaw/workspace/scripts/car_reservation_check.py", line 125, in get_flights_needing_car_check
    start_time = start.get("dateTime") or start.get("date")
                 ^^^^^^^^^
AttributeError: 'str' object has no attribute 'get'
[2026-05-10 07:00:01] ============================================================
[2026-05-10 07:00:01] 🚗 Car Reservation Check Starting
[2026-05-10 07:00:01] ============================================================
[2026-05-10 07:00:01] ============================================================
[2026-05-10 07:00:01] 🚗 Car Reservation Check Starting
[2026-05-10 07:00:01] ============================================================
Traceback (most recent call last):
  File "/home/ubuntu/.openclaw/workspace/scripts/car_reservation_check.py", line 165, in <module>
    main()
  File "/home/ubuntu/.openclaw/workspace/scripts/car_reservation_check.py", line 146, in main
    flights = get_flights_needing_car_check()
              ^^^^^^^^^^^^^^^^^^^^^^^^^^^^^^^
  File "/home/ubuntu/.openclaw/workspace/scripts/car_reservation_check.py", line 125, in get_flights_needing_car_check
    start_time = start.get("dateTime") or start.get("date")
                 ^^^^^^^^^
AttributeError: 'str' object has no attribute 'get'
[2026-05-10 08:00:01] ============================================================
[2026-05-10 08:00:01] 🚗 Car Reservation Check Starting
[2026-05-10 08:00:01] ============================================================
[2026-05-10 08:00:01] ============================================================
[2026-05-10 08:00:01] 🚗 Car Reservation Check Starting
[2026-05-10 08:00:01] ============================================================
Traceback (most recent call last):
  File "/home/ubuntu/.openclaw/workspace/scripts/car_reservation_check.py", line 165, in <module>
    main()
  File "/home/ubuntu/.openclaw/workspace/scripts/car_reservation_check.py", line 146, in main
    flights = get_flights_needing_car_check()
              ^^^^^^^^^^^^^^^^^^^^^^^^^^^^^^^
  File "/home/ubuntu/.openclaw/workspace/scripts/car_reservation_check.py", line 125, in get_flights_needing_car_check
    start_time = start.get("dateTime") or start.get("date")
                 ^^^^^^^^^
AttributeError: 'str' object has no attribute 'get'
[2026-05-10 09:00:02] ============================================================
[2026-05-10 09:00:02] 🚗 Car Reservation Check Starting
[2026-05-10 09:00:02] ============================================================
[2026-05-10 09:00:02] ============================================================
[2026-05-10 09:00:02] 🚗 Car Reservation Check Starting
[2026-05-10 09:00:02] ============================================================
Traceback (most recent call last):
  File "/home/ubuntu/.openclaw/workspace/scripts/car_reservation_check.py", line 165, in <module>
    main()
  File "/home/ubuntu/.openclaw/workspace/scripts/car_reservation_check.py", line 146, in main
    flights = get_flights_needing_car_check()
              ^^^^^^^^^^^^^^^^^^^^^^^^^^^^^^^
  File "/home/ubuntu/.openclaw/workspace/scripts/car_reservation_check.py", line 125, in get_flights_needing_car_check
    start_time = start.get("dateTime") or start.get("date")
                 ^^^^^^^^^
AttributeError: 'str' object has no attribute 'get'
[2026-05-10 10:00:01] ============================================================
[2026-05-10 10:00:01] 🚗 Car Reservation Check Starting
[2026-05-10 10:00:01] ============================================================
[2026-05-10 10:00:01] ============================================================
[2026-05-10 10:00:01] 🚗 Car Reservation Check Starting
[2026-05-10 10:00:01] ============================================================
Traceback (most recent call last):
  File "/home/ubuntu/.openclaw/workspace/scripts/car_reservation_check.py", line 165, in <module>
    main()
  File "/home/ubuntu/.openclaw/workspace/scripts/car_reservation_check.py", line 146, in main
    flights = get_flights_needing_car_check()
              ^^^^^^^^^^^^^^^^^^^^^^^^^^^^^^^
  File "/home/ubuntu/.openclaw/workspace/scripts/car_reservation_check.py", line 125, in get_flights_needing_car_check
    start_time = start.get("dateTime") or start.get("date")
                 ^^^^^^^^^
AttributeError: 'str' object has no attribute 'get'
[2026-05-10 11:00:02] ============================================================
[2026-05-10 11:00:02] 🚗 Car Reservation Check Starting
[2026-05-10 11:00:02] ============================================================
[2026-05-10 11:00:02] ============================================================
[2026-05-10 11:00:02] 🚗 Car Reservation Check Starting
[2026-05-10 11:00:02] ============================================================
Traceback (most recent call last):
  File "/home/ubuntu/.openclaw/workspace/scripts/car_reservation_check.py", line 165, in <module>
    main()
  File "/home/ubuntu/.openclaw/workspace/scripts/car_reservation_check.py", line 146, in main
    flights = get_flights_needing_car_check()
              ^^^^^^^^^^^^^^^^^^^^^^^^^^^^^^^
  File "/home/ubuntu/.openclaw/workspace/scripts/car_reservation_check.py", line 125, in get_flights_needing_car_check
    start_time = start.get("dateTime") or start.get("date")
                 ^^^^^^^^^
AttributeError: 'str' object has no attribute 'get'
[2026-05-10 12:00:01] ============================================================
[2026-05-10 12:00:01] 🚗 Car Reservation Check Starting
[2026-05-10 12:00:01] ============================================================
[2026-05-10 12:00:01] ============================================================
[2026-05-10 12:00:01] 🚗 Car Reservation Check Starting
[2026-05-10 12:00:01] ============================================================
Traceback (most recent call last):
  File "/home/ubuntu/.openclaw/workspace/scripts/car_reservation_check.py", line 165, in <module>
    main()
  File "/home/ubuntu/.openclaw/workspace/scripts/car_reservation_check.py", line 146, in main
    flights = get_flights_needing_car_check()
              ^^^^^^^^^^^^^^^^^^^^^^^^^^^^^^^
  File "/home/ubuntu/.openclaw/workspace/scripts/car_reservation_check.py", line 125, in get_flights_needing_car_check
    start_time = start.get("dateTime") or start.get("date")
                 ^^^^^^^^^
AttributeError: 'str' object has no attribute 'get'
[2026-05-10 13:00:02] ============================================================
[2026-05-10 13:00:02] 🚗 Car Reservation Check Starting
[2026-05-10 13:00:02] ============================================================
[2026-05-10 13:00:02] ============================================================
[2026-05-10 13:00:02] 🚗 Car Reservation Check Starting
[2026-05-10 13:00:02] ============================================================
Traceback (most recent call last):
  File "/home/ubuntu/.openclaw/workspace/scripts/car_reservation_check.py", line 165, in <module>
    main()
  File "/home/ubuntu/.openclaw/workspace/scripts/car_reservation_check.py", line 146, in main
    flights = get_flights_needing_car_check()
              ^^^^^^^^^^^^^^^^^^^^^^^^^^^^^^^
  File "/home/ubuntu/.openclaw/workspace/scripts/car_reservation_check.py", line 125, in get_flights_needing_car_check
    start_time = start.get("dateTime") or start.get("date")
                 ^^^^^^^^^
AttributeError: 'str' object has no attribute 'get'
[2026-05-10 14:00:01] ============================================================
[2026-05-10 14:00:01] 🚗 Car Reservation Check Starting
[2026-05-10 14:00:01] ============================================================
[2026-05-10 14:00:01] ============================================================
[2026-05-10 14:00:01] 🚗 Car Reservation Check Starting
[2026-05-10 14:00:01] ============================================================
Traceback (most recent call last):
  File "/home/ubuntu/.openclaw/workspace/scripts/car_reservation_check.py", line 165, in <module>
    main()
  File "/home/ubuntu/.openclaw/workspace/scripts/car_reservation_check.py", line 146, in main
    flights = get_flights_needing_car_check()
              ^^^^^^^^^^^^^^^^^^^^^^^^^^^^^^^
  File "/home/ubuntu/.openclaw/workspace/scripts/car_reservation_check.py", line 125, in get_flights_needing_car_check
    start_time = start.get("dateTime") or start.get("date")
                 ^^^^^^^^^
AttributeError: 'str' object has no attribute 'get'
[2026-05-10 15:00:02] ============================================================
[2026-05-10 15:00:02] 🚗 Car Reservation Check Starting
[2026-05-10 15:00:02] ============================================================
[2026-05-10 15:00:02] ============================================================
[2026-05-10 15:00:02] 🚗 Car Reservation Check Starting
[2026-05-10 15:00:02] ============================================================
Traceback (most recent call last):
  File "/home/ubuntu/.openclaw/workspace/scripts/car_reservation_check.py", line 165, in <module>
    main()
  File "/home/ubuntu/.openclaw/workspace/scripts/car_reservation_check.py", line 146, in main
    flights = get_flights_needing_car_check()
              ^^^^^^^^^^^^^^^^^^^^^^^^^^^^^^^
  File "/home/ubuntu/.openclaw/workspace/scripts/car_reservation_check.py", line 125, in get_flights_needing_car_check
    start_time = start.get("dateTime") or start.get("date")
                 ^^^^^^^^^
AttributeError: 'str' object has no attribute 'get'
[2026-05-10 16:00:01] ============================================================
[2026-05-10 16:00:01] 🚗 Car Reservation Check Starting
[2026-05-10 16:00:01] ============================================================
[2026-05-10 16:00:01] ============================================================
[2026-05-10 16:00:01] 🚗 Car Reservation Check Starting
[2026-05-10 16:00:01] ============================================================
Traceback (most recent call last):
  File "/home/ubuntu/.openclaw/workspace/scripts/car_reservation_check.py", line 165, in <module>
    main()
  File "/home/ubuntu/.openclaw/workspace/scripts/car_reservation_check.py", line 146, in main
    flights = get_flights_needing_car_check()
              ^^^^^^^^^^^^^^^^^^^^^^^^^^^^^^^
  File "/home/ubuntu/.openclaw/workspace/scripts/car_reservation_check.py", line 125, in get_flights_needing_car_check
    start_time = start.get("dateTime") or start.get("date")
                 ^^^^^^^^^
AttributeError: 'str' object has no attribute 'get'
[2026-05-10 17:00:01] ============================================================
[2026-05-10 17:00:01] 🚗 Car Reservation Check Starting
[2026-05-10 17:00:01] ============================================================
[2026-05-10 17:00:01] ============================================================
[2026-05-10 17:00:01] 🚗 Car Reservation Check Starting
[2026-05-10 17:00:01] ============================================================
Traceback (most recent call last):
  File "/home/ubuntu/.openclaw/workspace/scripts/car_reservation_check.py", line 165, in <module>
    main()
  File "/home/ubuntu/.openclaw/workspace/scripts/car_reservation_check.py", line 146, in main
    flights = get_flights_needing_car_check()
              ^^^^^^^^^^^^^^^^^^^^^^^^^^^^^^^
  File "/home/ubuntu/.openclaw/workspace/scripts/car_reservation_check.py", line 125, in get_flights_needing_car_check
    start_time = start.get("dateTime") or start.get("date")
                 ^^^^^^^^^
AttributeError: 'str' object has no attribute 'get'
[2026-05-10 18:00:02] ============================================================
[2026-05-10 18:00:02] 🚗 Car Reservation Check Starting
[2026-05-10 18:00:02] ============================================================
[2026-05-10 18:00:02] ============================================================
[2026-05-10 18:00:02] 🚗 Car Reservation Check Starting
[2026-05-10 18:00:02] ============================================================
Traceback (most recent call last):
  File "/home/ubuntu/.openclaw/workspace/scripts/car_reservation_check.py", line 165, in <module>
    main()
  File "/home/ubuntu/.openclaw/workspace/scripts/car_reservation_check.py", line 146, in main
    flights = get_flights_needing_car_check()
              ^^^^^^^^^^^^^^^^^^^^^^^^^^^^^^^
  File "/home/ubuntu/.openclaw/workspace/scripts/car_reservation_check.py", line 125, in get_flights_needing_car_check
    start_time = start.get("dateTime") or start.get("date")
                 ^^^^^^^^^
AttributeError: 'str' object has no attribute 'get'
[2026-05-10 19:00:02] ============================================================
[2026-05-10 19:00:02] 🚗 Car Reservation Check Starting
[2026-05-10 19:00:02] ============================================================
[2026-05-10 19:00:02] ============================================================
[2026-05-10 19:00:02] 🚗 Car Reservation Check Starting
[2026-05-10 19:00:02] ============================================================
Traceback (most recent call last):
  File "/home/ubuntu/.openclaw/workspace/scripts/car_reservation_check.py", line 165, in <module>
    main()
  File "/home/ubuntu/.openclaw/workspace/scripts/car_reservation_check.py", line 146, in main
    flights = get_flights_needing_car_check()
              ^^^^^^^^^^^^^^^^^^^^^^^^^^^^^^^
  File "/home/ubuntu/.openclaw/workspace/scripts/car_reservation_check.py", line 125, in get_flights_needing_car_check
    start_time = start.get("dateTime") or start.get("date")
                 ^^^^^^^^^
AttributeError: 'str' object has no attribute 'get'
[2026-05-10 20:00:02] ============================================================
[2026-05-10 20:00:02] 🚗 Car Reservation Check Starting
[2026-05-10 20:00:02] ============================================================
[2026-05-10 20:00:02] ============================================================
[2026-05-10 20:00:02] 🚗 Car Reservation Check Starting
[2026-05-10 20:00:02] ============================================================
Traceback (most recent call last):
  File "/home/ubuntu/.openclaw/workspace/scripts/car_reservation_check.py", line 165, in <module>
    main()
  File "/home/ubuntu/.openclaw/workspace/scripts/car_reservation_check.py", line 146, in main
    flights = get_flights_needing_car_check()
              ^^^^^^^^^^^^^^^^^^^^^^^^^^^^^^^
  File "/home/ubuntu/.openclaw/workspace/scripts/car_reservation_check.py", line 125, in get_flights_needing_car_check
    start_time = start.get("dateTime") or start.get("date")
                 ^^^^^^^^^
AttributeError: 'str' object has no attribute 'get'
[2026-05-10 21:00:02] ============================================================
[2026-05-10 21:00:02] 🚗 Car Reservation Check Starting
[2026-05-10 21:00:02] ============================================================
[2026-05-10 21:00:02] ============================================================
[2026-05-10 21:00:02] 🚗 Car Reservation Check Starting
[2026-05-10 21:00:02] ============================================================
Traceback (most recent call last):
  File "/home/ubuntu/.openclaw/workspace/scripts/car_reservation_check.py", line 165, in <module>
    main()
  File "/home/ubuntu/.openclaw/workspace/scripts/car_reservation_check.py", line 146, in main
    flights = get_flights_needing_car_check()
              ^^^^^^^^^^^^^^^^^^^^^^^^^^^^^^^
  File "/home/ubuntu/.openclaw/workspace/scripts/car_reservation_check.py", line 125, in get_flights_needing_car_check
    start_time = start.get("dateTime") or start.get("date")
                 ^^^^^^^^^
AttributeError: 'str' object has no attribute 'get'
[2026-05-10 22:00:01] ============================================================
[2026-05-10 22:00:01] 🚗 Car Reservation Check Starting
[2026-05-10 22:00:01] ============================================================
[2026-05-10 22:00:01] ============================================================
[2026-05-10 22:00:01] 🚗 Car Reservation Check Starting
[2026-05-10 22:00:01] ============================================================
Traceback (most recent call last):
  File "/home/ubuntu/.openclaw/workspace/scripts/car_reservation_check.py", line 165, in <module>
    main()
  File "/home/ubuntu/.openclaw/workspace/scripts/car_reservation_check.py", line 146, in main
    flights = get_flights_needing_car_check()
              ^^^^^^^^^^^^^^^^^^^^^^^^^^^^^^^
  File "/home/ubuntu/.openclaw/workspace/scripts/car_reservation_check.py", line 125, in get_flights_needing_car_check
    start_time = start.get("dateTime") or start.get("date")
                 ^^^^^^^^^
AttributeError: 'str' object has no attribute 'get'
[2026-05-10 23:00:02] ============================================================
[2026-05-10 23:00:02] 🚗 Car Reservation Check Starting
[2026-05-10 23:00:02] ============================================================
[2026-05-10 23:00:02] ============================================================
[2026-05-10 23:00:02] 🚗 Car Reservation Check Starting
[2026-05-10 23:00:02] ============================================================
Traceback (most recent call last):
  File "/home/ubuntu/.openclaw/workspace/scripts/car_reservation_check.py", line 165, in <module>
    main()
  File "/home/ubuntu/.openclaw/workspace/scripts/car_reservation_check.py", line 146, in main
    flights = get_flights_needing_car_check()
              ^^^^^^^^^^^^^^^^^^^^^^^^^^^^^^^
  File "/home/ubuntu/.openclaw/workspace/scripts/car_reservation_check.py", line 125, in get_flights_needing_car_check
    start_time = start.get("dateTime") or start.get("date")
                 ^^^^^^^^^
AttributeError: 'str' object has no attribute 'get'
[2026-05-11 00:00:02] ============================================================
[2026-05-11 00:00:02] 🚗 Car Reservation Check Starting
[2026-05-11 00:00:02] ============================================================
[2026-05-11 00:00:02] ============================================================
[2026-05-11 00:00:02] 🚗 Car Reservation Check Starting
[2026-05-11 00:00:02] ============================================================
Traceback (most recent call last):
  File "/home/ubuntu/.openclaw/workspace/scripts/car_reservation_check.py", line 165, in <module>
    main()
  File "/home/ubuntu/.openclaw/workspace/scripts/car_reservation_check.py", line 146, in main
    flights = get_flights_needing_car_check()
              ^^^^^^^^^^^^^^^^^^^^^^^^^^^^^^^
  File "/home/ubuntu/.openclaw/workspace/scripts/car_reservation_check.py", line 125, in get_flights_needing_car_check
    start_time = start.get("dateTime") or start.get("date")
                 ^^^^^^^^^
AttributeError: 'str' object has no attribute 'get'
[2026-05-11 01:00:02] ============================================================
[2026-05-11 01:00:02] 🚗 Car Reservation Check Starting
[2026-05-11 01:00:02] ============================================================
[2026-05-11 01:00:02] ============================================================
[2026-05-11 01:00:02] 🚗 Car Reservation Check Starting
[2026-05-11 01:00:02] ============================================================
Traceback (most recent call last):
  File "/home/ubuntu/.openclaw/workspace/scripts/car_reservation_check.py", line 165, in <module>
    main()
  File "/home/ubuntu/.openclaw/workspace/scripts/car_reservation_check.py", line 146, in main
    flights = get_flights_needing_car_check()
              ^^^^^^^^^^^^^^^^^^^^^^^^^^^^^^^
  File "/home/ubuntu/.openclaw/workspace/scripts/car_reservation_check.py", line 125, in get_flights_needing_car_check
    start_time = start.get("dateTime") or start.get("date")
                 ^^^^^^^^^
AttributeError: 'str' object has no attribute 'get'
[2026-05-11 02:00:02] ============================================================
[2026-05-11 02:00:02] 🚗 Car Reservation Check Starting
[2026-05-11 02:00:02] ============================================================
[2026-05-11 02:00:02] ============================================================
[2026-05-11 02:00:02] 🚗 Car Reservation Check Starting
[2026-05-11 02:00:02] ============================================================
Traceback (most recent call last):
  File "/home/ubuntu/.openclaw/workspace/scripts/car_reservation_check.py", line 165, in <module>
    main()
  File "/home/ubuntu/.openclaw/workspace/scripts/car_reservation_check.py", line 146, in main
    flights = get_flights_needing_car_check()
              ^^^^^^^^^^^^^^^^^^^^^^^^^^^^^^^
  File "/home/ubuntu/.openclaw/workspace/scripts/car_reservation_check.py", line 125, in get_flights_needing_car_check
    start_time = start.get("dateTime") or start.get("date")
                 ^^^^^^^^^
AttributeError: 'str' object has no attribute 'get'
[2026-05-11 03:00:01] ============================================================
[2026-05-11 03:00:01] 🚗 Car Reservation Check Starting
[2026-05-11 03:00:01] ============================================================
[2026-05-11 03:00:01] ============================================================
[2026-05-11 03:00:01] 🚗 Car Reservation Check Starting
[2026-05-11 03:00:01] ============================================================
Traceback (most recent call last):
  File "/home/ubuntu/.openclaw/workspace/scripts/car_reservation_check.py", line 165, in <module>
    main()
  File "/home/ubuntu/.openclaw/workspace/scripts/car_reservation_check.py", line 146, in main
    flights = get_flights_needing_car_check()
              ^^^^^^^^^^^^^^^^^^^^^^^^^^^^^^^
  File "/home/ubuntu/.openclaw/workspace/scripts/car_reservation_check.py", line 125, in get_flights_needing_car_check
    start_time = start.get("dateTime") or start.get("date")
                 ^^^^^^^^^
AttributeError: 'str' object has no attribute 'get'
[2026-05-11 04:00:01] ============================================================
[2026-05-11 04:00:01] 🚗 Car Reservation Check Starting
[2026-05-11 04:00:01] ============================================================
[2026-05-11 04:00:01] ============================================================
[2026-05-11 04:00:01] 🚗 Car Reservation Check Starting
[2026-05-11 04:00:01] ============================================================
Traceback (most recent call last):
  File "/home/ubuntu/.openclaw/workspace/scripts/car_reservation_check.py", line 165, in <module>
    main()
  File "/home/ubuntu/.openclaw/workspace/scripts/car_reservation_check.py", line 146, in main
    flights = get_flights_needing_car_check()
              ^^^^^^^^^^^^^^^^^^^^^^^^^^^^^^^
  File "/home/ubuntu/.openclaw/workspace/scripts/car_reservation_check.py", line 125, in get_flights_needing_car_check
    start_time = start.get("dateTime") or start.get("date")
                 ^^^^^^^^^
AttributeError: 'str' object has no attribute 'get'
[2026-05-11 05:00:02] ============================================================
[2026-05-11 05:00:02] 🚗 Car Reservation Check Starting
[2026-05-11 05:00:02] ============================================================
[2026-05-11 05:00:02] ============================================================
[2026-05-11 05:00:02] 🚗 Car Reservation Check Starting
[2026-05-11 05:00:02] ============================================================
Traceback (most recent call last):
  File "/home/ubuntu/.openclaw/workspace/scripts/car_reservation_check.py", line 165, in <module>
    main()
  File "/home/ubuntu/.openclaw/workspace/scripts/car_reservation_check.py", line 146, in main
    flights = get_flights_needing_car_check()
              ^^^^^^^^^^^^^^^^^^^^^^^^^^^^^^^
  File "/home/ubuntu/.openclaw/workspace/scripts/car_reservation_check.py", line 125, in get_flights_needing_car_check
    start_time = start.get("dateTime") or start.get("date")
                 ^^^^^^^^^
AttributeError: 'str' object has no attribute 'get'
[2026-05-11 06:00:01] ============================================================
[2026-05-11 06:00:01] 🚗 Car Reservation Check Starting
[2026-05-11 06:00:01] ============================================================
[2026-05-11 06:00:01] ============================================================
[2026-05-11 06:00:01] 🚗 Car Reservation Check Starting
[2026-05-11 06:00:01] ============================================================
Traceback (most recent call last):
  File "/home/ubuntu/.openclaw/workspace/scripts/car_reservation_check.py", line 165, in <module>
    main()
  File "/home/ubuntu/.openclaw/workspace/scripts/car_reservation_check.py", line 146, in main
    flights = get_flights_needing_car_check()
              ^^^^^^^^^^^^^^^^^^^^^^^^^^^^^^^
  File "/home/ubuntu/.openclaw/workspace/scripts/car_reservation_check.py", line 125, in get_flights_needing_car_check
    start_time = start.get("dateTime") or start.get("date")
                 ^^^^^^^^^
AttributeError: 'str' object has no attribute 'get'
[2026-05-11 07:00:01] ============================================================
[2026-05-11 07:00:01] 🚗 Car Reservation Check Starting
[2026-05-11 07:00:01] ============================================================
[2026-05-11 07:00:01] ============================================================
[2026-05-11 07:00:01] 🚗 Car Reservation Check Starting
[2026-05-11 07:00:01] ============================================================
Traceback (most recent call last):
  File "/home/ubuntu/.openclaw/workspace/scripts/car_reservation_check.py", line 165, in <module>
    main()
  File "/home/ubuntu/.openclaw/workspace/scripts/car_reservation_check.py", line 146, in main
    flights = get_flights_needing_car_check()
              ^^^^^^^^^^^^^^^^^^^^^^^^^^^^^^^
  File "/home/ubuntu/.openclaw/workspace/scripts/car_reservation_check.py", line 125, in get_flights_needing_car_check
    start_time = start.get("dateTime") or start.get("date")
                 ^^^^^^^^^
AttributeError: 'str' object has no attribute 'get'
[2026-05-11 08:00:01] ============================================================
[2026-05-11 08:00:01] 🚗 Car Reservation Check Starting
[2026-05-11 08:00:01] ============================================================
[2026-05-11 08:00:01] ============================================================
[2026-05-11 08:00:01] 🚗 Car Reservation Check Starting
[2026-05-11 08:00:01] ============================================================
Traceback (most recent call last):
  File "/home/ubuntu/.openclaw/workspace/scripts/car_reservation_check.py", line 165, in <module>
    main()
  File "/home/ubuntu/.openclaw/workspace/scripts/car_reservation_check.py", line 146, in main
    flights = get_flights_needing_car_check()
              ^^^^^^^^^^^^^^^^^^^^^^^^^^^^^^^
  File "/home/ubuntu/.openclaw/workspace/scripts/car_reservation_check.py", line 125, in get_flights_needing_car_check
    start_time = start.get("dateTime") or start.get("date")
                 ^^^^^^^^^
AttributeError: 'str' object has no attribute 'get'
[2026-05-11 09:00:02] ============================================================
[2026-05-11 09:00:02] 🚗 Car Reservation Check Starting
[2026-05-11 09:00:02] ============================================================
[2026-05-11 09:00:02] ============================================================
[2026-05-11 09:00:02] 🚗 Car Reservation Check Starting
[2026-05-11 09:00:02] ============================================================
Traceback (most recent call last):
  File "/home/ubuntu/.openclaw/workspace/scripts/car_reservation_check.py", line 165, in <module>
    main()
  File "/home/ubuntu/.openclaw/workspace/scripts/car_reservation_check.py", line 146, in main
    flights = get_flights_needing_car_check()
              ^^^^^^^^^^^^^^^^^^^^^^^^^^^^^^^
  File "/home/ubuntu/.openclaw/workspace/scripts/car_reservation_check.py", line 125, in get_flights_needing_car_check
    start_time = start.get("dateTime") or start.get("date")
                 ^^^^^^^^^
AttributeError: 'str' object has no attribute 'get'
[2026-05-11 10:00:01] ============================================================
[2026-05-11 10:00:01] 🚗 Car Reservation Check Starting
[2026-05-11 10:00:01] ============================================================
[2026-05-11 10:00:01] ============================================================
[2026-05-11 10:00:01] 🚗 Car Reservation Check Starting
[2026-05-11 10:00:01] ============================================================
Traceback (most recent call last):
  File "/home/ubuntu/.openclaw/workspace/scripts/car_reservation_check.py", line 165, in <module>
    main()
  File "/home/ubuntu/.openclaw/workspace/scripts/car_reservation_check.py", line 146, in main
    flights = get_flights_needing_car_check()
              ^^^^^^^^^^^^^^^^^^^^^^^^^^^^^^^
  File "/home/ubuntu/.openclaw/workspace/scripts/car_reservation_check.py", line 125, in get_flights_needing_car_check
    start_time = start.get("dateTime") or start.get("date")
                 ^^^^^^^^^
AttributeError: 'str' object has no attribute 'get'
[2026-05-11 11:00:02] ============================================================
[2026-05-11 11:00:02] 🚗 Car Reservation Check Starting
[2026-05-11 11:00:02] ============================================================
[2026-05-11 11:00:02] ============================================================
[2026-05-11 11:00:02] 🚗 Car Reservation Check Starting
[2026-05-11 11:00:02] ============================================================
Traceback (most recent call last):
  File "/home/ubuntu/.openclaw/workspace/scripts/car_reservation_check.py", line 165, in <module>
    main()
  File "/home/ubuntu/.openclaw/workspace/scripts/car_reservation_check.py", line 146, in main
    flights = get_flights_needing_car_check()
              ^^^^^^^^^^^^^^^^^^^^^^^^^^^^^^^
  File "/home/ubuntu/.openclaw/workspace/scripts/car_reservation_check.py", line 125, in get_flights_needing_car_check
    start_time = start.get("dateTime") or start.get("date")
                 ^^^^^^^^^
AttributeError: 'str' object has no attribute 'get'
[2026-05-11 12:00:02] ============================================================
[2026-05-11 12:00:02] 🚗 Car Reservation Check Starting
[2026-05-11 12:00:02] ============================================================
[2026-05-11 12:00:02] ============================================================
[2026-05-11 12:00:02] 🚗 Car Reservation Check Starting
[2026-05-11 12:00:02] ============================================================
Traceback (most recent call last):
  File "/home/ubuntu/.openclaw/workspace/scripts/car_reservation_check.py", line 165, in <module>
    main()
  File "/home/ubuntu/.openclaw/workspace/scripts/car_reservation_check.py", line 146, in main
    flights = get_flights_needing_car_check()
              ^^^^^^^^^^^^^^^^^^^^^^^^^^^^^^^
  File "/home/ubuntu/.openclaw/workspace/scripts/car_reservation_check.py", line 125, in get_flights_needing_car_check
    start_time = start.get("dateTime") or start.get("date")
                 ^^^^^^^^^
AttributeError: 'str' object has no attribute 'get'
[2026-05-11 13:00:02] ============================================================
[2026-05-11 13:00:02] 🚗 Car Reservation Check Starting
[2026-05-11 13:00:02] ============================================================
[2026-05-11 13:00:02] ============================================================
[2026-05-11 13:00:02] 🚗 Car Reservation Check Starting
[2026-05-11 13:00:02] ============================================================
Traceback (most recent call last):
  File "/home/ubuntu/.openclaw/workspace/scripts/car_reservation_check.py", line 165, in <module>
    main()
  File "/home/ubuntu/.openclaw/workspace/scripts/car_reservation_check.py", line 146, in main
    flights = get_flights_needing_car_check()
              ^^^^^^^^^^^^^^^^^^^^^^^^^^^^^^^
  File "/home/ubuntu/.openclaw/workspace/scripts/car_reservation_check.py", line 125, in get_flights_needing_car_check
    start_time = start.get("dateTime") or start.get("date")
                 ^^^^^^^^^
AttributeError: 'str' object has no attribute 'get'
[2026-05-11 14:00:02] ============================================================
[2026-05-11 14:00:02] 🚗 Car Reservation Check Starting
[2026-05-11 14:00:02] ============================================================
[2026-05-11 14:00:02] ============================================================
[2026-05-11 14:00:02] 🚗 Car Reservation Check Starting
[2026-05-11 14:00:02] ============================================================
Traceback (most recent call last):
  File "/home/ubuntu/.openclaw/workspace/scripts/car_reservation_check.py", line 165, in <module>
    main()
  File "/home/ubuntu/.openclaw/workspace/scripts/car_reservation_check.py", line 146, in main
    flights = get_flights_needing_car_check()
              ^^^^^^^^^^^^^^^^^^^^^^^^^^^^^^^
  File "/home/ubuntu/.openclaw/workspace/scripts/car_reservation_check.py", line 125, in get_flights_needing_car_check
    start_time = start.get("dateTime") or start.get("date")
                 ^^^^^^^^^
AttributeError: 'str' object has no attribute 'get'
[2026-05-11 15:00:01] ============================================================
[2026-05-11 15:00:01] 🚗 Car Reservation Check Starting
[2026-05-11 15:00:01] ============================================================
[2026-05-11 15:00:01] ============================================================
[2026-05-11 15:00:01] 🚗 Car Reservation Check Starting
[2026-05-11 15:00:01] ============================================================
Traceback (most recent call last):
  File "/home/ubuntu/.openclaw/workspace/scripts/car_reservation_check.py", line 165, in <module>
    main()
  File "/home/ubuntu/.openclaw/workspace/scripts/car_reservation_check.py", line 146, in main
    flights = get_flights_needing_car_check()
              ^^^^^^^^^^^^^^^^^^^^^^^^^^^^^^^
  File "/home/ubuntu/.openclaw/workspace/scripts/car_reservation_check.py", line 125, in get_flights_needing_car_check
    start_time = start.get("dateTime") or start.get("date")
                 ^^^^^^^^^
AttributeError: 'str' object has no attribute 'get'
[2026-05-11 16:00:02] ============================================================
[2026-05-11 16:00:02] 🚗 Car Reservation Check Starting
[2026-05-11 16:00:02] ============================================================
[2026-05-11 16:00:02] ============================================================
[2026-05-11 16:00:02] 🚗 Car Reservation Check Starting
[2026-05-11 16:00:02] ============================================================
Traceback (most recent call last):
  File "/home/ubuntu/.openclaw/workspace/scripts/car_reservation_check.py", line 165, in <module>
    main()
  File "/home/ubuntu/.openclaw/workspace/scripts/car_reservation_check.py", line 146, in main
    flights = get_flights_needing_car_check()
              ^^^^^^^^^^^^^^^^^^^^^^^^^^^^^^^
  File "/home/ubuntu/.openclaw/workspace/scripts/car_reservation_check.py", line 125, in get_flights_needing_car_check
    start_time = start.get("dateTime") or start.get("date")
                 ^^^^^^^^^
AttributeError: 'str' object has no attribute 'get'
[2026-05-11 17:00:01] ============================================================
[2026-05-11 17:00:01] 🚗 Car Reservation Check Starting
[2026-05-11 17:00:01] ============================================================
[2026-05-11 17:00:01] ============================================================
[2026-05-11 17:00:01] 🚗 Car Reservation Check Starting
[2026-05-11 17:00:01] ============================================================
Traceback (most recent call last):
  File "/home/ubuntu/.openclaw/workspace/scripts/car_reservation_check.py", line 165, in <module>
    main()
  File "/home/ubuntu/.openclaw/workspace/scripts/car_reservation_check.py", line 146, in main
    flights = get_flights_needing_car_check()
              ^^^^^^^^^^^^^^^^^^^^^^^^^^^^^^^
  File "/home/ubuntu/.openclaw/workspace/scripts/car_reservation_check.py", line 125, in get_flights_needing_car_check
    start_time = start.get("dateTime") or start.get("date")
                 ^^^^^^^^^
AttributeError: 'str' object has no attribute 'get'
[2026-05-11 18:00:02] ============================================================
[2026-05-11 18:00:02] 🚗 Car Reservation Check Starting
[2026-05-11 18:00:02] ============================================================
[2026-05-11 18:00:02] ============================================================
[2026-05-11 18:00:02] 🚗 Car Reservation Check Starting
[2026-05-11 18:00:02] ============================================================
Traceback (most recent call last):
  File "/home/ubuntu/.openclaw/workspace/scripts/car_reservation_check.py", line 165, in <module>
    main()
  File "/home/ubuntu/.openclaw/workspace/scripts/car_reservation_check.py", line 146, in main
    flights = get_flights_needing_car_check()
              ^^^^^^^^^^^^^^^^^^^^^^^^^^^^^^^
  File "/home/ubuntu/.openclaw/workspace/scripts/car_reservation_check.py", line 125, in get_flights_needing_car_check
    start_time = start.get("dateTime") or start.get("date")
                 ^^^^^^^^^
AttributeError: 'str' object has no attribute 'get'
[2026-05-11 19:00:01] ============================================================
[2026-05-11 19:00:01] 🚗 Car Reservation Check Starting
[2026-05-11 19:00:01] ============================================================
[2026-05-11 19:00:01] ============================================================
[2026-05-11 19:00:01] 🚗 Car Reservation Check Starting
[2026-05-11 19:00:01] ============================================================
Traceback (most recent call last):
  File "/home/ubuntu/.openclaw/workspace/scripts/car_reservation_check.py", line 165, in <module>
    main()
  File "/home/ubuntu/.openclaw/workspace/scripts/car_reservation_check.py", line 146, in main
    flights = get_flights_needing_car_check()
              ^^^^^^^^^^^^^^^^^^^^^^^^^^^^^^^
  File "/home/ubuntu/.openclaw/workspace/scripts/car_reservation_check.py", line 125, in get_flights_needing_car_check
    start_time = start.get("dateTime") or start.get("date")
                 ^^^^^^^^^
AttributeError: 'str' object has no attribute 'get'
[2026-05-11 20:00:01] ============================================================
[2026-05-11 20:00:01] 🚗 Car Reservation Check Starting
[2026-05-11 20:00:01] ============================================================
[2026-05-11 20:00:01] ============================================================
[2026-05-11 20:00:01] 🚗 Car Reservation Check Starting
[2026-05-11 20:00:01] ============================================================
Traceback (most recent call last):
  File "/home/ubuntu/.openclaw/workspace/scripts/car_reservation_check.py", line 165, in <module>
    main()
  File "/home/ubuntu/.openclaw/workspace/scripts/car_reservation_check.py", line 146, in main
    flights = get_flights_needing_car_check()
              ^^^^^^^^^^^^^^^^^^^^^^^^^^^^^^^
  File "/home/ubuntu/.openclaw/workspace/scripts/car_reservation_check.py", line 125, in get_flights_needing_car_check
    start_time = start.get("dateTime") or start.get("date")
                 ^^^^^^^^^
AttributeError: 'str' object has no attribute 'get'
[2026-05-11 21:00:02] ============================================================
[2026-05-11 21:00:02] 🚗 Car Reservation Check Starting
[2026-05-11 21:00:02] ============================================================
[2026-05-11 21:00:02] ============================================================
[2026-05-11 21:00:02] 🚗 Car Reservation Check Starting
[2026-05-11 21:00:02] ============================================================
Traceback (most recent call last):
  File "/home/ubuntu/.openclaw/workspace/scripts/car_reservation_check.py", line 165, in <module>
    main()
  File "/home/ubuntu/.openclaw/workspace/scripts/car_reservation_check.py", line 146, in main
    flights = get_flights_needing_car_check()
              ^^^^^^^^^^^^^^^^^^^^^^^^^^^^^^^
  File "/home/ubuntu/.openclaw/workspace/scripts/car_reservation_check.py", line 125, in get_flights_needing_car_check
    start_time = start.get("dateTime") or start.get("date")
                 ^^^^^^^^^
AttributeError: 'str' object has no attribute 'get'
[2026-05-11 22:00:01] ============================================================
[2026-05-11 22:00:01] 🚗 Car Reservation Check Starting
[2026-05-11 22:00:01] ============================================================
[2026-05-11 22:00:01] ============================================================
[2026-05-11 22:00:01] 🚗 Car Reservation Check Starting
[2026-05-11 22:00:01] ============================================================
Traceback (most recent call last):
  File "/home/ubuntu/.openclaw/workspace/scripts/car_reservation_check.py", line 165, in <module>
    main()
  File "/home/ubuntu/.openclaw/workspace/scripts/car_reservation_check.py", line 146, in main
    flights = get_flights_needing_car_check()
              ^^^^^^^^^^^^^^^^^^^^^^^^^^^^^^^
  File "/home/ubuntu/.openclaw/workspace/scripts/car_reservation_check.py", line 125, in get_flights_needing_car_check
    start_time = start.get("dateTime") or start.get("date")
                 ^^^^^^^^^
AttributeError: 'str' object has no attribute 'get'
[2026-05-11 23:00:01] ============================================================
[2026-05-11 23:00:01] 🚗 Car Reservation Check Starting
[2026-05-11 23:00:01] ============================================================
[2026-05-11 23:00:01] ============================================================
[2026-05-11 23:00:01] 🚗 Car Reservation Check Starting
[2026-05-11 23:00:01] ============================================================
Traceback (most recent call last):
  File "/home/ubuntu/.openclaw/workspace/scripts/car_reservation_check.py", line 165, in <module>
    main()
  File "/home/ubuntu/.openclaw/workspace/scripts/car_reservation_check.py", line 146, in main
    flights = get_flights_needing_car_check()
              ^^^^^^^^^^^^^^^^^^^^^^^^^^^^^^^
  File "/home/ubuntu/.openclaw/workspace/scripts/car_reservation_check.py", line 125, in get_flights_needing_car_check
    start_time = start.get("dateTime") or start.get("date")
                 ^^^^^^^^^
AttributeError: 'str' object has no attribute 'get'
[2026-05-12 00:00:02] ============================================================
[2026-05-12 00:00:02] 🚗 Car Reservation Check Starting
[2026-05-12 00:00:02] ============================================================
[2026-05-12 00:00:02] ============================================================
[2026-05-12 00:00:02] 🚗 Car Reservation Check Starting
[2026-05-12 00:00:02] ============================================================
Traceback (most recent call last):
  File "/home/ubuntu/.openclaw/workspace/scripts/car_reservation_check.py", line 165, in <module>
    main()
  File "/home/ubuntu/.openclaw/workspace/scripts/car_reservation_check.py", line 146, in main
    flights = get_flights_needing_car_check()
              ^^^^^^^^^^^^^^^^^^^^^^^^^^^^^^^
  File "/home/ubuntu/.openclaw/workspace/scripts/car_reservation_check.py", line 125, in get_flights_needing_car_check
    start_time = start.get("dateTime") or start.get("date")
                 ^^^^^^^^^
AttributeError: 'str' object has no attribute 'get'
[2026-05-12 01:00:01] ============================================================
[2026-05-12 01:00:01] 🚗 Car Reservation Check Starting
[2026-05-12 01:00:01] ============================================================
[2026-05-12 01:00:01] ============================================================
[2026-05-12 01:00:01] 🚗 Car Reservation Check Starting
[2026-05-12 01:00:01] ============================================================
Traceback (most recent call last):
  File "/home/ubuntu/.openclaw/workspace/scripts/car_reservation_check.py", line 165, in <module>
    main()
  File "/home/ubuntu/.openclaw/workspace/scripts/car_reservation_check.py", line 146, in main
    flights = get_flights_needing_car_check()
              ^^^^^^^^^^^^^^^^^^^^^^^^^^^^^^^
  File "/home/ubuntu/.openclaw/workspace/scripts/car_reservation_check.py", line 125, in get_flights_needing_car_check
    start_time = start.get("dateTime") or start.get("date")
                 ^^^^^^^^^
AttributeError: 'str' object has no attribute 'get'
[2026-05-12 02:00:02] ============================================================
[2026-05-12 02:00:02] 🚗 Car Reservation Check Starting
[2026-05-12 02:00:02] ============================================================
[2026-05-12 02:00:02] ============================================================
[2026-05-12 02:00:02] 🚗 Car Reservation Check Starting
[2026-05-12 02:00:02] ============================================================
Traceback (most recent call last):
  File "/home/ubuntu/.openclaw/workspace/scripts/car_reservation_check.py", line 165, in <module>
    main()
  File "/home/ubuntu/.openclaw/workspace/scripts/car_reservation_check.py", line 146, in main
    flights = get_flights_needing_car_check()
              ^^^^^^^^^^^^^^^^^^^^^^^^^^^^^^^
  File "/home/ubuntu/.openclaw/workspace/scripts/car_reservation_check.py", line 125, in get_flights_needing_car_check
    start_time = start.get("dateTime") or start.get("date")
                 ^^^^^^^^^
AttributeError: 'str' object has no attribute 'get'
[2026-05-12 03:00:02] ============================================================
[2026-05-12 03:00:02] 🚗 Car Reservation Check Starting
[2026-05-12 03:00:02] ============================================================
[2026-05-12 03:00:02] ============================================================
[2026-05-12 03:00:02] 🚗 Car Reservation Check Starting
[2026-05-12 03:00:02] ============================================================
Traceback (most recent call last):
  File "/home/ubuntu/.openclaw/workspace/scripts/car_reservation_check.py", line 165, in <module>
    main()
  File "/home/ubuntu/.openclaw/workspace/scripts/car_reservation_check.py", line 146, in main
    flights = get_flights_needing_car_check()
              ^^^^^^^^^^^^^^^^^^^^^^^^^^^^^^^
  File "/home/ubuntu/.openclaw/workspace/scripts/car_reservation_check.py", line 125, in get_flights_needing_car_check
    start_time = start.get("dateTime") or start.get("date")
                 ^^^^^^^^^
AttributeError: 'str' object has no attribute 'get'
[2026-05-12 04:00:01] ============================================================
[2026-05-12 04:00:01] 🚗 Car Reservation Check Starting
[2026-05-12 04:00:01] ============================================================
[2026-05-12 04:00:01] ============================================================
[2026-05-12 04:00:01] 🚗 Car Reservation Check Starting
[2026-05-12 04:00:01] ============================================================
Traceback (most recent call last):
  File "/home/ubuntu/.openclaw/workspace/scripts/car_reservation_check.py", line 165, in <module>
    main()
  File "/home/ubuntu/.openclaw/workspace/scripts/car_reservation_check.py", line 146, in main
    flights = get_flights_needing_car_check()
              ^^^^^^^^^^^^^^^^^^^^^^^^^^^^^^^
  File "/home/ubuntu/.openclaw/workspace/scripts/car_reservation_check.py", line 125, in get_flights_needing_car_check
    start_time = start.get("dateTime") or start.get("date")
                 ^^^^^^^^^
AttributeError: 'str' object has no attribute 'get'
[2026-05-12 05:00:02] ============================================================
[2026-05-12 05:00:02] 🚗 Car Reservation Check Starting
[2026-05-12 05:00:02] ============================================================
[2026-05-12 05:00:02] ============================================================
[2026-05-12 05:00:02] 🚗 Car Reservation Check Starting
[2026-05-12 05:00:02] ============================================================
Traceback (most recent call last):
  File "/home/ubuntu/.openclaw/workspace/scripts/car_reservation_check.py", line 165, in <module>
    main()
  File "/home/ubuntu/.openclaw/workspace/scripts/car_reservation_check.py", line 146, in main
    flights = get_flights_needing_car_check()
              ^^^^^^^^^^^^^^^^^^^^^^^^^^^^^^^
  File "/home/ubuntu/.openclaw/workspace/scripts/car_reservation_check.py", line 125, in get_flights_needing_car_check
    start_time = start.get("dateTime") or start.get("date")
                 ^^^^^^^^^
AttributeError: 'str' object has no attribute 'get'
[2026-05-12 06:00:01] ============================================================
[2026-05-12 06:00:01] 🚗 Car Reservation Check Starting
[2026-05-12 06:00:01] ============================================================
[2026-05-12 06:00:01] ============================================================
[2026-05-12 06:00:01] 🚗 Car Reservation Check Starting
[2026-05-12 06:00:01] ============================================================
Traceback (most recent call last):
  File "/home/ubuntu/.openclaw/workspace/scripts/car_reservation_check.py", line 165, in <module>
    main()
  File "/home/ubuntu/.openclaw/workspace/scripts/car_reservation_check.py", line 146, in main
    flights = get_flights_needing_car_check()
              ^^^^^^^^^^^^^^^^^^^^^^^^^^^^^^^
  File "/home/ubuntu/.openclaw/workspace/scripts/car_reservation_check.py", line 125, in get_flights_needing_car_check
    start_time = start.get("dateTime") or start.get("date")
                 ^^^^^^^^^
AttributeError: 'str' object has no attribute 'get'
[2026-05-12 07:00:01] ============================================================
[2026-05-12 07:00:01] 🚗 Car Reservation Check Starting
[2026-05-12 07:00:01] ============================================================
[2026-05-12 07:00:01] ============================================================
[2026-05-12 07:00:01] 🚗 Car Reservation Check Starting
[2026-05-12 07:00:01] ============================================================
Traceback (most recent call last):
  File "/home/ubuntu/.openclaw/workspace/scripts/car_reservation_check.py", line 165, in <module>
    main()
  File "/home/ubuntu/.openclaw/workspace/scripts/car_reservation_check.py", line 146, in main
    flights = get_flights_needing_car_check()
              ^^^^^^^^^^^^^^^^^^^^^^^^^^^^^^^
  File "/home/ubuntu/.openclaw/workspace/scripts/car_reservation_check.py", line 125, in get_flights_needing_car_check
    start_time = start.get("dateTime") or start.get("date")
                 ^^^^^^^^^
AttributeError: 'str' object has no attribute 'get'
[2026-05-12 08:00:01] ============================================================
[2026-05-12 08:00:01] 🚗 Car Reservation Check Starting
[2026-05-12 08:00:01] ============================================================
[2026-05-12 08:00:01] ============================================================
[2026-05-12 08:00:01] 🚗 Car Reservation Check Starting
[2026-05-12 08:00:01] ============================================================
Traceback (most recent call last):
  File "/home/ubuntu/.openclaw/workspace/scripts/car_reservation_check.py", line 165, in <module>
    main()
  File "/home/ubuntu/.openclaw/workspace/scripts/car_reservation_check.py", line 146, in main
    flights = get_flights_needing_car_check()
              ^^^^^^^^^^^^^^^^^^^^^^^^^^^^^^^
  File "/home/ubuntu/.openclaw/workspace/scripts/car_reservation_check.py", line 125, in get_flights_needing_car_check
    start_time = start.get("dateTime") or start.get("date")
                 ^^^^^^^^^
AttributeError: 'str' object has no attribute 'get'
[2026-05-12 09:00:01] ============================================================
[2026-05-12 09:00:01] 🚗 Car Reservation Check Starting
[2026-05-12 09:00:01] ============================================================
[2026-05-12 09:00:01] ============================================================
[2026-05-12 09:00:01] 🚗 Car Reservation Check Starting
[2026-05-12 09:00:01] ============================================================
Traceback (most recent call last):
  File "/home/ubuntu/.openclaw/workspace/scripts/car_reservation_check.py", line 165, in <module>
    main()
  File "/home/ubuntu/.openclaw/workspace/scripts/car_reservation_check.py", line 146, in main
    flights = get_flights_needing_car_check()
              ^^^^^^^^^^^^^^^^^^^^^^^^^^^^^^^
  File "/home/ubuntu/.openclaw/workspace/scripts/car_reservation_check.py", line 125, in get_flights_needing_car_check
    start_time = start.get("dateTime") or start.get("date")
                 ^^^^^^^^^
AttributeError: 'str' object has no attribute 'get'
[2026-05-12 10:00:01] ============================================================
[2026-05-12 10:00:01] 🚗 Car Reservation Check Starting
[2026-05-12 10:00:01] ============================================================
[2026-05-12 10:00:01] ============================================================
[2026-05-12 10:00:01] 🚗 Car Reservation Check Starting
[2026-05-12 10:00:01] ============================================================
Traceback (most recent call last):
  File "/home/ubuntu/.openclaw/workspace/scripts/car_reservation_check.py", line 165, in <module>
    main()
  File "/home/ubuntu/.openclaw/workspace/scripts/car_reservation_check.py", line 146, in main
    flights = get_flights_needing_car_check()
              ^^^^^^^^^^^^^^^^^^^^^^^^^^^^^^^
  File "/home/ubuntu/.openclaw/workspace/scripts/car_reservation_check.py", line 125, in get_flights_needing_car_check
    start_time = start.get("dateTime") or start.get("date")
                 ^^^^^^^^^
AttributeError: 'str' object has no attribute 'get'
[2026-05-12 11:00:01] ============================================================
[2026-05-12 11:00:01] 🚗 Car Reservation Check Starting
[2026-05-12 11:00:01] ============================================================
[2026-05-12 11:00:01] ============================================================
[2026-05-12 11:00:01] 🚗 Car Reservation Check Starting
[2026-05-12 11:00:01] ============================================================
Traceback (most recent call last):
  File "/home/ubuntu/.openclaw/workspace/scripts/car_reservation_check.py", line 165, in <module>
    main()
  File "/home/ubuntu/.openclaw/workspace/scripts/car_reservation_check.py", line 146, in main
    flights = get_flights_needing_car_check()
              ^^^^^^^^^^^^^^^^^^^^^^^^^^^^^^^
  File "/home/ubuntu/.openclaw/workspace/scripts/car_reservation_check.py", line 125, in get_flights_needing_car_check
    start_time = start.get("dateTime") or start.get("date")
                 ^^^^^^^^^
AttributeError: 'str' object has no attribute 'get'
[2026-05-12 12:00:01] ============================================================
[2026-05-12 12:00:01] 🚗 Car Reservation Check Starting
[2026-05-12 12:00:01] ============================================================
[2026-05-12 12:00:01] ============================================================
[2026-05-12 12:00:01] 🚗 Car Reservation Check Starting
[2026-05-12 12:00:01] ============================================================
Traceback (most recent call last):
  File "/home/ubuntu/.openclaw/workspace/scripts/car_reservation_check.py", line 165, in <module>
    main()
  File "/home/ubuntu/.openclaw/workspace/scripts/car_reservation_check.py", line 146, in main
    flights = get_flights_needing_car_check()
              ^^^^^^^^^^^^^^^^^^^^^^^^^^^^^^^
  File "/home/ubuntu/.openclaw/workspace/scripts/car_reservation_check.py", line 125, in get_flights_needing_car_check
    start_time = start.get("dateTime") or start.get("date")
                 ^^^^^^^^^
AttributeError: 'str' object has no attribute 'get'
[2026-05-12 13:00:02] ============================================================
[2026-05-12 13:00:02] 🚗 Car Reservation Check Starting
[2026-05-12 13:00:02] ============================================================
[2026-05-12 13:00:02] ============================================================
[2026-05-12 13:00:02] 🚗 Car Reservation Check Starting
[2026-05-12 13:00:02] ============================================================
Traceback (most recent call last):
  File "/home/ubuntu/.openclaw/workspace/scripts/car_reservation_check.py", line 165, in <module>
    main()
  File "/home/ubuntu/.openclaw/workspace/scripts/car_reservation_check.py", line 146, in main
    flights = get_flights_needing_car_check()
              ^^^^^^^^^^^^^^^^^^^^^^^^^^^^^^^
  File "/home/ubuntu/.openclaw/workspace/scripts/car_reservation_check.py", line 125, in get_flights_needing_car_check
    start_time = start.get("dateTime") or start.get("date")
                 ^^^^^^^^^
AttributeError: 'str' object has no attribute 'get'
[2026-05-12 14:00:02] ============================================================
[2026-05-12 14:00:02] 🚗 Car Reservation Check Starting
[2026-05-12 14:00:02] ============================================================
[2026-05-12 14:00:02] ============================================================
[2026-05-12 14:00:02] 🚗 Car Reservation Check Starting
[2026-05-12 14:00:02] ============================================================
Traceback (most recent call last):
  File "/home/ubuntu/.openclaw/workspace/scripts/car_reservation_check.py", line 165, in <module>
    main()
  File "/home/ubuntu/.openclaw/workspace/scripts/car_reservation_check.py", line 146, in main
    flights = get_flights_needing_car_check()
              ^^^^^^^^^^^^^^^^^^^^^^^^^^^^^^^
  File "/home/ubuntu/.openclaw/workspace/scripts/car_reservation_check.py", line 125, in get_flights_needing_car_check
    start_time = start.get("dateTime") or start.get("date")
                 ^^^^^^^^^
AttributeError: 'str' object has no attribute 'get'
[2026-05-12 15:00:02] ============================================================
[2026-05-12 15:00:02] 🚗 Car Reservation Check Starting
[2026-05-12 15:00:02] ============================================================
[2026-05-12 15:00:02] ============================================================
[2026-05-12 15:00:02] 🚗 Car Reservation Check Starting
[2026-05-12 15:00:02] ============================================================
Traceback (most recent call last):
  File "/home/ubuntu/.openclaw/workspace/scripts/car_reservation_check.py", line 165, in <module>
    main()
  File "/home/ubuntu/.openclaw/workspace/scripts/car_reservation_check.py", line 146, in main
    flights = get_flights_needing_car_check()
              ^^^^^^^^^^^^^^^^^^^^^^^^^^^^^^^
  File "/home/ubuntu/.openclaw/workspace/scripts/car_reservation_check.py", line 125, in get_flights_needing_car_check
    start_time = start.get("dateTime") or start.get("date")
                 ^^^^^^^^^
AttributeError: 'str' object has no attribute 'get'
[2026-05-12 16:00:01] ============================================================
[2026-05-12 16:00:01] 🚗 Car Reservation Check Starting
[2026-05-12 16:00:01] ============================================================
[2026-05-12 16:00:01] ============================================================
[2026-05-12 16:00:01] 🚗 Car Reservation Check Starting
[2026-05-12 16:00:01] ============================================================
Traceback (most recent call last):
  File "/home/ubuntu/.openclaw/workspace/scripts/car_reservation_check.py", line 165, in <module>
    main()
  File "/home/ubuntu/.openclaw/workspace/scripts/car_reservation_check.py", line 146, in main
    flights = get_flights_needing_car_check()
              ^^^^^^^^^^^^^^^^^^^^^^^^^^^^^^^
  File "/home/ubuntu/.openclaw/workspace/scripts/car_reservation_check.py", line 125, in get_flights_needing_car_check
    start_time = start.get("dateTime") or start.get("date")
                 ^^^^^^^^^
AttributeError: 'str' object has no attribute 'get'
[2026-05-12 17:00:02] ============================================================
[2026-05-12 17:00:02] 🚗 Car Reservation Check Starting
[2026-05-12 17:00:02] ============================================================
[2026-05-12 17:00:02] ============================================================
[2026-05-12 17:00:02] 🚗 Car Reservation Check Starting
[2026-05-12 17:00:02] ============================================================
Traceback (most recent call last):
  File "/home/ubuntu/.openclaw/workspace/scripts/car_reservation_check.py", line 165, in <module>
    main()
  File "/home/ubuntu/.openclaw/workspace/scripts/car_reservation_check.py", line 146, in main
    flights = get_flights_needing_car_check()
              ^^^^^^^^^^^^^^^^^^^^^^^^^^^^^^^
  File "/home/ubuntu/.openclaw/workspace/scripts/car_reservation_check.py", line 125, in get_flights_needing_car_check
    start_time = start.get("dateTime") or start.get("date")
                 ^^^^^^^^^
AttributeError: 'str' object has no attribute 'get'
[2026-05-12 18:00:01] ============================================================
[2026-05-12 18:00:02] 🚗 Car Reservation Check Starting
[2026-05-12 18:00:02] ============================================================
[2026-05-12 18:00:01] ============================================================
[2026-05-12 18:00:02] 🚗 Car Reservation Check Starting
[2026-05-12 18:00:02] ============================================================
Traceback (most recent call last):
  File "/home/ubuntu/.openclaw/workspace/scripts/car_reservation_check.py", line 165, in <module>
    main()
  File "/home/ubuntu/.openclaw/workspace/scripts/car_reservation_check.py", line 146, in main
    flights = get_flights_needing_car_check()
              ^^^^^^^^^^^^^^^^^^^^^^^^^^^^^^^
  File "/home/ubuntu/.openclaw/workspace/scripts/car_reservation_check.py", line 125, in get_flights_needing_car_check
    start_time = start.get("dateTime") or start.get("date")
                 ^^^^^^^^^
AttributeError: 'str' object has no attribute 'get'
[2026-05-12 19:00:02] ============================================================
[2026-05-12 19:00:02] 🚗 Car Reservation Check Starting
[2026-05-12 19:00:02] ============================================================
[2026-05-12 19:00:02] ============================================================
[2026-05-12 19:00:02] 🚗 Car Reservation Check Starting
[2026-05-12 19:00:02] ============================================================
Traceback (most recent call last):
  File "/home/ubuntu/.openclaw/workspace/scripts/car_reservation_check.py", line 165, in <module>
    main()
  File "/home/ubuntu/.openclaw/workspace/scripts/car_reservation_check.py", line 146, in main
    flights = get_flights_needing_car_check()
              ^^^^^^^^^^^^^^^^^^^^^^^^^^^^^^^
  File "/home/ubuntu/.openclaw/workspace/scripts/car_reservation_check.py", line 125, in get_flights_needing_car_check
    start_time = start.get("dateTime") or start.get("date")
                 ^^^^^^^^^
AttributeError: 'str' object has no attribute 'get'
[2026-05-12 20:00:02] ============================================================
[2026-05-12 20:00:02] 🚗 Car Reservation Check Starting
[2026-05-12 20:00:02] ============================================================
[2026-05-12 20:00:02] ============================================================
[2026-05-12 20:00:02] 🚗 Car Reservation Check Starting
[2026-05-12 20:00:02] ============================================================
Traceback (most recent call last):
  File "/home/ubuntu/.openclaw/workspace/scripts/car_reservation_check.py", line 165, in <module>
    main()
  File "/home/ubuntu/.openclaw/workspace/scripts/car_reservation_check.py", line 146, in main
    flights = get_flights_needing_car_check()
              ^^^^^^^^^^^^^^^^^^^^^^^^^^^^^^^
  File "/home/ubuntu/.openclaw/workspace/scripts/car_reservation_check.py", line 125, in get_flights_needing_car_check
    start_time = start.get("dateTime") or start.get("date")
                 ^^^^^^^^^
AttributeError: 'str' object has no attribute 'get'
[2026-05-12 21:00:02] ============================================================
[2026-05-12 21:00:02] 🚗 Car Reservation Check Starting
[2026-05-12 21:00:02] ============================================================
[2026-05-12 21:00:02] ============================================================
[2026-05-12 21:00:02] 🚗 Car Reservation Check Starting
[2026-05-12 21:00:02] ============================================================
Traceback (most recent call last):
  File "/home/ubuntu/.openclaw/workspace/scripts/car_reservation_check.py", line 165, in <module>
    main()
  File "/home/ubuntu/.openclaw/workspace/scripts/car_reservation_check.py", line 146, in main
    flights = get_flights_needing_car_check()
              ^^^^^^^^^^^^^^^^^^^^^^^^^^^^^^^
  File "/home/ubuntu/.openclaw/workspace/scripts/car_reservation_check.py", line 125, in get_flights_needing_car_check
    start_time = start.get("dateTime") or start.get("date")
                 ^^^^^^^^^
AttributeError: 'str' object has no attribute 'get'
[2026-05-12 22:00:01] ============================================================
[2026-05-12 22:00:01] 🚗 Car Reservation Check Starting
[2026-05-12 22:00:01] ============================================================
[2026-05-12 22:00:01] ============================================================
[2026-05-12 22:00:01] 🚗 Car Reservation Check Starting
[2026-05-12 22:00:01] ============================================================
Traceback (most recent call last):
  File "/home/ubuntu/.openclaw/workspace/scripts/car_reservation_check.py", line 165, in <module>
    main()
  File "/home/ubuntu/.openclaw/workspace/scripts/car_reservation_check.py", line 146, in main
    flights = get_flights_needing_car_check()
              ^^^^^^^^^^^^^^^^^^^^^^^^^^^^^^^
  File "/home/ubuntu/.openclaw/workspace/scripts/car_reservation_check.py", line 125, in get_flights_needing_car_check
    start_time = start.get("dateTime") or start.get("date")
                 ^^^^^^^^^
AttributeError: 'str' object has no attribute 'get'
[2026-05-12 23:00:01] ============================================================
[2026-05-12 23:00:01] 🚗 Car Reservation Check Starting
[2026-05-12 23:00:01] ============================================================
[2026-05-12 23:00:01] ============================================================
[2026-05-12 23:00:01] 🚗 Car Reservation Check Starting
[2026-05-12 23:00:01] ============================================================
Traceback (most recent call last):
  File "/home/ubuntu/.openclaw/workspace/scripts/car_reservation_check.py", line 165, in <module>
    main()
  File "/home/ubuntu/.openclaw/workspace/scripts/car_reservation_check.py", line 146, in main
    flights = get_flights_needing_car_check()
              ^^^^^^^^^^^^^^^^^^^^^^^^^^^^^^^
  File "/home/ubuntu/.openclaw/workspace/scripts/car_reservation_check.py", line 125, in get_flights_needing_car_check
    start_time = start.get("dateTime") or start.get("date")
                 ^^^^^^^^^
AttributeError: 'str' object has no attribute 'get'
[2026-05-13 00:00:02] ============================================================
[2026-05-13 00:00:02] 🚗 Car Reservation Check Starting
[2026-05-13 00:00:02] ============================================================
[2026-05-13 00:00:02] ============================================================
[2026-05-13 00:00:02] 🚗 Car Reservation Check Starting
[2026-05-13 00:00:02] ============================================================
Traceback (most recent call last):
  File "/home/ubuntu/.openclaw/workspace/scripts/car_reservation_check.py", line 165, in <module>
    main()
  File "/home/ubuntu/.openclaw/workspace/scripts/car_reservation_check.py", line 146, in main
    flights = get_flights_needing_car_check()
              ^^^^^^^^^^^^^^^^^^^^^^^^^^^^^^^
  File "/home/ubuntu/.openclaw/workspace/scripts/car_reservation_check.py", line 125, in get_flights_needing_car_check
    start_time = start.get("dateTime") or start.get("date")
                 ^^^^^^^^^
AttributeError: 'str' object has no attribute 'get'
[2026-05-13 01:00:02] ============================================================
[2026-05-13 01:00:02] 🚗 Car Reservation Check Starting
[2026-05-13 01:00:02] ============================================================
[2026-05-13 01:00:02] ============================================================
[2026-05-13 01:00:02] 🚗 Car Reservation Check Starting
[2026-05-13 01:00:02] ============================================================
Traceback (most recent call last):
  File "/home/ubuntu/.openclaw/workspace/scripts/car_reservation_check.py", line 165, in <module>
    main()
  File "/home/ubuntu/.openclaw/workspace/scripts/car_reservation_check.py", line 146, in main
    flights = get_flights_needing_car_check()
              ^^^^^^^^^^^^^^^^^^^^^^^^^^^^^^^
  File "/home/ubuntu/.openclaw/workspace/scripts/car_reservation_check.py", line 125, in get_flights_needing_car_check
    start_time = start.get("dateTime") or start.get("date")
                 ^^^^^^^^^
AttributeError: 'str' object has no attribute 'get'
[2026-05-13 02:00:02] ============================================================
[2026-05-13 02:00:02] 🚗 Car Reservation Check Starting
[2026-05-13 02:00:02] ============================================================
[2026-05-13 02:00:02] ============================================================
[2026-05-13 02:00:02] 🚗 Car Reservation Check Starting
[2026-05-13 02:00:02] ============================================================
Traceback (most recent call last):
  File "/home/ubuntu/.openclaw/workspace/scripts/car_reservation_check.py", line 165, in <module>
    main()
  File "/home/ubuntu/.openclaw/workspace/scripts/car_reservation_check.py", line 146, in main
    flights = get_flights_needing_car_check()
              ^^^^^^^^^^^^^^^^^^^^^^^^^^^^^^^
  File "/home/ubuntu/.openclaw/workspace/scripts/car_reservation_check.py", line 125, in get_flights_needing_car_check
    start_time = start.get("dateTime") or start.get("date")
                 ^^^^^^^^^
AttributeError: 'str' object has no attribute 'get'
[2026-05-13 03:00:01] ============================================================
[2026-05-13 03:00:01] 🚗 Car Reservation Check Starting
[2026-05-13 03:00:01] ============================================================
[2026-05-13 03:00:01] ============================================================
[2026-05-13 03:00:01] 🚗 Car Reservation Check Starting
[2026-05-13 03:00:01] ============================================================
Traceback (most recent call last):
  File "/home/ubuntu/.openclaw/workspace/scripts/car_reservation_check.py", line 165, in <module>
    main()
  File "/home/ubuntu/.openclaw/workspace/scripts/car_reservation_check.py", line 146, in main
    flights = get_flights_needing_car_check()
              ^^^^^^^^^^^^^^^^^^^^^^^^^^^^^^^
  File "/home/ubuntu/.openclaw/workspace/scripts/car_reservation_check.py", line 125, in get_flights_needing_car_check
    start_time = start.get("dateTime") or start.get("date")
                 ^^^^^^^^^
AttributeError: 'str' object has no attribute 'get'
[2026-05-13 04:00:02] ============================================================
[2026-05-13 04:00:02] 🚗 Car Reservation Check Starting
[2026-05-13 04:00:02] ============================================================
[2026-05-13 04:00:02] ============================================================
[2026-05-13 04:00:02] 🚗 Car Reservation Check Starting
[2026-05-13 04:00:02] ============================================================
Traceback (most recent call last):
  File "/home/ubuntu/.openclaw/workspace/scripts/car_reservation_check.py", line 165, in <module>
    main()
  File "/home/ubuntu/.openclaw/workspace/scripts/car_reservation_check.py", line 146, in main
    flights = get_flights_needing_car_check()
              ^^^^^^^^^^^^^^^^^^^^^^^^^^^^^^^
  File "/home/ubuntu/.openclaw/workspace/scripts/car_reservation_check.py", line 125, in get_flights_needing_car_check
    start_time = start.get("dateTime") or start.get("date")
                 ^^^^^^^^^
AttributeError: 'str' object has no attribute 'get'
