[2026-03-22 14:45:26] ======================================================================
[2026-03-22 14:45:26] Starting Enhanced Competitive Intelligence Scan
[2026-03-22 14:45:26] ======================================================================
[2026-03-22 14:45:26] 
1. Scanning RSS feeds...
[2026-03-22 14:45:30]    Found 15 new articles from RSS
[2026-03-22 14:45:30] 
2. Searching web for competitive news...
[2026-03-22 14:45:38] ======================================================================
[2026-03-22 14:45:38] Starting Enhanced Competitive Intelligence Scan
[2026-03-22 14:45:38] ======================================================================
[2026-03-22 14:45:38] 
1. Scanning RSS feeds...
[2026-03-22 14:45:40]    Found 0 new articles from RSS
[2026-03-22 14:45:40] 
2. Searching web for competitive news...
[2026-03-22 14:45:40] ⚠️ No BRAVE_API_KEY found, skipping web search
[2026-03-22 14:45:40]    Found 0 new articles from web search
[2026-03-22 14:45:40] 
3. Checking LinkedIn updates...
[2026-03-22 14:45:40] LinkedIn monitoring: 5 companies configured
[2026-03-22 14:45:40] Note: LinkedIn API integration required for full functionality
[2026-03-22 14:45:40]    Found 0 LinkedIn updates
[2026-03-22 14:45:40] 
4. Checking job boards...
[2026-03-22 14:45:40] Job board monitoring: 5 companies
[2026-03-22 14:45:40]    Found 0 job postings
[2026-03-22 14:45:40] 
✅ No new competitive signals found
[2026-03-22 21:00:01] ======================================================================
[2026-03-22 21:00:01] Starting Enhanced Competitive Intelligence Scan
[2026-03-22 21:00:01] ======================================================================
[2026-03-22 21:00:01] 
1. Scanning RSS feeds...
[2026-03-22 21:00:04]    Found 2 new articles from RSS
[2026-03-22 21:00:04] 
2. Searching web for competitive news...
[2026-03-22 21:00:04] ⚠️ No BRAVE_API_KEY found, skipping web search
[2026-03-22 21:00:04]    Found 0 new articles from web search
[2026-03-22 21:00:04] 
3. Checking LinkedIn updates...
[2026-03-22 21:00:04] LinkedIn monitoring: 5 companies configured
[2026-03-22 21:00:04] Note: LinkedIn API integration required for full functionality
[2026-03-22 21:00:04]    Found 0 LinkedIn updates
[2026-03-22 21:00:04] 
4. Checking job boards...
[2026-03-22 21:00:04] Job board monitoring: 5 companies
[2026-03-22 21:00:04]    Found 0 job postings
[2026-03-22 21:00:04] 
✅ Total new articles: 2
[2026-03-23 00:42:16] ======================================================================
[2026-03-23 00:42:16] Starting Enhanced Competitive Intelligence Scan
[2026-03-23 00:42:16] ======================================================================
[2026-03-23 00:42:16] 
1. Scanning RSS feeds...
[2026-03-23 00:42:19]    Found 1 new articles from RSS
[2026-03-23 00:42:19] 
2. Searching web for competitive news...
[2026-03-23 00:42:21]    Found 15 new articles from web search
[2026-03-23 00:42:21] 
3. Checking LinkedIn updates...
[2026-03-23 00:42:21] LinkedIn monitoring: 5 companies configured
[2026-03-23 00:42:21] Note: LinkedIn API integration required for full functionality
[2026-03-23 00:42:21]    Found 0 LinkedIn updates
[2026-03-23 00:42:21] 
4. Checking job boards...
[2026-03-23 00:42:21] Job board monitoring: 5 companies
[2026-03-23 00:42:21]    Found 0 job postings
[2026-03-23 00:42:21] 
✅ Total new articles: 16
[2026-03-23 00:54:47] ======================================================================
[2026-03-23 00:54:47] Starting Enhanced Competitive Intelligence Scan
[2026-03-23 00:54:47] ======================================================================
[2026-03-23 00:54:47] 
1. Scanning RSS feeds...
[2026-03-23 00:54:50]    Found 16 new articles from RSS
[2026-03-23 00:54:50] 
2. Searching web for competitive news...
[2026-03-23 00:54:52]    Found 9 new articles from web search
[2026-03-23 00:54:52] 
3. Checking LinkedIn updates...
[2026-03-23 00:54:52] LinkedIn monitoring: 5 companies configured
[2026-03-23 00:54:52] Note: LinkedIn API integration required for full functionality
[2026-03-23 00:54:52]    Found 0 LinkedIn updates
[2026-03-23 00:54:52] 
4. Checking job boards...
[2026-03-23 00:54:52] Job board monitoring: 5 companies
[2026-03-23 00:54:52]    Found 0 job postings
[2026-03-23 00:54:52] 
✅ Total new articles: 25
