[2026-06-17 14:00:02] ======================================================================
[2026-06-17 14:00:02] Starting Competitive Intelligence Scan v3
[2026-06-17 14:00:02] ======================================================================
[2026-06-17 14:00:02] 
1. Scanning RSS feeds...
[2026-06-17 14:00:02]    Scanning: Maven - Google Alerts
[2026-06-17 14:00:02]    Scanning: Carrot - Google Alerts
[2026-06-17 14:00:03]    Scanning: KindBody - Google Alerts
[2026-06-17 14:00:03]    Scanning: WIN Fertility - Google Alerts
[2026-06-17 14:00:03]    Scanning: Pomelo Health - Google Alerts
[2026-06-17 14:00:03]    Scanning: Oura - Google Alerts
[2026-06-17 14:00:04]    Scanning: Maven - Press Releases
[2026-06-17 14:00:04]    Scanning: Carrot - Press Releases
[2026-06-17 14:00:05]    Skipping duplicate title: Carrot Tackles Rural America's Fertility Care Access Crisis ...
[2026-06-17 14:00:05]    Skipping duplicate title: Carrot Brings AI-Native Metabolic Care to Every Stage of Men...
[2026-06-17 14:00:05]    Scanning: KindBody - Press Releases
[2026-06-17 14:00:05]    Scanning: Oura - Press Releases
[2026-06-17 14:00:06]    Scanning: Midi Health - Press Releases
[2026-06-17 14:00:06]    Scanning: Evernow - Press Releases
[2026-06-17 14:00:07]    Scanning: FemTech Funding News
[2026-06-17 14:00:07]    Scanning: Women's Health AI
[2026-06-17 14:00:08]    Found 11 new articles from RSS
[2026-06-17 14:00:08] 
2. Searching web for competitive news...
[2026-06-17 14:00:09]    Skipping duplicate title: What Is Maven Smart System, and What Does It Do? | CSIS...
[2026-06-17 14:00:10]    Skipping duplicate title: Maven Expands Virtual Clinic Nationwide, Integrating GLP-1 a...
[2026-06-17 14:00:11]    Found 10 new articles from web search
[2026-06-17 14:00:11] 
3. Checking LinkedIn executive posts...
[2026-06-17 14:00:30]    ✓ LinkedIn executive scan complete
[2026-06-17 14:00:30]    Skipping 544b8ce0... (low FemTech relevance: 0)
[2026-06-17 14:00:30]    Skipping d8ada2e2... (low FemTech relevance: 15)
[2026-06-17 14:00:30]    Skipping dba8659b... (low FemTech relevance: 8)
[2026-06-17 14:00:30]    Skipping f91f2997... (low FemTech relevance: 12)
[2026-06-17 14:00:30]    Skipping acb74e0c... (low FemTech relevance: 12)
[2026-06-17 14:00:30]    Skipping e53296ea... (low FemTech relevance: 8)
[2026-06-17 14:00:30]    Skipping 572a46e1... (low FemTech relevance: 8)
[2026-06-17 14:00:30]    Skipping fa82cd1b... (low FemTech relevance: 8)
[2026-06-17 14:00:30]    Skipping f762bb41... (low FemTech relevance: 12)
[2026-06-17 14:00:30]    Skipping bb407751... (low FemTech relevance: 8)
[2026-06-17 14:00:30]    Skipping c581046a... (low FemTech relevance: 0)
[2026-06-17 14:00:30]    Skipping 2b445662... (low FemTech relevance: 15)
[2026-06-17 14:00:30]    Skipping 7a3a3adb... (low FemTech relevance: 15)
[2026-06-17 14:00:30] 
✅ Total new articles: 8
[2026-06-17 21:00:02] ======================================================================
[2026-06-17 21:00:02] Starting Competitive Intelligence Scan v3
[2026-06-17 21:00:02] ======================================================================
[2026-06-17 21:00:02] 
1. Scanning RSS feeds...
[2026-06-17 21:00:02]    Scanning: Maven - Google Alerts
[2026-06-17 21:00:02]    Scanning: Carrot - Google Alerts
[2026-06-17 21:00:02]    Scanning: KindBody - Google Alerts
[2026-06-17 21:00:03]    Scanning: WIN Fertility - Google Alerts
[2026-06-17 21:00:03]    Scanning: Pomelo Health - Google Alerts
[2026-06-17 21:00:04]    Scanning: Oura - Google Alerts
[2026-06-17 21:00:04]    Scanning: Maven - Press Releases
[2026-06-17 21:00:05]    Scanning: Carrot - Press Releases
[2026-06-17 21:00:05]    Skipping duplicate title: Carrot Tackles Rural America's Fertility Care Access Crisis ...
[2026-06-17 21:00:05]    Skipping duplicate title: Carrot Brings AI-Native Metabolic Care to Every Stage of Men...
[2026-06-17 21:00:05]    Scanning: KindBody - Press Releases
[2026-06-17 21:00:06]    Scanning: Oura - Press Releases
[2026-06-17 21:00:06]    Scanning: Midi Health - Press Releases
[2026-06-17 21:00:07]    Scanning: Evernow - Press Releases
[2026-06-17 21:00:07]    Scanning: FemTech Funding News
[2026-06-17 21:00:08]    Scanning: Women's Health AI
[2026-06-17 21:00:08]    Found 3 new articles from RSS
[2026-06-17 21:00:08] 
2. Searching web for competitive news...
[2026-06-17 21:00:10]    Skipping duplicate title: Maven Expands Virtual Clinic Nationwide, Integrating GLP-1 a...
[2026-06-17 21:00:11]    Found 1 new articles from web search
[2026-06-17 21:00:11] 
3. Checking LinkedIn executive posts...
[2026-06-17 21:00:31]    ✓ LinkedIn executive scan complete
[2026-06-17 21:00:31]    Skipping 054a0f0b... (low FemTech relevance: 8)
[2026-06-17 21:00:31]    Skipping 8f560c5b... (low FemTech relevance: 8)
[2026-06-17 21:00:31]    Skipping deb5f6a2... (low FemTech relevance: 8)
[2026-06-17 21:00:31] 
✅ Total new articles: 1
