[2026-06-29 14:00:02] Starting competitive intelligence v3...
[2026-06-29 14:00:02] Step 1: RSS + Web search...
[2026-06-29 14:00:03] ======================================================================
[2026-06-29 14:00:03] Starting Competitive Intelligence Scan v3
[2026-06-29 14:00:03] ======================================================================
[2026-06-29 14:00:03] 
1. Scanning RSS feeds...
[2026-06-29 14:00:03]    Scanning: Maven - Google Alerts
[2026-06-29 14:00:03]    Scanning: Carrot - Google Alerts
[2026-06-29 14:00:04]    Scanning: KindBody - Google Alerts
[2026-06-29 14:00:04]    Scanning: WIN Fertility - Google Alerts
[2026-06-29 14:00:04]    Scanning: Pomelo Health - Google Alerts
[2026-06-29 14:00:05]    Scanning: Oura - Google Alerts
[2026-06-29 14:00:05]    Scanning: Maven - Press Releases
[2026-06-29 14:00:06]    Skipping duplicate title: Maven Clinic Launches Clinical Research Institute to Set the...
[2026-06-29 14:00:06]    Scanning: Carrot - Press Releases
[2026-06-29 14:00:06]    Skipping duplicate title: Carrot Brings AI-Native Metabolic Care to Every Stage of Men...
[2026-06-29 14:00:06]    Skipping duplicate title: Carrot Tackles Rural America's Fertility Care Access Crisis ...
[2026-06-29 14:00:06]    Scanning: KindBody - Press Releases
[2026-06-29 14:00:07]    Scanning: Oura - Press Releases
[2026-06-29 14:00:07]    Scanning: Midi Health - Press Releases
[2026-06-29 14:00:08]    Scanning: Evernow - Press Releases
[2026-06-29 14:00:08]    Scanning: FemTech Funding News
[2026-06-29 14:00:09]    Scanning: Women's Health AI
[2026-06-29 14:00:10]    Found 3 new articles from RSS
[2026-06-29 14:00:10] 
2. Searching web for competitive news...
[2026-06-29 14:00:11]    Skipping duplicate title: What Is Maven Smart System, and What Does It Do? | CSIS...
[2026-06-29 14:00:11]    Skipping duplicate title: Maven Expands Virtual Clinic Nationwide, Integrating GLP-1 a...
[2026-06-29 14:00:12]    Found 2 new articles from web search
[2026-06-29 14:00:12] 
3. Checking LinkedIn executive posts...
[2026-06-29 14:00:32]    ✓ LinkedIn executive scan complete
[2026-06-29 14:00:32]    Skipping 1d4b5bb6... (low FemTech relevance: 15)
[2026-06-29 14:00:32]    Skipping e4c9fd96... (low FemTech relevance: 8)
[2026-06-29 14:00:32]    Skipping ec06260a... (low FemTech relevance: 8)
[2026-06-29 14:00:32]    Skipping aa3ffe3d... (low FemTech relevance: 15)
[2026-06-29 14:00:32] 
✅ Total new articles: 1

======================================================================
COMPETITIVE INTELLIGENCE: 1 NEW SIGNALS
======================================================================
🔴 Critical: 0 | 🟠 High: 0 | 🟡 Medium: 0
======================================================================

🟡 [General] Top Women's Healthcare Market Companies Driving The Future Of Digital ...

======================================================================
[2026-06-29 14:00:32] Step 2: LinkedIn + job changes...
======================================================================
LinkedIn Executive & Job Change Monitoring
======================================================================

1. Searching for executive team updates...
   Maven: 3 updates
   Carrot: 9 updates
   KindBody: 7 updates
   WIN Fertility: 2 updates
   Pomelo Health: 2 updates
   Midi Health: 6 updates
   Evernow: 4 updates
   Pacify: 4 updates
   Oura: 6 updates

2. Searching for executive job changes...
   Found 16 job changes

3. Searching for company announcements...
   Found 8 company posts

✅ No new LinkedIn/exec updates found
[2026-06-29 14:00:39] Step 3: Generating email...
✅ Email generated: /home/ubuntu/.openclaw/workspace/config/competitor-email-v3.html
   Critical: 5 | High: 3 | Medium: 2
[2026-06-29 14:00:39] Sending competitive intelligence email...
✅ Email sent successfully to ['[REDACTED],geoffrey.clapp@progyny.com', 'steven.leist@progyny.com']
[2026-06-29 14:00:41] ✅ Email sent
[2026-06-29 14:00:41] Complete
running competitor-report-morning at 2026-06-29 07:00 PDT (America/Los_Angeles, today's calendar: calabasas)
