[2026-03-03 23:53:32] === Starting Competitive Intelligence Scan ===
[2026-03-03 23:53:32] Scanning: Maven - Google Alerts
[2026-03-03 23:53:33]   No new articles
[2026-03-03 23:53:33] ✅ No new articles found
[2026-03-03 23:53:33] 
Checking blogwatcher feeds...
[2026-03-03 23:53:34] Blogwatcher found additional articles
[2026-03-03 23:56:19] === Starting Competitive Intelligence Scan ===
[2026-03-03 23:56:19] Scanning: Maven - Google Alerts
[2026-03-03 23:56:20]   No new articles
[2026-03-03 23:56:20] Scanning: Carrot - Google Alerts
[2026-03-03 23:56:20]   No new articles
[2026-03-03 23:56:20] Scanning: KindBody - Google Alerts
[2026-03-03 23:56:20]   No new articles
[2026-03-03 23:56:20] Scanning: WIN Fertility - Google Alerts
[2026-03-03 23:56:20]   No new articles
[2026-03-03 23:56:20] Scanning: Pomelo Health - Google Alerts
[2026-03-03 23:56:20]   No new articles
[2026-03-03 23:56:20] ✅ No new articles found
[2026-03-03 23:56:20] 
Checking blogwatcher feeds...
[2026-03-03 23:56:21] Blogwatcher found additional articles
[2026-03-03 23:56:50] === Starting Competitive Intelligence Scan ===
[2026-03-03 23:56:50] Scanning: Maven - Google Alerts
[2026-03-03 23:56:50]   No new articles
[2026-03-03 23:56:50] Scanning: Carrot - Google Alerts
[2026-03-03 23:56:51]   No new articles
[2026-03-03 23:56:51] Scanning: KindBody - Google Alerts
[2026-03-03 23:56:51]   No new articles
[2026-03-03 23:56:51] Scanning: WIN Fertility - Google Alerts
[2026-03-03 23:56:51]   No new articles
[2026-03-03 23:56:51] Scanning: Pomelo Health - Google Alerts
[2026-03-03 23:56:51]   No new articles
[2026-03-03 23:56:51] Scanning: Progyny (PGNY) - Google Alerts
[2026-03-03 23:56:52]   No new articles
[2026-03-03 23:56:52] ✅ No new articles found
[2026-03-03 23:56:52] 
Checking blogwatcher feeds...
[2026-03-03 23:56:53] Blogwatcher found additional articles
[2026-03-04 14:00:01] === Starting Competitive Intelligence Scan ===
[2026-03-04 14:00:01] Scanning: Maven - Google Alerts
[2026-03-04 14:00:01]   No new articles
[2026-03-04 14:00:01] Scanning: Carrot - Google Alerts
[2026-03-04 14:00:01]   No new articles
[2026-03-04 14:00:01] Scanning: KindBody - Google Alerts
[2026-03-04 14:00:01]   No new articles
[2026-03-04 14:00:01] Scanning: WIN Fertility - Google Alerts
[2026-03-04 14:00:02]   No new articles
[2026-03-04 14:00:02] Scanning: Pomelo Health - Google Alerts
[2026-03-04 14:00:02]   No new articles
[2026-03-04 14:00:02] Scanning: Progyny (PGNY) - Google Alerts
[2026-03-04 14:00:02]   No new articles
[2026-03-04 14:00:02] ✅ No new articles found
[2026-03-04 14:00:02] 
Checking blogwatcher feeds...
[2026-03-04 14:00:03] Blogwatcher found additional articles
