[Wed Mar  4 14:00:03 UTC 2026] No new competitive intelligence to report
[Sat Mar  7 14:00:02 UTC 2026] Starting competitive intelligence scan...
[Sat Mar  7 14:00:05 UTC 2026] RSS scan found: 1 articles
[Sat Mar  7 14:00:06 UTC 2026] Web search found: 0 articles
[Sat Mar  7 14:00:06 UTC 2026] Total unique articles: 1
[Sat Mar  7 14:00:09 UTC 2026] Competitive report sent (1 articles)
[Sun Mar  8 14:00:01 UTC 2026] Starting competitive intelligence scan...
[Sun Mar  8 14:00:05 UTC 2026] RSS scan found: 1 articles
[Sun Mar  8 14:00:06 UTC 2026] Web search found: 0 articles
[Sun Mar  8 14:00:06 UTC 2026] Total unique articles: 1
[Sun Mar  8 14:00:13 UTC 2026] Competitive report sent (1 articles)
[Mon Mar  9 14:00:01 UTC 2026] Starting competitive intelligence scan...
[Mon Mar  9 14:00:04 UTC 2026] RSS scan found: 1 articles
[Mon Mar  9 14:00:05 UTC 2026] Web search found: 0 articles
[Mon Mar  9 14:00:05 UTC 2026] Total unique articles: 1
[Mon Mar  9 14:00:07 UTC 2026] Competitive report sent (1 articles)
[Tue Mar 10 14:00:01 UTC 2026] Starting competitive intelligence scan...
[Tue Mar 10 14:00:05 UTC 2026] RSS scan found: 1 articles
[Tue Mar 10 14:00:06 UTC 2026] Web search found: 0 articles
[Tue Mar 10 14:00:06 UTC 2026] Total unique articles: 1
[Tue Mar 10 14:00:07 UTC 2026] Competitive report sent (1 articles)
[Wed Mar 11 14:00:01 UTC 2026] Starting competitive intelligence scan...
[Wed Mar 11 14:00:05 UTC 2026] RSS scan found: 1 articles
[Wed Mar 11 14:00:06 UTC 2026] Web search found: 0 articles
[Wed Mar 11 14:00:06 UTC 2026] Total unique articles: 1
[Wed Mar 11 14:00:08 UTC 2026] Competitive report sent (1 articles)
[Thu Mar 12 14:00:01 UTC 2026] Starting competitive intelligence scan...
[Thu Mar 12 14:00:05 UTC 2026] RSS scan found: 1 articles
[Thu Mar 12 14:00:06 UTC 2026] Web search found: 0 articles
[Thu Mar 12 14:00:06 UTC 2026] Total unique articles: 1
[Thu Mar 12 14:00:07 UTC 2026] Competitive report sent (1 articles)
[Fri Mar 13 14:00:01 UTC 2026] Starting competitive intelligence scan...
[Fri Mar 13 14:00:04 UTC 2026] RSS scan found: 1 articles
[Fri Mar 13 14:00:05 UTC 2026] Web search found: 0 articles
[Fri Mar 13 14:00:05 UTC 2026] Total unique articles: 1
[Fri Mar 13 14:00:06 UTC 2026] Competitive report sent (1 articles)
[Sat Mar 14 14:00:01 UTC 2026] Starting competitive intelligence scan...
[Sat Mar 14 14:00:03 UTC 2026] RSS scan found: 1 articles
[Sat Mar 14 14:00:03 UTC 2026] Web search found: 0 articles
[Sat Mar 14 14:00:03 UTC 2026] Total unique articles: 1
[Sat Mar 14 14:00:05 UTC 2026] Competitive report sent (1 articles)
[Sun Mar 15 14:00:01 UTC 2026] Starting competitive intelligence scan...
[Sun Mar 15 14:00:04 UTC 2026] RSS scan found: 1 articles
[Sun Mar 15 14:00:04 UTC 2026] Web search found: 0 articles
[Sun Mar 15 14:00:04 UTC 2026] Total unique articles: 1
[Sun Mar 15 14:00:05 UTC 2026] Competitive report sent (1 articles)
[Mon Mar 16 14:00:01 UTC 2026] Starting competitive intelligence scan...
[Mon Mar 16 14:00:04 UTC 2026] RSS scan found: 1 articles
[Mon Mar 16 14:00:04 UTC 2026] Web search found: 0 articles
[Mon Mar 16 14:00:04 UTC 2026] Total unique articles: 1
[Mon Mar 16 14:00:07 UTC 2026] Competitive report sent (1 articles)
[Tue Mar 17 14:00:01 UTC 2026] Starting competitive intelligence scan...
[Tue Mar 17 14:00:05 UTC 2026] RSS scan found: 1 articles
[Tue Mar 17 14:00:05 UTC 2026] Web search found: 0 articles
[Tue Mar 17 14:00:05 UTC 2026] Total unique articles: 1
[Tue Mar 17 14:00:07 UTC 2026] Competitive report sent (1 articles)
[Wed Mar 18 14:00:01 UTC 2026] Starting competitive intelligence scan...
[Wed Mar 18 14:00:05 UTC 2026] RSS scan found: 1 articles
[Wed Mar 18 14:00:05 UTC 2026] Web search found: 0 articles
[Wed Mar 18 14:00:05 UTC 2026] Total unique articles: 1
[Wed Mar 18 14:00:07 UTC 2026] Competitive report sent (1 articles)
