[2026-05-12 01:49:33] ======================================================================
[2026-05-12 01:49:33] Debug Checker - Starting Run
[2026-05-12 01:49:33] 2026-05-12 01:49:33
[2026-05-12 01:49:33] 
[2026-05-12 01:49:33] Calendar loaded: 82 total events
[2026-05-12 01:49:33] 
[2026-05-12 01:49:33] Found 10 travel events in next 30 days
[2026-05-12 01:49:33] Found 5 restaurant reservations in next 30 days
[2026-05-12 01:49:33] 
[2026-05-12 01:49:35] Found 49 existing Todoist tasks
[2026-05-12 01:49:35] 
[2026-05-12 01:49:35] Done!
[2026-05-12 01:49:52] ======================================================================
[2026-05-12 01:49:52] Debug Checker - Starting Run
[2026-05-12 01:49:52] 2026-05-12 01:49:52
[2026-05-12 01:49:52] 
[2026-05-12 01:49:52] Calendar loaded: 82 total events
[2026-05-12 01:49:52] 
[2026-05-12 01:49:52] Found 10 travel events in next 30 days
[2026-05-12 01:49:52] Found 5 restaurant reservations in next 30 days
[2026-05-12 01:49:52] 
[2026-05-12 01:49:53] Found 49 existing Todoist tasks
[2026-05-12 01:49:53] 
[2026-05-12 01:49:53] Done!
