[2026-05-09 13:59:44] ============================================================
[2026-05-09 13:59:44] 🛫 Flight Monitor Starting
[2026-05-09 13:59:44] ============================================================
[2026-05-09 13:59:44] 📊 Found 0 upcoming flights
[2026-05-09 13:59:44] 
✅ Flight check complete
[2026-05-09 14:00:14] ============================================================
[2026-05-09 14:00:14] 🛫 Flight Monitor Starting
[2026-05-09 14:00:14] ============================================================
[2026-05-09 14:00:14] 📊 Found 3 upcoming flights
[2026-05-09 14:00:14] 
✈️  Delta Air Lines flight 960 to New York (GAO7LP)
[2026-05-09 14:00:14]    Flight #: 960
[2026-05-09 14:00:14]    Departure: 2026-05-17 04:14:00+00:00
[2026-05-09 14:00:14]    Status: Could not fetch
[2026-05-09 14:00:14] 
✈️  Geoffrey Clapp - Delta Air Lines 742 - departs 7:00 AM local time - Confirmation code: HKZ4LV
[2026-05-09 14:00:14]    Flight #: Unknown
[2026-05-09 14:00:14]    Departure: 2026-05-21 11:00:00+00:00
[2026-05-09 14:00:14] 
✈️  Flight to RNO (DL 4099)
[2026-05-09 14:00:14]    Flight #: 4099
[2026-05-09 14:00:14]    Departure: 2026-05-22 15:20:00+00:00
[2026-05-09 14:00:14]    Status: Could not fetch
[2026-05-09 14:00:14] 
✅ Flight check complete
[2026-05-10 08:00:01] ============================================================
[2026-05-10 08:00:01] 🛫 Flight Monitor Starting
[2026-05-10 08:00:01] ============================================================
[2026-05-10 08:00:01] ============================================================
[2026-05-10 08:00:01] 🛫 Flight Monitor Starting
[2026-05-10 08:00:01] ============================================================
Traceback (most recent call last):
  File "/home/ubuntu/.openclaw/workspace/scripts/flight_monitor.py", line 110, in <module>
    main()
  File "/home/ubuntu/.openclaw/workspace/scripts/flight_monitor.py", line 92, in main
    flights = get_upcoming_flights(days=14)
              ^^^^^^^^^^^^^^^^^^^^^^^^^^^^^
  File "/home/ubuntu/.openclaw/workspace/scripts/flight_monitor.py", line 55, in get_upcoming_flights
    start_time = start.get("dateTime") or start.get("date")
                 ^^^^^^^^^
AttributeError: 'str' object has no attribute 'get'
[2026-05-11 08:00:02] ============================================================
[2026-05-11 08:00:02] 🛫 Flight Monitor Starting
[2026-05-11 08:00:02] ============================================================
[2026-05-11 08:00:02] ============================================================
[2026-05-11 08:00:02] 🛫 Flight Monitor Starting
[2026-05-11 08:00:02] ============================================================
Traceback (most recent call last):
  File "/home/ubuntu/.openclaw/workspace/scripts/flight_monitor.py", line 110, in <module>
    main()
  File "/home/ubuntu/.openclaw/workspace/scripts/flight_monitor.py", line 92, in main
    flights = get_upcoming_flights(days=14)
              ^^^^^^^^^^^^^^^^^^^^^^^^^^^^^
  File "/home/ubuntu/.openclaw/workspace/scripts/flight_monitor.py", line 55, in get_upcoming_flights
    start_time = start.get("dateTime") or start.get("date")
                 ^^^^^^^^^
AttributeError: 'str' object has no attribute 'get'
