[2026-05-30 11:59:01 UTC] Starting daily GitHub sync...
[2026-05-30 11:59:01 UTC] Uncommitted changes found, committing...
[main 2611e56] Daily sync: 20260530-115901
 125 files changed, 18596 insertions(+), 10944 deletions(-)
 create mode 100644 345f4593-74c1-4fef-849b-77b7fd4264c7.csv
 create mode 100644 data-dictionary.pdf
 create mode 100644 data/raw/financial_statements/download_manifest.json
 create mode 100644 data/raw/financial_statements/download_status.md
 create mode 100644 data/raw/financial_statements/manifest.json
 create mode 100644 datapackage.json
 create mode 100644 dmhc_medical_survey_research_plan.md
 create mode 100644 dmhc_medical_survey_research_report.md
 create mode 100644 dmhc_rate_review.zip
 create mode 100644 download_dmhc_financials.py
 create mode 100644 download_dmhc_v2.py
 create mode 100644 download_dmhc_v3.py
 create mode 100644 download_dmhc_v4.py
 create mode 100644 downloads/dmhc_financial/LA_Care_Routine_Exam_2022.pdf
 create mode 100644 downloads/dmhc_financial/dmhc_search_page.html
 create mode 100644 drafts/dmhc_pra_request_medical_surveys_2026.md
 create mode 100644 logs/aero-cron.log-20260530
 create mode 100644 logs/aero-travel-manager.log-20260530
 delete mode 100644 logs/calendar.log-20260529
 create mode 100644 logs/calendar.log-20260529.gz
 create mode 100644 logs/calendar.log-20260530
 create mode 100644 logs/checkin-delivery.log-20260529.gz
 rename logs/{checkin-delivery.log-20260529 => checkin-delivery.log-20260530} (86%)
 delete mode 100644 logs/competitor-v3-cron.log-20260529
 create mode 100644 logs/competitor-v3-cron.log-20260529.gz
 create mode 100644 logs/competitor-v3-cron.log-20260530
 delete mode 100644 logs/competitor-v3.log-20260529
 create mode 100644 logs/competitor-v3.log-20260529.gz
 create mode 100644 logs/competitor-v3.log-20260530
 delete mode 100644 logs/disk-monitor.log-20260529
 create mode 100644 logs/disk-monitor.log-20260529.gz
 create mode 100644 logs/disk-monitor.log-20260530
 delete mode 100644 logs/gateway-monitor.log-20260529
 create mode 100644 logs/gateway-monitor.log-20260529.gz
 create mode 100644 logs/gateway-monitor.log-20260530
 delete mode 100644 logs/github-sync.log-20260529
 create mode 100644 logs/github-sync.log-20260529.gz
 create mode 100644 logs/github-sync.log-20260530
 delete mode 100644 logs/heartbeat.log-20260529
 create mode 100644 logs/heartbeat.log-20260529.gz
 create mode 100644 logs/heartbeat.log-20260530
 delete mode 100644 logs/imap-checker.log-20260529
 create mode 100644 logs/imap-checker.log-20260529.gz
 create mode 100644 logs/imap-checker.log-20260530
 delete mode 100644 logs/loseit-sync.log-20260529
 create mode 100644 logs/loseit-sync.log-20260529.gz
 create mode 100644 logs/loseit-sync.log-20260530
 delete mode 100644 logs/memory-system.log-20260528
 create mode 100644 logs/memory-system.log-20260528.gz
 create mode 100644 logs/memory-system.log-20260530
 create mode 100644 logs/model-alerts.log-20260530
 create mode 100644 logs/model-monitor-cron.log-20260530
 delete mode 100644 logs/progyny-cron.log-20260529
 create mode 100644 logs/progyny-cron.log-20260529.gz
 create mode 100644 logs/progyny-cron.log-20260530
 create mode 100644 logs/progyny-intel.log-20260529.gz
 rename logs/{progyny-intel.log-20260529 => progyny-intel.log-20260530} (100%)
 create mode 100644 logs/reddit-report-2026-05-28.log-20260530
 delete mode 100644 logs/stock-fetch.log-20260528
 create mode 100644 logs/stock-fetch.log-20260528.gz
 create mode 100644 logs/stock-fetch.log-20260530
 delete mode 100644 logs/system-health.log-20260529
 create mode 100644 logs/system-health.log-20260529.gz
 create mode 100644 logs/system-health.log-20260530
 delete mode 100644 logs/token-refresh.log-20260529
 create mode 100644 logs/token-refresh.log-20260529.gz
 create mode 100644 logs/token-refresh.log-20260530
 delete mode 100644 logs/vitus-evening.log-20260529
 create mode 100644 logs/vitus-evening.log-20260529.gz
 create mode 100644 logs/vitus-evening.log-20260530
 delete mode 100644 logs/vitus-midday.log-20260529
 create mode 100644 logs/vitus-midday.log-20260529.gz
 create mode 100644 logs/vitus-midday.log-20260530
 delete mode 100644 logs/vitus-morning.log-20260529
 create mode 100644 logs/vitus-morning.log-20260529.gz
 create mode 100644 logs/vitus-morning.log-20260530
 delete mode 100644 logs/watch-hunt.log-20260529
 create mode 100644 logs/watch-hunt.log-20260529.gz
 create mode 100644 logs/watch-hunt.log-20260530
 delete mode 100644 logs/whoop-alerts.log-20260529
 create mode 100644 logs/whoop-alerts.log-20260529.gz
 create mode 100644 logs/whoop-alerts.log-20260530
 delete mode 100644 logs/whoop-daily.log-20260529
 create mode 100644 logs/whoop-daily.log-20260529.gz
 create mode 100644 logs/whoop-daily.log-20260530
 delete mode 100644 logs/whoop-fetch.log-20260529
 create mode 100644 logs/whoop-fetch.log-20260529.gz
 create mode 100644 logs/whoop-fetch.log-20260530
 delete mode 100644 logs/whoop-token-monitor.log-20260529
 create mode 100644 logs/whoop-token-monitor.log-20260529.gz
 create mode 100644 logs/whoop-token-monitor.log-20260530
 create mode 100644 rate-review-detail-trend-.csv
fatal: could not read Password for 'https://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@github.com': No such device or address
[2026-05-30 11:59:01 UTC] ❌ GitHub push failed
[2026-05-30 11:59:01 UTC] Checking for journal entries to publish...
✅ Synced: 2026-05-30.md

📊 Synced 1 new journal entries
[2026-05-30 11:59:01 UTC] Updating content analytics...
python3: can't open file '/home/ubuntu/.openclaw/workspace/scripts/content_analytics_collector.py': [Errno 2] No such file or directory
[2026-05-30 11:59:01 UTC] Daily sync complete
---
[2026-05-30 23:59:01 UTC] Starting daily GitHub sync...
[2026-05-30 23:59:01 UTC] Uncommitted changes found, committing...
