[2026-06-22 00:00:03 UTC] ✅ Check completed
[2026-06-22 00:00:03 UTC] === Check completed ===
[2026-06-22 00:15:01 UTC] === IMAP check started ===

[2026-06-22T00:15:02.070420] Checking emails...
✅ Processed 0 new emails
[2026-06-22 00:15:02 UTC] ✅ Check completed
[2026-06-22 00:15:02 UTC] === Check completed ===
[2026-06-22 00:30:01 UTC] === IMAP check started ===

[2026-06-22T00:30:02.444901] Checking emails...
✅ Processed 0 new emails
[2026-06-22 00:30:02 UTC] ✅ Check completed
[2026-06-22 00:30:02 UTC] === Check completed ===
[2026-06-22 00:45:01 UTC] === IMAP check started ===

[2026-06-22T00:45:01.353539] Checking emails...
✅ Processed 0 new emails
[2026-06-22 00:45:01 UTC] ✅ Check completed
[2026-06-22 00:45:01 UTC] === Check completed ===
[2026-06-22 01:00:01 UTC] === IMAP check started ===

[2026-06-22T01:00:01.784192] Checking emails...
✅ Processed 0 new emails
[2026-06-22 01:00:02 UTC] ✅ Check completed
[2026-06-22 01:00:02 UTC] === Check completed ===
[2026-06-22 01:15:01 UTC] === IMAP check started ===

[2026-06-22T01:15:02.166241] Checking emails...
✅ Processed 0 new emails
[2026-06-22 01:15:02 UTC] ✅ Check completed
[2026-06-22 01:15:02 UTC] === Check completed ===
[2026-06-22 01:30:01 UTC] === IMAP check started ===

[2026-06-22T01:30:02.496839] Checking emails...
✅ Processed 0 new emails
[2026-06-22 01:30:03 UTC] ✅ Check completed
[2026-06-22 01:30:03 UTC] === Check completed ===
[2026-06-22 01:45:01 UTC] === IMAP check started ===

[2026-06-22T01:45:01.285329] Checking emails...
✅ Processed 0 new emails
[2026-06-22 01:45:01 UTC] ✅ Check completed
[2026-06-22 01:45:01 UTC] === Check completed ===
[2026-06-22 02:00:02 UTC] === IMAP check started ===

[2026-06-22T02:00:02.857779] Checking emails...
✅ Processed 0 new emails
[2026-06-22 02:00:03 UTC] ✅ Check completed
[2026-06-22 02:00:03 UTC] === Check completed ===
[2026-06-22 02:15:01 UTC] === IMAP check started ===

[2026-06-22T02:15:01.294485] Checking emails...
✅ Processed 0 new emails
[2026-06-22 02:15:01 UTC] ✅ Check completed
[2026-06-22 02:15:01 UTC] === Check completed ===
[2026-06-22 02:30:01 UTC] === IMAP check started ===

[2026-06-22T02:30:01.713845] Checking emails...
✅ Processed 0 new emails
[2026-06-22 02:30:02 UTC] ✅ Check completed
[2026-06-22 02:30:02 UTC] === Check completed ===
[2026-06-22 02:45:01 UTC] === IMAP check started ===

[2026-06-22T02:45:01.651326] Checking emails...
✅ Processed 0 new emails
[2026-06-22 02:45:02 UTC] ✅ Check completed
[2026-06-22 02:45:02 UTC] === Check completed ===
[2026-06-22 03:00:01 UTC] === IMAP check started ===

[2026-06-22T03:00:02.047546] Checking emails...
✅ Processed 0 new emails
[2026-06-22 03:00:02 UTC] ✅ Check completed
[2026-06-22 03:00:02 UTC] === Check completed ===
[2026-06-22 03:15:01 UTC] === IMAP check started ===

[2026-06-22T03:15:01.455245] Checking emails...
✅ Processed 0 new emails
[2026-06-22 03:15:01 UTC] ✅ Check completed
[2026-06-22 03:15:01 UTC] === Check completed ===
[2026-06-22 03:30:01 UTC] === IMAP check started ===

[2026-06-22T03:30:01.935236] Checking emails...
✅ Processed 0 new emails
[2026-06-22 03:30:02 UTC] ✅ Check completed
[2026-06-22 03:30:02 UTC] === Check completed ===
[2026-06-22 03:45:01 UTC] === IMAP check started ===

[2026-06-22T03:45:02.117560] Checking emails...
✅ Processed 0 new emails
[2026-06-22 03:45:02 UTC] ✅ Check completed
[2026-06-22 03:45:02 UTC] === Check completed ===
[2026-06-22 04:00:01 UTC] === IMAP check started ===

[2026-06-22T04:00:02.470977] Checking emails...
✅ Processed 0 new emails
[2026-06-22 04:00:03 UTC] ✅ Check completed
[2026-06-22 04:00:03 UTC] === Check completed ===
[2026-06-22 04:15:01 UTC] === IMAP check started ===

[2026-06-22T04:15:01.879182] Checking emails...
✅ Processed 0 new emails
[2026-06-22 04:15:02 UTC] ✅ Check completed
[2026-06-22 04:15:02 UTC] === Check completed ===
[2026-06-22 04:30:01 UTC] === IMAP check started ===

[2026-06-22T04:30:02.340949] Checking emails...
✅ Processed 0 new emails
[2026-06-22 04:30:02 UTC] ✅ Check completed
[2026-06-22 04:30:02 UTC] === Check completed ===
[2026-06-22 04:45:02 UTC] === IMAP check started ===

[2026-06-22T04:45:02.252039] Checking emails...
✅ Processed 0 new emails
[2026-06-22 04:45:02 UTC] ✅ Check completed
[2026-06-22 04:45:02 UTC] === Check completed ===
[2026-06-22 05:00:02 UTC] === IMAP check started ===

[2026-06-22T05:00:03.062320] Checking emails...
✅ Processed 0 new emails
[2026-06-22 05:00:03 UTC] ✅ Check completed
[2026-06-22 05:00:03 UTC] === Check completed ===
[2026-06-22 05:15:01 UTC] === IMAP check started ===

[2026-06-22T05:15:01.944037] Checking emails...
✅ Processed 0 new emails
[2026-06-22 05:15:02 UTC] ✅ Check completed
[2026-06-22 05:15:02 UTC] === Check completed ===
[2026-06-22 05:30:01 UTC] === IMAP check started ===

[2026-06-22T05:30:02.335482] Checking emails...
✅ Processed 0 new emails
[2026-06-22 05:30:02 UTC] ✅ Check completed
[2026-06-22 05:30:02 UTC] === Check completed ===
[2026-06-22 05:45:01 UTC] === IMAP check started ===

[2026-06-22T05:45:02.242288] Checking emails...
✅ Processed 0 new emails
[2026-06-22 05:45:02 UTC] ✅ Check completed
[2026-06-22 05:45:02 UTC] === Check completed ===
[2026-06-22 06:00:01 UTC] === IMAP check started ===

[2026-06-22T06:00:03.384870] Checking emails...
✅ Processed 0 new emails
[2026-06-22 06:00:03 UTC] ✅ Check completed
[2026-06-22 06:00:03 UTC] === Check completed ===
[2026-06-22 06:15:01 UTC] === IMAP check started ===

[2026-06-22T06:15:01.430321] Checking emails...
✅ Processed 0 new emails
[2026-06-22 06:15:01 UTC] ✅ Check completed
[2026-06-22 06:15:01 UTC] === Check completed ===
[2026-06-22 06:30:01 UTC] === IMAP check started ===

[2026-06-22T06:30:01.834713] Checking emails...
✅ Processed 0 new emails
[2026-06-22 06:30:02 UTC] ✅ Check completed
[2026-06-22 06:30:02 UTC] === Check completed ===
[2026-06-22 06:45:01 UTC] === IMAP check started ===

[2026-06-22T06:45:01.784388] Checking emails...
✅ Processed 0 new emails
[2026-06-22 06:45:02 UTC] ✅ Check completed
[2026-06-22 06:45:02 UTC] === Check completed ===
[2026-06-22 07:00:01 UTC] === IMAP check started ===

[2026-06-22T07:00:01.997808] Checking emails...
✅ Processed 0 new emails
[2026-06-22 07:00:02 UTC] ✅ Check completed
[2026-06-22 07:00:02 UTC] === Check completed ===
[2026-06-22 07:15:01 UTC] === IMAP check started ===

[2026-06-22T07:15:01.557143] Checking emails...
✅ Processed 0 new emails
[2026-06-22 07:15:02 UTC] ✅ Check completed
[2026-06-22 07:15:02 UTC] === Check completed ===
[2026-06-22 07:30:01 UTC] === IMAP check started ===

[2026-06-22T07:30:02.067953] Checking emails...
✅ Processed 0 new emails
[2026-06-22 07:30:02 UTC] ✅ Check completed
[2026-06-22 07:30:02 UTC] === Check completed ===
[2026-06-22 07:45:01 UTC] === IMAP check started ===

[2026-06-22T07:45:02.251279] Checking emails...
✅ Processed 0 new emails
[2026-06-22 07:45:02 UTC] ✅ Check completed
[2026-06-22 07:45:02 UTC] === Check completed ===
[2026-06-22 08:00:02 UTC] === IMAP check started ===

[2026-06-22T08:00:02.746644] Checking emails...
✅ Processed 0 new emails
[2026-06-22 08:00:03 UTC] ✅ Check completed
[2026-06-22 08:00:03 UTC] === Check completed ===
[2026-06-22 08:15:01 UTC] === IMAP check started ===

[2026-06-22T08:15:01.753977] Checking emails...
✅ Processed 0 new emails
[2026-06-22 08:15:02 UTC] ✅ Check completed
[2026-06-22 08:15:02 UTC] === Check completed ===
[2026-06-22 08:30:01 UTC] === IMAP check started ===

[2026-06-22T08:30:02.176033] Checking emails...
✅ Processed 0 new emails
[2026-06-22 08:30:02 UTC] ✅ Check completed
[2026-06-22 08:30:02 UTC] === Check completed ===
[2026-06-22 08:45:01 UTC] === IMAP check started ===

[2026-06-22T08:45:02.172119] Checking emails...
✅ Processed 0 new emails
[2026-06-22 08:45:02 UTC] ✅ Check completed
[2026-06-22 08:45:02 UTC] === Check completed ===
[2026-06-22 09:00:01 UTC] === IMAP check started ===

[2026-06-22T09:00:02.600976] Checking emails...
✅ Processed 0 new emails
[2026-06-22 09:00:03 UTC] ✅ Check completed
[2026-06-22 09:00:03 UTC] === Check completed ===
[2026-06-22 09:15:01 UTC] === IMAP check started ===

[2026-06-22T09:15:02.106322] Checking emails...
✅ Processed 0 new emails
[2026-06-22 09:15:02 UTC] ✅ Check completed
[2026-06-22 09:15:02 UTC] === Check completed ===
[2026-06-22 09:30:01 UTC] === IMAP check started ===

[2026-06-22T09:30:02.536667] Checking emails...
✅ Processed 0 new emails
[2026-06-22 09:30:03 UTC] ✅ Check completed
[2026-06-22 09:30:03 UTC] === Check completed ===
[2026-06-22 09:45:01 UTC] === IMAP check started ===

[2026-06-22T09:45:01.500498] Checking emails...
✅ Processed 0 new emails
[2026-06-22 09:45:02 UTC] ✅ Check completed
[2026-06-22 09:45:02 UTC] === Check completed ===
[2026-06-22 10:00:01 UTC] === IMAP check started ===

[2026-06-22T10:00:01.959051] Checking emails...
✅ Processed 0 new emails
[2026-06-22 10:00:02 UTC] ✅ Check completed
[2026-06-22 10:00:02 UTC] === Check completed ===
[2026-06-22 10:15:01 UTC] === IMAP check started ===

[2026-06-22T10:15:02.163151] Checking emails...
✅ Processed 0 new emails
[2026-06-22 10:15:02 UTC] ✅ Check completed
[2026-06-22 10:15:02 UTC] === Check completed ===
[2026-06-22 10:30:01 UTC] === IMAP check started ===

[2026-06-22T10:30:02.558505] Checking emails...
✅ Processed 0 new emails
[2026-06-22 10:30:03 UTC] ✅ Check completed
[2026-06-22 10:30:03 UTC] === Check completed ===
[2026-06-22 10:45:01 UTC] === IMAP check started ===

[2026-06-22T10:45:01.425367] Checking emails...
✅ Processed 0 new emails
[2026-06-22 10:45:02 UTC] ✅ Check completed
[2026-06-22 10:45:02 UTC] === Check completed ===
[2026-06-22 11:00:01 UTC] === IMAP check started ===

[2026-06-22T11:00:02.375851] Checking emails...
✅ Processed 0 new emails
[2026-06-22 11:00:02 UTC] ✅ Check completed
[2026-06-22 11:00:02 UTC] === Check completed ===
[2026-06-22 11:15:01 UTC] === IMAP check started ===

[2026-06-22T11:15:01.576981] Checking emails...
✅ Processed 0 new emails
[2026-06-22 11:15:02 UTC] ✅ Check completed
[2026-06-22 11:15:02 UTC] === Check completed ===
[2026-06-22 11:30:01 UTC] === IMAP check started ===

[2026-06-22T11:30:02.128737] Checking emails...
✅ Processed 0 new emails
[2026-06-22 11:30:02 UTC] ✅ Check completed
[2026-06-22 11:30:02 UTC] === Check completed ===
[2026-06-22 11:45:01 UTC] === IMAP check started ===

[2026-06-22T11:45:02.056754] Checking emails...
✅ Processed 0 new emails
[2026-06-22 11:45:02 UTC] ✅ Check completed
[2026-06-22 11:45:02 UTC] === Check completed ===
[2026-06-22 12:00:01 UTC] === IMAP check started ===

[2026-06-22T12:00:02.862231] Checking emails...
✅ Processed 0 new emails
[2026-06-22 12:00:03 UTC] ✅ Check completed
[2026-06-22 12:00:03 UTC] === Check completed ===
[2026-06-22 12:15:01 UTC] === IMAP check started ===

[2026-06-22T12:15:01.979118] Checking emails...

📧 New email from: Lose It! <donotreply@loseit.com>
   Subject: Lose It! Daily Summary for Sun, Jun 21st
   Body preview: <html>
<head>
</head>
<body style="font-family: 'Segoe UI', 'Lucida Grande', 'Tahoma', 'Helvetica';">
<table border="0" cellpadding="0" cellspacing="0">
    <tr><td style="padding-bottom: 12px"><...
   ✅ Authorized sender: donotreply@loseit.com
   ℹ️ General email
   ✅ Reply sent to donotreply@loseit.com
✅ Processed 1 new emails
[2026-06-22 12:15:03 UTC] ✅ Check completed
[2026-06-22 12:15:03 UTC] === Check completed ===
[2026-06-22 12:30:01 UTC] === IMAP check started ===

[2026-06-22T12:30:01.781191] Checking emails...
✅ Processed 0 new emails
[2026-06-22 12:30:02 UTC] ✅ Check completed
[2026-06-22 12:30:02 UTC] === Check completed ===
[2026-06-22 12:45:01 UTC] === IMAP check started ===

[2026-06-22T12:45:01.761049] Checking emails...
✅ Processed 0 new emails
[2026-06-22 12:45:02 UTC] ✅ Check completed
[2026-06-22 12:45:02 UTC] === Check completed ===
[2026-06-22 13:00:01 UTC] === IMAP check started ===

[2026-06-22T13:00:02.413369] Checking emails...
✅ Processed 0 new emails
[2026-06-22 13:00:03 UTC] ✅ Check completed
[2026-06-22 13:00:03 UTC] === Check completed ===
[2026-06-22 13:15:01 UTC] === IMAP check started ===

[2026-06-22T13:15:01.395682] Checking emails...
✅ Processed 0 new emails
[2026-06-22 13:15:01 UTC] ✅ Check completed
[2026-06-22 13:15:01 UTC] === Check completed ===
[2026-06-22 13:30:01 UTC] === IMAP check started ===

[2026-06-22T13:30:02.102342] Checking emails...
✅ Processed 0 new emails
[2026-06-22 13:30:03 UTC] ✅ Check completed
[2026-06-22 13:30:03 UTC] === Check completed ===
[2026-06-22 13:45:01 UTC] === IMAP check started ===

[2026-06-22T13:45:01.492029] Checking emails...
✅ Processed 0 new emails
[2026-06-22 13:45:02 UTC] ✅ Check completed
[2026-06-22 13:45:02 UTC] === Check completed ===
[2026-06-22 14:00:01 UTC] === IMAP check started ===

[2026-06-22T14:00:02.680632] Checking emails...
✅ Processed 0 new emails
[2026-06-22 14:00:03 UTC] ✅ Check completed
[2026-06-22 14:00:03 UTC] === Check completed ===
[2026-06-22 14:15:01 UTC] === IMAP check started ===

[2026-06-22T14:15:01.888002] Checking emails...
✅ Processed 0 new emails
[2026-06-22 14:15:02 UTC] ✅ Check completed
[2026-06-22 14:15:02 UTC] === Check completed ===
[2026-06-22 14:30:01 UTC] === IMAP check started ===

[2026-06-22T14:30:02.862280] Checking emails...
✅ Processed 0 new emails
[2026-06-22 14:30:03 UTC] ✅ Check completed
[2026-06-22 14:30:03 UTC] === Check completed ===
[2026-06-22 14:45:01 UTC] === IMAP check started ===

[2026-06-22T14:45:01.971376] Checking emails...
✅ Processed 0 new emails
[2026-06-22 14:45:02 UTC] ✅ Check completed
[2026-06-22 14:45:02 UTC] === Check completed ===
[2026-06-22 15:00:01 UTC] === IMAP check started ===

[2026-06-22T15:00:02.481575] Checking emails...
✅ Processed 0 new emails
[2026-06-22 15:00:03 UTC] ✅ Check completed
[2026-06-22 15:00:03 UTC] === Check completed ===
[2026-06-22 15:15:01 UTC] === IMAP check started ===

[2026-06-22T15:15:01.307359] Checking emails...
✅ Processed 0 new emails
[2026-06-22 15:15:01 UTC] ✅ Check completed
[2026-06-22 15:15:01 UTC] === Check completed ===
[2026-06-22 15:30:01 UTC] === IMAP check started ===

[2026-06-22T15:30:02.213334] Checking emails...
✅ Processed 0 new emails
[2026-06-22 15:30:04 UTC] ✅ Check completed
[2026-06-22 15:30:04 UTC] === Check completed ===
[2026-06-22 15:45:01 UTC] === IMAP check started ===

[2026-06-22T15:45:01.810492] Checking emails...
✅ Processed 0 new emails
[2026-06-22 15:45:04 UTC] ✅ Check completed
[2026-06-22 15:45:04 UTC] === Check completed ===
[2026-06-22 16:00:01 UTC] === IMAP check started ===

[2026-06-22T16:00:01.777939] Checking emails...
✅ Processed 0 new emails
[2026-06-22 16:00:02 UTC] ✅ Check completed
[2026-06-22 16:00:02 UTC] === Check completed ===
[2026-06-22 16:15:01 UTC] === IMAP check started ===

[2026-06-22T16:15:01.756565] Checking emails...
✅ Processed 0 new emails
[2026-06-22 16:15:02 UTC] ✅ Check completed
[2026-06-22 16:15:02 UTC] === Check completed ===
[2026-06-22 16:30:01 UTC] === IMAP check started ===

[2026-06-22T16:30:01.729187] Checking emails...

📧 New email from: Grace Keers <keers003@gmail.com>
   Subject: House Cleaner (Glowy)
   Body preview: Please move invitation to 6/29 at 9 AM PST. I confirmed the new time with
Kenny
...
   ✅ Authorized sender: keers003@gmail.com
   🚨🚨🚨 GRACE EMAIL ALERT 🚨🚨🚨
   Priority: HIGHEST - Notifying Geoff immediately
   ✅ Reply sent to [REDACTED]
   ✅ Alert sent to Geoff
   ✅ Reply sent to keers003@gmail.com
   ✅ Grace confirmation sent
✅ Processed 1 new emails
[2026-06-22 16:30:06 UTC] ✅ Check completed
[2026-06-22 16:30:06 UTC] === Check completed ===
[2026-06-22 16:45:01 UTC] === IMAP check started ===

[2026-06-22T16:45:01.672357] Checking emails...

📧 New email from: Geoffrey Clapp <[REDACTED]>
   Subject: Updated invitation: House Cleaner (Glowy)  @ Mon Jun 29, 2026 9am -
 1pm (PDT) ([REDACTED])
   Body preview: This event has been updated
Changed: time


House Cleaner (Glowy)
Monday Jun 29, 2026 ⋅ 9am – 1pm
Pacific Time - Los Angeles

Location
23675 Park Capri, Calabasas, CA 91302, USA	
https://www...
   ✅ Authorized sender: [REDACTED]
   💬 Detected: Reply to my email
   ✅ Reply sent to [REDACTED]
✅ Processed 1 new emails
[2026-06-22 16:45:03 UTC] ✅ Check completed
[2026-06-22 16:45:03 UTC] === Check completed ===
[2026-06-22 17:00:01 UTC] === IMAP check started ===

[2026-06-22T17:00:02.231496] Checking emails...
✅ Processed 0 new emails
[2026-06-22 17:00:02 UTC] ✅ Check completed
[2026-06-22 17:00:02 UTC] === Check completed ===
[2026-06-22 17:15:01 UTC] === IMAP check started ===

[2026-06-22T17:15:01.489420] Checking emails...
✅ Processed 0 new emails
[2026-06-22 17:15:01 UTC] ✅ Check completed
[2026-06-22 17:15:01 UTC] === Check completed ===
[2026-06-22 17:30:01 UTC] === IMAP check started ===

[2026-06-22T17:30:01.727093] Checking emails...
✅ Processed 0 new emails
[2026-06-22 17:30:02 UTC] ✅ Check completed
[2026-06-22 17:30:02 UTC] === Check completed ===
[2026-06-22 17:45:02 UTC] === IMAP check started ===

[2026-06-22T17:45:02.249046] Checking emails...
✅ Processed 0 new emails
[2026-06-22 17:45:02 UTC] ✅ Check completed
[2026-06-22 17:45:02 UTC] === Check completed ===
[2026-06-22 18:00:01 UTC] === IMAP check started ===

[2026-06-22T18:00:02.690508] Checking emails...
✅ Processed 0 new emails
[2026-06-22 18:00:04 UTC] ✅ Check completed
[2026-06-22 18:00:04 UTC] === Check completed ===
[2026-06-22 18:15:01 UTC] === IMAP check started ===

[2026-06-22T18:15:01.658069] Checking emails...
✅ Processed 0 new emails
[2026-06-22 18:15:02 UTC] ✅ Check completed
[2026-06-22 18:15:02 UTC] === Check completed ===
[2026-06-22 18:30:01 UTC] === IMAP check started ===

[2026-06-22T18:30:01.917082] Checking emails...
✅ Processed 0 new emails
[2026-06-22 18:30:02 UTC] ✅ Check completed
[2026-06-22 18:30:02 UTC] === Check completed ===
[2026-06-22 18:45:01 UTC] === IMAP check started ===

[2026-06-22T18:45:01.989737] Checking emails...
✅ Processed 0 new emails
[2026-06-22 18:45:02 UTC] ✅ Check completed
[2026-06-22 18:45:02 UTC] === Check completed ===
[2026-06-22 19:00:01 UTC] === IMAP check started ===

[2026-06-22T19:00:02.207375] Checking emails...
✅ Processed 0 new emails
[2026-06-22 19:00:02 UTC] ✅ Check completed
[2026-06-22 19:00:02 UTC] === Check completed ===
[2026-06-22 19:15:01 UTC] === IMAP check started ===

[2026-06-22T19:15:01.895801] Checking emails...
✅ Processed 0 new emails
[2026-06-22 19:15:02 UTC] ✅ Check completed
[2026-06-22 19:15:02 UTC] === Check completed ===
[2026-06-22 19:30:01 UTC] === IMAP check started ===

[2026-06-22T19:30:02.240472] Checking emails...
✅ Processed 0 new emails
[2026-06-22 19:30:02 UTC] ✅ Check completed
[2026-06-22 19:30:02 UTC] === Check completed ===
[2026-06-22 19:45:01 UTC] === IMAP check started ===

[2026-06-22T19:45:01.307122] Checking emails...
✅ Processed 0 new emails
[2026-06-22 19:45:01 UTC] ✅ Check completed
[2026-06-22 19:45:01 UTC] === Check completed ===
[2026-06-22 20:00:01 UTC] === IMAP check started ===

[2026-06-22T20:00:02.464120] Checking emails...
✅ Processed 0 new emails
[2026-06-22 20:00:02 UTC] ✅ Check completed
[2026-06-22 20:00:02 UTC] === Check completed ===
[2026-06-22 20:15:01 UTC] === IMAP check started ===

[2026-06-22T20:15:02.041949] Checking emails...
✅ Processed 0 new emails
[2026-06-22 20:15:02 UTC] ✅ Check completed
[2026-06-22 20:15:02 UTC] === Check completed ===
[2026-06-22 20:30:01 UTC] === IMAP check started ===

[2026-06-22T20:30:02.399153] Checking emails...
✅ Processed 0 new emails
[2026-06-22 20:30:03 UTC] ✅ Check completed
[2026-06-22 20:30:03 UTC] === Check completed ===
[2026-06-22 20:45:01 UTC] === IMAP check started ===

[2026-06-22T20:45:02.073063] Checking emails...
✅ Processed 0 new emails
[2026-06-22 20:45:02 UTC] ✅ Check completed
[2026-06-22 20:45:02 UTC] === Check completed ===
[2026-06-22 21:00:01 UTC] === IMAP check started ===

[2026-06-22T21:00:01.779608] Checking emails...
✅ Processed 0 new emails
[2026-06-22 21:00:02 UTC] ✅ Check completed
[2026-06-22 21:00:02 UTC] === Check completed ===
[2026-06-22 21:15:01 UTC] === IMAP check started ===

[2026-06-22T21:15:01.832483] Checking emails...
✅ Processed 0 new emails
[2026-06-22 21:15:02 UTC] ✅ Check completed
[2026-06-22 21:15:02 UTC] === Check completed ===
[2026-06-22 21:30:01 UTC] === IMAP check started ===

[2026-06-22T21:30:01.976312] Checking emails...
✅ Processed 0 new emails
[2026-06-22 21:30:02 UTC] ✅ Check completed
[2026-06-22 21:30:02 UTC] === Check completed ===
[2026-06-22 21:45:01 UTC] === IMAP check started ===

[2026-06-22T21:45:01.787871] Checking emails...
✅ Processed 0 new emails
[2026-06-22 21:45:02 UTC] ✅ Check completed
[2026-06-22 21:45:02 UTC] === Check completed ===
[2026-06-22 22:00:01 UTC] === IMAP check started ===

[2026-06-22T22:00:02.395473] Checking emails...
✅ Processed 0 new emails
[2026-06-22 22:00:03 UTC] ✅ Check completed
[2026-06-22 22:00:03 UTC] === Check completed ===
[2026-06-22 22:15:01 UTC] === IMAP check started ===

[2026-06-22T22:15:01.664804] Checking emails...
✅ Processed 0 new emails
[2026-06-22 22:15:02 UTC] ✅ Check completed
[2026-06-22 22:15:02 UTC] === Check completed ===
[2026-06-22 22:30:01 UTC] === IMAP check started ===

[2026-06-22T22:30:03.030349] Checking emails...
✅ Processed 0 new emails
[2026-06-22 22:30:03 UTC] ✅ Check completed
[2026-06-22 22:30:03 UTC] === Check completed ===
[2026-06-22 22:49:41 UTC] === IMAP check started ===

[2026-06-22T22:49:46.008250] Checking emails...
✅ Processed 0 new emails
[2026-06-22 22:49:46 UTC] ✅ Check completed
[2026-06-22 22:49:46 UTC] === Check completed ===
[2026-06-22 23:00:01 UTC] === IMAP check started ===

[2026-06-22T23:00:01.988101] Checking emails...
✅ Processed 0 new emails
[2026-06-22 23:00:02 UTC] ✅ Check completed
[2026-06-22 23:00:02 UTC] === Check completed ===
[2026-06-22 23:15:01 UTC] === IMAP check started ===

[2026-06-22T23:15:01.632184] Checking emails...
✅ Processed 0 new emails
[2026-06-22 23:15:02 UTC] ✅ Check completed
[2026-06-22 23:15:02 UTC] === Check completed ===
[2026-06-22 23:30:01 UTC] === IMAP check started ===

[2026-06-22T23:30:02.424755] Checking emails...
✅ Processed 0 new emails
[2026-06-22 23:30:02 UTC] ✅ Check completed
[2026-06-22 23:30:02 UTC] === Check completed ===
[2026-06-22 23:45:01 UTC] === IMAP check started ===

[2026-06-22T23:45:01.899568] Checking emails...
✅ Processed 0 new emails
[2026-06-22 23:45:02 UTC] ✅ Check completed
[2026-06-22 23:45:02 UTC] === Check completed ===
