No app password found in credentials
No nutrition data found
No app password found in credentials
No nutrition data found
No app password found in credentials
No nutrition data found
{
  "date": "2026-05-08",
  "food_calories": 1509,
  "exercise_calories": 73,
  "net_calories": 1436,
  "deficit": null,
  "weight": null,
  "meals": [],
  "macros": {
    "carbs": 171,
    "fat": 65,
    "protein": 64
  }
}
{
  "date": "2026-05-10",
  "food_calories": 2158,
  "exercise_calories": 63,
  "net_calories": 2095,
  "deficit": null,
  "weight": null,
  "meals": [],
  "macros": {
    "carbs": 258,
    "fat": 64,
    "protein": 148
  }
}
