[2026-03-28 05:32:01] 🔍 Scanning Reddit for competitive intel...
[2026-03-28 05:32:01]    Subreddits: 11
[2026-03-28 05:32:01]   ⚠️ r/infertility: HTTP 403
[2026-03-28 05:32:01]    r/infertility: 0 posts fetched
[2026-03-28 05:32:01]   ⚠️ r/IVF: HTTP 403
[2026-03-28 05:32:01]    r/IVF: 0 posts fetched
[2026-03-28 05:32:01]   ⚠️ r/TTC: HTTP 403
[2026-03-28 05:32:01]    r/TTC: 0 posts fetched
[2026-03-28 05:32:01]   ⚠️ r/pregnant: HTTP 403
[2026-03-28 05:32:01]    r/pregnant: 0 posts fetched
[2026-03-28 05:32:01]   ⚠️ r/babybumps: HTTP 403
[2026-03-28 05:32:01]    r/babybumps: 0 posts fetched
[2026-03-28 05:32:02]   ⚠️ r/fertility: HTTP 403
[2026-03-28 05:32:02]    r/fertility: 0 posts fetched
[2026-03-28 05:32:02]   ⚠️ r/infertilitybabies: HTTP 403
[2026-03-28 05:32:02]    r/infertilitybabies: 0 posts fetched
[2026-03-28 05:32:02]   ⚠️ r/whattoexpect: HTTP 403
[2026-03-28 05:32:02]    r/whattoexpect: 0 posts fetched
[2026-03-28 05:32:02]   ⚠️ r/tryingforababy: HTTP 403
[2026-03-28 05:32:02]    r/tryingforababy: 0 posts fetched
[2026-03-28 05:32:02]   ⚠️ r/Parenting: HTTP 403
[2026-03-28 05:32:02]    r/Parenting: 0 posts fetched
[2026-03-28 05:32:02]   ⚠️ r/NewParents: HTTP 403
[2026-03-28 05:32:02]    r/NewParents: 0 posts fetched
[2026-03-28 05:32:02] 
✅ Reddit scan complete:
[2026-03-28 05:32:02]    Total posts tracked: 0
[2026-03-28 05:32:02]    New findings: 0
