Fetching stock data with 30-day history...
✅ PGNY: $26.89 (30d: +6.52%)
✅ AAPL: $293.08 (30d: -5.70%)
✅ NVDA: $199.00 (30d: -7.74%)
✅ OMDA: $18.60 (30d: +12.66%)
✅ VTI: $363.65 (30d: -1.61%)
✅ S&P 500: 7,358.22 (+0.00%)
✅ Dow Jones: 51,848.90 (+0.00%)

==================================================
Stock summary for check-in:
==================================================
📈 **Markets (30-Day View)**

**Indices:**
🟢 S&P 500: 7,358.22 (+0.00% today)
🟢 Dow Jones: 51,848.90 (+0.00% today)

**Your Watchlist (30-Day Change):**
🟢 **PGNY:** $26.89 (+6.52% / 30d)
🔴 AAPL: $293.08 (-5.70% / 30d)
🔴 NVDA: $199.00 (-7.74% / 30d)
🟢 OMDA: $18.60 (+12.66% / 30d)
🔴 VTI: $363.65 (-1.61% / 30d)


==================================================
Detailed summary:
==================================================
📈 **Stock Market Update**

**Market Indices:**
🟢 S&P 500: 7,358.22 (+7358.22, +0.00% today)
🟢 Dow Jones: 51,848.90 (+51848.90, +0.00% today)

**Watchlist (30-Day Rolling):**

🟢 **PGNY:** $26.89
   ├─ Today: +26.89 (+0.00%)
   └─ 30-Day: +6.52% (30d)

🔴 **AAPL:** $293.08
   ├─ Today: +293.08 (+0.00%)
   └─ 30-Day: -5.70% (30d)

🔴 **NVDA:** $199.00
   ├─ Today: +199.00 (+0.00%)
   └─ 30-Day: -7.74% (30d)

🟢 **OMDA:** $18.60
   ├─ Today: +18.60 (+0.00%)
   └─ 30-Day: +12.66% (30d)

