[2026-05-30 00:00:02] [INFO] ======================================================================
[2026-05-30 00:00:02] [INFO] TOKEN HEALTH CHECK - Bulletproof v2
[2026-05-30 00:00:02] [INFO] ======================================================================
[2026-05-30 00:00:03] [INFO] ✅ Whoop token valid and fresh (30 min old)
[2026-05-30 00:00:03] [INFO] ✅ Google Calendar: Token is 1 days old (healthy)
[2026-05-30 00:00:03] [ERROR] 🔴 Google Docs: Token is 8 days old — CRITICAL
[2026-05-30 00:00:03] [WARNING] 🔴 Gmail SMTP: Config is 94 days old — verify still working
[2026-05-30 00:00:03] [INFO] ======================================================================
[2026-05-30 00:00:03] [INFO] Summary: 2 healthy | 1 warning | 1 critical
[2026-05-30 00:00:03] [INFO] ======================================================================
[2026-05-30 00:30:01] [INFO] ======================================================================
[2026-05-30 00:30:01] [INFO] TOKEN HEALTH CHECK - Bulletproof v2
[2026-05-30 00:30:01] [INFO] ======================================================================
[2026-05-30 00:30:01] [INFO] 🔄 Whoop token valid but old (60 min) — refreshing...
[2026-05-30 00:30:01] [INFO] Whoop refresh attempt 1/3...
[2026-05-30 00:30:02] [SUCCESS] ✅ Whoop token refreshed and validated
[2026-05-30 00:30:02] [INFO] ✅ Google Calendar: Token is 1 days old (healthy)
[2026-05-30 00:30:02] [ERROR] 🔴 Google Docs: Token is 8 days old — CRITICAL
[2026-05-30 00:30:02] [WARNING] 🔴 Gmail SMTP: Config is 94 days old — verify still working
[2026-05-30 00:30:02] [INFO] ======================================================================
[2026-05-30 00:30:02] [INFO] Summary: 2 healthy | 1 warning | 1 critical
[2026-05-30 00:30:02] [INFO] ======================================================================
[2026-05-30 00:30:01] [INFO] ======================================================================
[2026-05-30 00:30:01] [INFO] TOKEN HEALTH CHECK - Bulletproof v2
[2026-05-30 00:30:01] [INFO] ======================================================================
[2026-05-30 00:30:01] [INFO] 🔄 Whoop token valid but old (60 min) — refreshing...
[2026-05-30 00:30:01] [INFO] Whoop refresh attempt 1/3...
[2026-05-30 00:30:02] [SUCCESS] ✅ Whoop token refreshed and validated
[2026-05-30 00:30:02] [INFO] ✅ Google Calendar: Token is 1 days old (healthy)
[2026-05-30 00:30:02] [ERROR] 🔴 Google Docs: Token is 8 days old — CRITICAL
[2026-05-30 00:30:02] [WARNING] 🔴 Gmail SMTP: Config is 94 days old — verify still working
[2026-05-30 00:30:02] [INFO] ======================================================================
[2026-05-30 00:30:02] [INFO] Summary: 2 healthy | 1 warning | 1 critical
[2026-05-30 00:30:02] [INFO] ======================================================================
[2026-05-30 01:00:02] [INFO] ======================================================================
[2026-05-30 01:00:02] [INFO] TOKEN HEALTH CHECK - Bulletproof v2
[2026-05-30 01:00:02] [INFO] ======================================================================
[2026-05-30 01:00:02] [INFO] ✅ Whoop token valid and fresh (30 min old)
[2026-05-30 01:00:02] [INFO] ✅ Google Calendar: Token is 1 days old (healthy)
[2026-05-30 01:00:02] [ERROR] 🔴 Google Docs: Token is 8 days old — CRITICAL
[2026-05-30 01:00:02] [WARNING] 🔴 Gmail SMTP: Config is 94 days old — verify still working
[2026-05-30 01:00:02] [INFO] ======================================================================
[2026-05-30 01:00:02] [INFO] Summary: 2 healthy | 1 warning | 1 critical
[2026-05-30 01:00:02] [INFO] ======================================================================
[2026-05-30 01:00:02] [INFO] ======================================================================
[2026-05-30 01:00:02] [INFO] TOKEN HEALTH CHECK - Bulletproof v2
[2026-05-30 01:00:02] [INFO] ======================================================================
[2026-05-30 01:00:02] [INFO] ✅ Whoop token valid and fresh (30 min old)
[2026-05-30 01:00:02] [INFO] ✅ Google Calendar: Token is 1 days old (healthy)
[2026-05-30 01:00:02] [ERROR] 🔴 Google Docs: Token is 8 days old — CRITICAL
[2026-05-30 01:00:02] [WARNING] 🔴 Gmail SMTP: Config is 94 days old — verify still working
[2026-05-30 01:00:02] [INFO] ======================================================================
[2026-05-30 01:00:02] [INFO] Summary: 2 healthy | 1 warning | 1 critical
[2026-05-30 01:00:02] [INFO] ======================================================================
[2026-05-30 01:30:01] [INFO] ======================================================================
[2026-05-30 01:30:01] [INFO] TOKEN HEALTH CHECK - Bulletproof v2
[2026-05-30 01:30:01] [INFO] ======================================================================
[2026-05-30 01:30:01] [INFO] 🔄 Whoop token valid but old (60 min) — refreshing...
[2026-05-30 01:30:01] [INFO] Whoop refresh attempt 1/3...
[2026-05-30 01:30:02] [SUCCESS] ✅ Whoop token refreshed and validated
[2026-05-30 01:30:02] [INFO] ✅ Google Calendar: Token is 1 days old (healthy)
[2026-05-30 01:30:02] [ERROR] 🔴 Google Docs: Token is 8 days old — CRITICAL
[2026-05-30 01:30:02] [WARNING] 🔴 Gmail SMTP: Config is 94 days old — verify still working
[2026-05-30 01:30:02] [INFO] ======================================================================
[2026-05-30 01:30:02] [INFO] Summary: 2 healthy | 1 warning | 1 critical
[2026-05-30 01:30:02] [INFO] ======================================================================
[2026-05-30 01:30:01] [INFO] ======================================================================
[2026-05-30 01:30:01] [INFO] TOKEN HEALTH CHECK - Bulletproof v2
[2026-05-30 01:30:01] [INFO] ======================================================================
[2026-05-30 01:30:01] [INFO] 🔄 Whoop token valid but old (60 min) — refreshing...
[2026-05-30 01:30:01] [INFO] Whoop refresh attempt 1/3...
[2026-05-30 01:30:02] [SUCCESS] ✅ Whoop token refreshed and validated
[2026-05-30 01:30:02] [INFO] ✅ Google Calendar: Token is 1 days old (healthy)
[2026-05-30 01:30:02] [ERROR] 🔴 Google Docs: Token is 8 days old — CRITICAL
[2026-05-30 01:30:02] [WARNING] 🔴 Gmail SMTP: Config is 94 days old — verify still working
[2026-05-30 01:30:02] [INFO] ======================================================================
[2026-05-30 01:30:02] [INFO] Summary: 2 healthy | 1 warning | 1 critical
[2026-05-30 01:30:02] [INFO] ======================================================================
[2026-05-30 02:00:02] [INFO] ======================================================================
[2026-05-30 02:00:02] [INFO] TOKEN HEALTH CHECK - Bulletproof v2
[2026-05-30 02:00:02] [INFO] ======================================================================
[2026-05-30 02:00:02] [INFO] ✅ Whoop token valid and fresh (30 min old)
[2026-05-30 02:00:02] [INFO] ✅ Google Calendar: Token is 1 days old (healthy)
[2026-05-30 02:00:02] [ERROR] 🔴 Google Docs: Token is 8 days old — CRITICAL
[2026-05-30 02:00:02] [WARNING] 🔴 Gmail SMTP: Config is 94 days old — verify still working
[2026-05-30 02:00:02] [INFO] ======================================================================
[2026-05-30 02:00:02] [INFO] Summary: 2 healthy | 1 warning | 1 critical
[2026-05-30 02:00:02] [INFO] ======================================================================
[2026-05-30 02:00:02] [INFO] ======================================================================
[2026-05-30 02:00:02] [INFO] TOKEN HEALTH CHECK - Bulletproof v2
[2026-05-30 02:00:02] [INFO] ======================================================================
[2026-05-30 02:00:02] [INFO] ✅ Whoop token valid and fresh (30 min old)
[2026-05-30 02:00:02] [INFO] ✅ Google Calendar: Token is 1 days old (healthy)
[2026-05-30 02:00:02] [ERROR] 🔴 Google Docs: Token is 8 days old — CRITICAL
[2026-05-30 02:00:02] [WARNING] 🔴 Gmail SMTP: Config is 94 days old — verify still working
[2026-05-30 02:00:02] [INFO] ======================================================================
[2026-05-30 02:00:02] [INFO] Summary: 2 healthy | 1 warning | 1 critical
[2026-05-30 02:00:02] [INFO] ======================================================================
[2026-05-30 02:30:02] [INFO] ======================================================================
[2026-05-30 02:30:02] [INFO] TOKEN HEALTH CHECK - Bulletproof v2
[2026-05-30 02:30:02] [INFO] ======================================================================
[2026-05-30 02:30:02] [INFO] 🔄 Whoop token invalid (60 min old) — refreshing...
[2026-05-30 02:30:02] [INFO] Whoop refresh attempt 1/3...
[2026-05-30 02:30:02] [SUCCESS] ✅ Whoop token refreshed and validated
[2026-05-30 02:30:02] [INFO] ✅ Google Calendar: Token is 1 days old (healthy)
[2026-05-30 02:30:02] [ERROR] 🔴 Google Docs: Token is 8 days old — CRITICAL
[2026-05-30 02:30:02] [WARNING] 🔴 Gmail SMTP: Config is 94 days old — verify still working
[2026-05-30 02:30:02] [INFO] ======================================================================
[2026-05-30 02:30:02] [INFO] Summary: 2 healthy | 1 warning | 1 critical
[2026-05-30 02:30:02] [INFO] ======================================================================
[2026-05-30 02:30:02] [INFO] ======================================================================
[2026-05-30 02:30:02] [INFO] TOKEN HEALTH CHECK - Bulletproof v2
[2026-05-30 02:30:02] [INFO] ======================================================================
[2026-05-30 02:30:02] [INFO] 🔄 Whoop token invalid (60 min old) — refreshing...
[2026-05-30 02:30:02] [INFO] Whoop refresh attempt 1/3...
[2026-05-30 02:30:02] [SUCCESS] ✅ Whoop token refreshed and validated
[2026-05-30 02:30:02] [INFO] ✅ Google Calendar: Token is 1 days old (healthy)
[2026-05-30 02:30:02] [ERROR] 🔴 Google Docs: Token is 8 days old — CRITICAL
[2026-05-30 02:30:02] [WARNING] 🔴 Gmail SMTP: Config is 94 days old — verify still working
[2026-05-30 02:30:02] [INFO] ======================================================================
[2026-05-30 02:30:02] [INFO] Summary: 2 healthy | 1 warning | 1 critical
[2026-05-30 02:30:02] [INFO] ======================================================================
[2026-05-30 03:00:02] [INFO] ======================================================================
[2026-05-30 03:00:02] [INFO] TOKEN HEALTH CHECK - Bulletproof v2
[2026-05-30 03:00:02] [INFO] ======================================================================
[2026-05-30 03:00:03] [INFO] ✅ Whoop token valid and fresh (30 min old)
[2026-05-30 03:00:03] [INFO] ✅ Google Calendar: Token is 1 days old (healthy)
[2026-05-30 03:00:03] [ERROR] 🔴 Google Docs: Token is 8 days old — CRITICAL
[2026-05-30 03:00:03] [WARNING] 🔴 Gmail SMTP: Config is 94 days old — verify still working
[2026-05-30 03:00:03] [INFO] ======================================================================
[2026-05-30 03:00:03] [INFO] Summary: 2 healthy | 1 warning | 1 critical
[2026-05-30 03:00:03] [INFO] ======================================================================
[2026-05-30 03:00:02] [INFO] ======================================================================
[2026-05-30 03:00:02] [INFO] TOKEN HEALTH CHECK - Bulletproof v2
[2026-05-30 03:00:02] [INFO] ======================================================================
[2026-05-30 03:00:03] [INFO] ✅ Whoop token valid and fresh (30 min old)
[2026-05-30 03:00:03] [INFO] ✅ Google Calendar: Token is 1 days old (healthy)
[2026-05-30 03:00:03] [ERROR] 🔴 Google Docs: Token is 8 days old — CRITICAL
[2026-05-30 03:00:03] [WARNING] 🔴 Gmail SMTP: Config is 94 days old — verify still working
[2026-05-30 03:00:03] [INFO] ======================================================================
[2026-05-30 03:00:03] [INFO] Summary: 2 healthy | 1 warning | 1 critical
[2026-05-30 03:00:03] [INFO] ======================================================================
[2026-05-30 03:30:02] [INFO] ======================================================================
[2026-05-30 03:30:02] [INFO] TOKEN HEALTH CHECK - Bulletproof v2
[2026-05-30 03:30:02] [INFO] ======================================================================
[2026-05-30 03:30:02] [INFO] 🔄 Whoop token valid but old (60 min) — refreshing...
[2026-05-30 03:30:02] [INFO] Whoop refresh attempt 1/3...
[2026-05-30 03:30:03] [SUCCESS] ✅ Whoop token refreshed and validated
[2026-05-30 03:30:03] [INFO] ✅ Google Calendar: Token is 1 days old (healthy)
[2026-05-30 03:30:03] [ERROR] 🔴 Google Docs: Token is 8 days old — CRITICAL
[2026-05-30 03:30:03] [WARNING] 🔴 Gmail SMTP: Config is 94 days old — verify still working
[2026-05-30 03:30:03] [INFO] ======================================================================
[2026-05-30 03:30:03] [INFO] Summary: 2 healthy | 1 warning | 1 critical
[2026-05-30 03:30:03] [INFO] ======================================================================
[2026-05-30 03:30:02] [INFO] ======================================================================
[2026-05-30 03:30:02] [INFO] TOKEN HEALTH CHECK - Bulletproof v2
[2026-05-30 03:30:02] [INFO] ======================================================================
[2026-05-30 03:30:02] [INFO] 🔄 Whoop token valid but old (60 min) — refreshing...
[2026-05-30 03:30:02] [INFO] Whoop refresh attempt 1/3...
[2026-05-30 03:30:03] [SUCCESS] ✅ Whoop token refreshed and validated
[2026-05-30 03:30:03] [INFO] ✅ Google Calendar: Token is 1 days old (healthy)
[2026-05-30 03:30:03] [ERROR] 🔴 Google Docs: Token is 8 days old — CRITICAL
[2026-05-30 03:30:03] [WARNING] 🔴 Gmail SMTP: Config is 94 days old — verify still working
[2026-05-30 03:30:03] [INFO] ======================================================================
[2026-05-30 03:30:03] [INFO] Summary: 2 healthy | 1 warning | 1 critical
[2026-05-30 03:30:03] [INFO] ======================================================================
[2026-05-30 04:00:02] [INFO] ======================================================================
[2026-05-30 04:00:02] [INFO] TOKEN HEALTH CHECK - Bulletproof v2
[2026-05-30 04:00:02] [INFO] ======================================================================
[2026-05-30 04:00:02] [INFO] ✅ Whoop token valid and fresh (30 min old)
[2026-05-30 04:00:02] [INFO] ✅ Google Calendar: Token is 1 days old (healthy)
[2026-05-30 04:00:02] [ERROR] 🔴 Google Docs: Token is 8 days old — CRITICAL
[2026-05-30 04:00:02] [WARNING] 🔴 Gmail SMTP: Config is 94 days old — verify still working
[2026-05-30 04:00:02] [INFO] ======================================================================
[2026-05-30 04:00:02] [INFO] Summary: 2 healthy | 1 warning | 1 critical
[2026-05-30 04:00:02] [INFO] ======================================================================
[2026-05-30 04:00:02] [INFO] ======================================================================
[2026-05-30 04:00:02] [INFO] TOKEN HEALTH CHECK - Bulletproof v2
[2026-05-30 04:00:02] [INFO] ======================================================================
[2026-05-30 04:00:02] [INFO] ✅ Whoop token valid and fresh (30 min old)
[2026-05-30 04:00:02] [INFO] ✅ Google Calendar: Token is 1 days old (healthy)
[2026-05-30 04:00:02] [ERROR] 🔴 Google Docs: Token is 8 days old — CRITICAL
[2026-05-30 04:00:02] [WARNING] 🔴 Gmail SMTP: Config is 94 days old — verify still working
[2026-05-30 04:00:02] [INFO] ======================================================================
[2026-05-30 04:00:02] [INFO] Summary: 2 healthy | 1 warning | 1 critical
[2026-05-30 04:00:02] [INFO] ======================================================================
[2026-05-30 04:30:02] [INFO] ======================================================================
[2026-05-30 04:30:02] [INFO] TOKEN HEALTH CHECK - Bulletproof v2
[2026-05-30 04:30:02] [INFO] ======================================================================
[2026-05-30 04:30:02] [INFO] 🔄 Whoop token valid but old (60 min) — refreshing...
[2026-05-30 04:30:02] [INFO] Whoop refresh attempt 1/3...
[2026-05-30 04:30:02] [SUCCESS] ✅ Whoop token refreshed and validated
[2026-05-30 04:30:02] [INFO] ✅ Google Calendar: Token is 1 days old (healthy)
[2026-05-30 04:30:02] [ERROR] 🔴 Google Docs: Token is 8 days old — CRITICAL
[2026-05-30 04:30:02] [WARNING] 🔴 Gmail SMTP: Config is 94 days old — verify still working
[2026-05-30 04:30:02] [INFO] ======================================================================
[2026-05-30 04:30:02] [INFO] Summary: 2 healthy | 1 warning | 1 critical
[2026-05-30 04:30:02] [INFO] ======================================================================
[2026-05-30 04:30:02] [INFO] ======================================================================
[2026-05-30 04:30:02] [INFO] TOKEN HEALTH CHECK - Bulletproof v2
[2026-05-30 04:30:02] [INFO] ======================================================================
[2026-05-30 04:30:02] [INFO] 🔄 Whoop token valid but old (60 min) — refreshing...
[2026-05-30 04:30:02] [INFO] Whoop refresh attempt 1/3...
[2026-05-30 04:30:02] [SUCCESS] ✅ Whoop token refreshed and validated
[2026-05-30 04:30:02] [INFO] ✅ Google Calendar: Token is 1 days old (healthy)
[2026-05-30 04:30:02] [ERROR] 🔴 Google Docs: Token is 8 days old — CRITICAL
[2026-05-30 04:30:02] [WARNING] 🔴 Gmail SMTP: Config is 94 days old — verify still working
[2026-05-30 04:30:02] [INFO] ======================================================================
[2026-05-30 04:30:02] [INFO] Summary: 2 healthy | 1 warning | 1 critical
[2026-05-30 04:30:02] [INFO] ======================================================================
[2026-05-30 05:00:02] [INFO] ======================================================================
[2026-05-30 05:00:02] [INFO] TOKEN HEALTH CHECK - Bulletproof v2
[2026-05-30 05:00:02] [INFO] ======================================================================
[2026-05-30 05:00:02] [INFO] ✅ Whoop token valid and fresh (30 min old)
[2026-05-30 05:00:02] [INFO] ✅ Google Calendar: Token is 1 days old (healthy)
[2026-05-30 05:00:02] [ERROR] 🔴 Google Docs: Token is 8 days old — CRITICAL
[2026-05-30 05:00:02] [WARNING] 🔴 Gmail SMTP: Config is 94 days old — verify still working
[2026-05-30 05:00:02] [INFO] ======================================================================
[2026-05-30 05:00:02] [INFO] Summary: 2 healthy | 1 warning | 1 critical
[2026-05-30 05:00:02] [INFO] ======================================================================
[2026-05-30 05:00:02] [INFO] ======================================================================
[2026-05-30 05:00:02] [INFO] TOKEN HEALTH CHECK - Bulletproof v2
[2026-05-30 05:00:02] [INFO] ======================================================================
[2026-05-30 05:00:02] [INFO] ✅ Whoop token valid and fresh (30 min old)
[2026-05-30 05:00:02] [INFO] ✅ Google Calendar: Token is 1 days old (healthy)
[2026-05-30 05:00:02] [ERROR] 🔴 Google Docs: Token is 8 days old — CRITICAL
[2026-05-30 05:00:02] [WARNING] 🔴 Gmail SMTP: Config is 94 days old — verify still working
[2026-05-30 05:00:02] [INFO] ======================================================================
[2026-05-30 05:00:02] [INFO] Summary: 2 healthy | 1 warning | 1 critical
[2026-05-30 05:00:02] [INFO] ======================================================================
[2026-05-30 05:30:02] [INFO] ======================================================================
[2026-05-30 05:30:02] [INFO] TOKEN HEALTH CHECK - Bulletproof v2
[2026-05-30 05:30:02] [INFO] ======================================================================
[2026-05-30 05:30:02] [INFO] 🔄 Whoop token valid but old (60 min) — refreshing...
[2026-05-30 05:30:02] [INFO] Whoop refresh attempt 1/3...
[2026-05-30 05:30:03] [SUCCESS] ✅ Whoop token refreshed and validated
[2026-05-30 05:30:03] [INFO] ✅ Google Calendar: Token is 1 days old (healthy)
[2026-05-30 05:30:03] [ERROR] 🔴 Google Docs: Token is 8 days old — CRITICAL
[2026-05-30 05:30:03] [WARNING] 🔴 Gmail SMTP: Config is 95 days old — verify still working
[2026-05-30 05:30:03] [INFO] ======================================================================
[2026-05-30 05:30:03] [INFO] Summary: 2 healthy | 1 warning | 1 critical
[2026-05-30 05:30:03] [INFO] ======================================================================
[2026-05-30 05:30:02] [INFO] ======================================================================
[2026-05-30 05:30:02] [INFO] TOKEN HEALTH CHECK - Bulletproof v2
[2026-05-30 05:30:02] [INFO] ======================================================================
[2026-05-30 05:30:02] [INFO] 🔄 Whoop token valid but old (60 min) — refreshing...
[2026-05-30 05:30:02] [INFO] Whoop refresh attempt 1/3...
[2026-05-30 05:30:03] [SUCCESS] ✅ Whoop token refreshed and validated
[2026-05-30 05:30:03] [INFO] ✅ Google Calendar: Token is 1 days old (healthy)
[2026-05-30 05:30:03] [ERROR] 🔴 Google Docs: Token is 8 days old — CRITICAL
[2026-05-30 05:30:03] [WARNING] 🔴 Gmail SMTP: Config is 95 days old — verify still working
[2026-05-30 05:30:03] [INFO] ======================================================================
[2026-05-30 05:30:03] [INFO] Summary: 2 healthy | 1 warning | 1 critical
[2026-05-30 05:30:03] [INFO] ======================================================================
[2026-05-30 06:00:03] [INFO] ======================================================================
[2026-05-30 06:00:03] [INFO] TOKEN HEALTH CHECK - Bulletproof v2
[2026-05-30 06:00:03] [INFO] ======================================================================
[2026-05-30 06:00:03] [INFO] ✅ Whoop token valid and fresh (30 min old)
[2026-05-30 06:00:03] [INFO] ✅ Google Calendar: Token is 1 days old (healthy)
[2026-05-30 06:00:03] [ERROR] 🔴 Google Docs: Token is 8 days old — CRITICAL
[2026-05-30 06:00:03] [WARNING] 🔴 Gmail SMTP: Config is 95 days old — verify still working
[2026-05-30 06:00:03] [INFO] ======================================================================
[2026-05-30 06:00:03] [INFO] Summary: 2 healthy | 1 warning | 1 critical
[2026-05-30 06:00:03] [INFO] ======================================================================
[2026-05-30 06:00:03] [INFO] ======================================================================
[2026-05-30 06:00:03] [INFO] TOKEN HEALTH CHECK - Bulletproof v2
[2026-05-30 06:00:03] [INFO] ======================================================================
[2026-05-30 06:00:03] [INFO] ✅ Whoop token valid and fresh (30 min old)
[2026-05-30 06:00:03] [INFO] ✅ Google Calendar: Token is 1 days old (healthy)
[2026-05-30 06:00:03] [ERROR] 🔴 Google Docs: Token is 8 days old — CRITICAL
[2026-05-30 06:00:03] [WARNING] 🔴 Gmail SMTP: Config is 95 days old — verify still working
[2026-05-30 06:00:03] [INFO] ======================================================================
[2026-05-30 06:00:03] [INFO] Summary: 2 healthy | 1 warning | 1 critical
[2026-05-30 06:00:03] [INFO] ======================================================================
[2026-05-30 06:30:01] [INFO] ======================================================================
[2026-05-30 06:30:01] [INFO] TOKEN HEALTH CHECK - Bulletproof v2
[2026-05-30 06:30:01] [INFO] ======================================================================
[2026-05-30 06:30:01] [INFO] 🔄 Whoop token valid but old (60 min) — refreshing...
[2026-05-30 06:30:01] [INFO] Whoop refresh attempt 1/3...
[2026-05-30 06:30:01] [SUCCESS] ✅ Whoop token refreshed and validated
[2026-05-30 06:30:01] [INFO] ✅ Google Calendar: Token is 1 days old (healthy)
[2026-05-30 06:30:01] [ERROR] 🔴 Google Docs: Token is 8 days old — CRITICAL
[2026-05-30 06:30:01] [WARNING] 🔴 Gmail SMTP: Config is 95 days old — verify still working
[2026-05-30 06:30:01] [INFO] ======================================================================
[2026-05-30 06:30:01] [INFO] Summary: 2 healthy | 1 warning | 1 critical
[2026-05-30 06:30:01] [INFO] ======================================================================
[2026-05-30 06:30:01] [INFO] ======================================================================
[2026-05-30 06:30:01] [INFO] TOKEN HEALTH CHECK - Bulletproof v2
[2026-05-30 06:30:01] [INFO] ======================================================================
[2026-05-30 06:30:01] [INFO] 🔄 Whoop token valid but old (60 min) — refreshing...
[2026-05-30 06:30:01] [INFO] Whoop refresh attempt 1/3...
[2026-05-30 06:30:01] [SUCCESS] ✅ Whoop token refreshed and validated
[2026-05-30 06:30:01] [INFO] ✅ Google Calendar: Token is 1 days old (healthy)
[2026-05-30 06:30:01] [ERROR] 🔴 Google Docs: Token is 8 days old — CRITICAL
[2026-05-30 06:30:01] [WARNING] 🔴 Gmail SMTP: Config is 95 days old — verify still working
[2026-05-30 06:30:01] [INFO] ======================================================================
[2026-05-30 06:30:01] [INFO] Summary: 2 healthy | 1 warning | 1 critical
[2026-05-30 06:30:01] [INFO] ======================================================================
[2026-05-30 07:00:02] [INFO] ======================================================================
[2026-05-30 07:00:02] [INFO] TOKEN HEALTH CHECK - Bulletproof v2
[2026-05-30 07:00:02] [INFO] ======================================================================
[2026-05-30 07:00:02] [INFO] ✅ Whoop token valid and fresh (30 min old)
[2026-05-30 07:00:02] [INFO] ✅ Google Calendar: Token is 1 days old (healthy)
[2026-05-30 07:00:02] [ERROR] 🔴 Google Docs: Token is 8 days old — CRITICAL
[2026-05-30 07:00:02] [WARNING] 🔴 Gmail SMTP: Config is 95 days old — verify still working
[2026-05-30 07:00:02] [INFO] ======================================================================
[2026-05-30 07:00:02] [INFO] Summary: 2 healthy | 1 warning | 1 critical
[2026-05-30 07:00:02] [INFO] ======================================================================
[2026-05-30 07:00:02] [INFO] ======================================================================
[2026-05-30 07:00:02] [INFO] TOKEN HEALTH CHECK - Bulletproof v2
[2026-05-30 07:00:02] [INFO] ======================================================================
[2026-05-30 07:00:02] [INFO] ✅ Whoop token valid and fresh (30 min old)
[2026-05-30 07:00:02] [INFO] ✅ Google Calendar: Token is 1 days old (healthy)
[2026-05-30 07:00:02] [ERROR] 🔴 Google Docs: Token is 8 days old — CRITICAL
[2026-05-30 07:00:02] [WARNING] 🔴 Gmail SMTP: Config is 95 days old — verify still working
[2026-05-30 07:00:02] [INFO] ======================================================================
[2026-05-30 07:00:02] [INFO] Summary: 2 healthy | 1 warning | 1 critical
[2026-05-30 07:00:02] [INFO] ======================================================================
[2026-05-30 07:30:01] [INFO] ======================================================================
[2026-05-30 07:30:01] [INFO] TOKEN HEALTH CHECK - Bulletproof v2
[2026-05-30 07:30:01] [INFO] ======================================================================
[2026-05-30 07:30:02] [INFO] 🔄 Whoop token invalid (60 min old) — refreshing...
[2026-05-30 07:30:02] [INFO] Whoop refresh attempt 1/3...
[2026-05-30 07:30:02] [SUCCESS] ✅ Whoop token refreshed and validated
[2026-05-30 07:30:02] [INFO] ✅ Google Calendar: Token is 1 days old (healthy)
[2026-05-30 07:30:02] [ERROR] 🔴 Google Docs: Token is 8 days old — CRITICAL
[2026-05-30 07:30:02] [WARNING] 🔴 Gmail SMTP: Config is 95 days old — verify still working
[2026-05-30 07:30:02] [INFO] ======================================================================
[2026-05-30 07:30:02] [INFO] Summary: 2 healthy | 1 warning | 1 critical
[2026-05-30 07:30:02] [INFO] ======================================================================
[2026-05-30 07:30:01] [INFO] ======================================================================
[2026-05-30 07:30:01] [INFO] TOKEN HEALTH CHECK - Bulletproof v2
[2026-05-30 07:30:01] [INFO] ======================================================================
[2026-05-30 07:30:02] [INFO] 🔄 Whoop token invalid (60 min old) — refreshing...
[2026-05-30 07:30:02] [INFO] Whoop refresh attempt 1/3...
[2026-05-30 07:30:02] [SUCCESS] ✅ Whoop token refreshed and validated
[2026-05-30 07:30:02] [INFO] ✅ Google Calendar: Token is 1 days old (healthy)
[2026-05-30 07:30:02] [ERROR] 🔴 Google Docs: Token is 8 days old — CRITICAL
[2026-05-30 07:30:02] [WARNING] 🔴 Gmail SMTP: Config is 95 days old — verify still working
[2026-05-30 07:30:02] [INFO] ======================================================================
[2026-05-30 07:30:02] [INFO] Summary: 2 healthy | 1 warning | 1 critical
[2026-05-30 07:30:02] [INFO] ======================================================================
[2026-05-30 08:00:01] [INFO] ======================================================================
[2026-05-30 08:00:01] [INFO] TOKEN HEALTH CHECK - Bulletproof v2
[2026-05-30 08:00:01] [INFO] ======================================================================
[2026-05-30 08:00:02] [INFO] ✅ Whoop token valid and fresh (30 min old)
[2026-05-30 08:00:02] [INFO] ✅ Google Calendar: Token is 1 days old (healthy)
[2026-05-30 08:00:02] [ERROR] 🔴 Google Docs: Token is 8 days old — CRITICAL
[2026-05-30 08:00:02] [WARNING] 🔴 Gmail SMTP: Config is 95 days old — verify still working
[2026-05-30 08:00:02] [INFO] ======================================================================
[2026-05-30 08:00:02] [INFO] Summary: 2 healthy | 1 warning | 1 critical
[2026-05-30 08:00:02] [INFO] ======================================================================
[2026-05-30 08:00:01] [INFO] ======================================================================
[2026-05-30 08:00:01] [INFO] TOKEN HEALTH CHECK - Bulletproof v2
[2026-05-30 08:00:01] [INFO] ======================================================================
[2026-05-30 08:00:02] [INFO] ✅ Whoop token valid and fresh (30 min old)
[2026-05-30 08:00:02] [INFO] ✅ Google Calendar: Token is 1 days old (healthy)
[2026-05-30 08:00:02] [ERROR] 🔴 Google Docs: Token is 8 days old — CRITICAL
[2026-05-30 08:00:02] [WARNING] 🔴 Gmail SMTP: Config is 95 days old — verify still working
[2026-05-30 08:00:02] [INFO] ======================================================================
[2026-05-30 08:00:02] [INFO] Summary: 2 healthy | 1 warning | 1 critical
[2026-05-30 08:00:02] [INFO] ======================================================================
[2026-05-30 08:30:01] [INFO] ======================================================================
[2026-05-30 08:30:01] [INFO] TOKEN HEALTH CHECK - Bulletproof v2
[2026-05-30 08:30:01] [INFO] ======================================================================
[2026-05-30 08:30:01] [INFO] 🔄 Whoop token valid but old (60 min) — refreshing...
[2026-05-30 08:30:01] [INFO] Whoop refresh attempt 1/3...
[2026-05-30 08:30:02] [SUCCESS] ✅ Whoop token refreshed and validated
[2026-05-30 08:30:02] [INFO] ✅ Google Calendar: Token is 1 days old (healthy)
[2026-05-30 08:30:02] [ERROR] 🔴 Google Docs: Token is 8 days old — CRITICAL
[2026-05-30 08:30:02] [WARNING] 🔴 Gmail SMTP: Config is 95 days old — verify still working
[2026-05-30 08:30:02] [INFO] ======================================================================
[2026-05-30 08:30:02] [INFO] Summary: 2 healthy | 1 warning | 1 critical
[2026-05-30 08:30:02] [INFO] ======================================================================
[2026-05-30 08:30:01] [INFO] ======================================================================
[2026-05-30 08:30:01] [INFO] TOKEN HEALTH CHECK - Bulletproof v2
[2026-05-30 08:30:01] [INFO] ======================================================================
[2026-05-30 08:30:01] [INFO] 🔄 Whoop token valid but old (60 min) — refreshing...
[2026-05-30 08:30:01] [INFO] Whoop refresh attempt 1/3...
[2026-05-30 08:30:02] [SUCCESS] ✅ Whoop token refreshed and validated
[2026-05-30 08:30:02] [INFO] ✅ Google Calendar: Token is 1 days old (healthy)
[2026-05-30 08:30:02] [ERROR] 🔴 Google Docs: Token is 8 days old — CRITICAL
[2026-05-30 08:30:02] [WARNING] 🔴 Gmail SMTP: Config is 95 days old — verify still working
[2026-05-30 08:30:02] [INFO] ======================================================================
[2026-05-30 08:30:02] [INFO] Summary: 2 healthy | 1 warning | 1 critical
[2026-05-30 08:30:02] [INFO] ======================================================================
[2026-05-30 09:00:01] [INFO] ======================================================================
[2026-05-30 09:00:01] [INFO] TOKEN HEALTH CHECK - Bulletproof v2
[2026-05-30 09:00:01] [INFO] ======================================================================
[2026-05-30 09:00:02] [INFO] ✅ Whoop token valid and fresh (30 min old)
[2026-05-30 09:00:02] [INFO] ✅ Google Calendar: Token is 1 days old (healthy)
[2026-05-30 09:00:02] [ERROR] 🔴 Google Docs: Token is 8 days old — CRITICAL
[2026-05-30 09:00:02] [WARNING] 🔴 Gmail SMTP: Config is 95 days old — verify still working
[2026-05-30 09:00:02] [INFO] ======================================================================
[2026-05-30 09:00:02] [INFO] Summary: 2 healthy | 1 warning | 1 critical
[2026-05-30 09:00:02] [INFO] ======================================================================
[2026-05-30 09:00:01] [INFO] ======================================================================
[2026-05-30 09:00:01] [INFO] TOKEN HEALTH CHECK - Bulletproof v2
[2026-05-30 09:00:01] [INFO] ======================================================================
[2026-05-30 09:00:02] [INFO] ✅ Whoop token valid and fresh (30 min old)
[2026-05-30 09:00:02] [INFO] ✅ Google Calendar: Token is 1 days old (healthy)
[2026-05-30 09:00:02] [ERROR] 🔴 Google Docs: Token is 8 days old — CRITICAL
[2026-05-30 09:00:02] [WARNING] 🔴 Gmail SMTP: Config is 95 days old — verify still working
[2026-05-30 09:00:02] [INFO] ======================================================================
[2026-05-30 09:00:02] [INFO] Summary: 2 healthy | 1 warning | 1 critical
[2026-05-30 09:00:02] [INFO] ======================================================================
[2026-05-30 09:30:01] [INFO] ======================================================================
[2026-05-30 09:30:01] [INFO] TOKEN HEALTH CHECK - Bulletproof v2
[2026-05-30 09:30:01] [INFO] ======================================================================
[2026-05-30 09:30:02] [INFO] 🔄 Whoop token invalid (60 min old) — refreshing...
[2026-05-30 09:30:02] [INFO] Whoop refresh attempt 1/3...
[2026-05-30 09:30:02] [SUCCESS] ✅ Whoop token refreshed and validated
[2026-05-30 09:30:02] [INFO] ✅ Google Calendar: Token is 1 days old (healthy)
[2026-05-30 09:30:02] [ERROR] 🔴 Google Docs: Token is 8 days old — CRITICAL
[2026-05-30 09:30:02] [WARNING] 🔴 Gmail SMTP: Config is 95 days old — verify still working
[2026-05-30 09:30:02] [INFO] ======================================================================
[2026-05-30 09:30:02] [INFO] Summary: 2 healthy | 1 warning | 1 critical
[2026-05-30 09:30:02] [INFO] ======================================================================
[2026-05-30 09:30:01] [INFO] ======================================================================
[2026-05-30 09:30:01] [INFO] TOKEN HEALTH CHECK - Bulletproof v2
[2026-05-30 09:30:01] [INFO] ======================================================================
[2026-05-30 09:30:02] [INFO] 🔄 Whoop token invalid (60 min old) — refreshing...
[2026-05-30 09:30:02] [INFO] Whoop refresh attempt 1/3...
[2026-05-30 09:30:02] [SUCCESS] ✅ Whoop token refreshed and validated
[2026-05-30 09:30:02] [INFO] ✅ Google Calendar: Token is 1 days old (healthy)
[2026-05-30 09:30:02] [ERROR] 🔴 Google Docs: Token is 8 days old — CRITICAL
[2026-05-30 09:30:02] [WARNING] 🔴 Gmail SMTP: Config is 95 days old — verify still working
[2026-05-30 09:30:02] [INFO] ======================================================================
[2026-05-30 09:30:02] [INFO] Summary: 2 healthy | 1 warning | 1 critical
[2026-05-30 09:30:02] [INFO] ======================================================================
[2026-05-30 10:00:02] [INFO] ======================================================================
[2026-05-30 10:00:02] [INFO] TOKEN HEALTH CHECK - Bulletproof v2
[2026-05-30 10:00:02] [INFO] ======================================================================
[2026-05-30 10:00:02] [INFO] ✅ Whoop token valid and fresh (30 min old)
[2026-05-30 10:00:02] [INFO] ✅ Google Calendar: Token is 1 days old (healthy)
[2026-05-30 10:00:02] [ERROR] 🔴 Google Docs: Token is 8 days old — CRITICAL
[2026-05-30 10:00:02] [WARNING] 🔴 Gmail SMTP: Config is 95 days old — verify still working
[2026-05-30 10:00:02] [INFO] ======================================================================
[2026-05-30 10:00:02] [INFO] Summary: 2 healthy | 1 warning | 1 critical
[2026-05-30 10:00:02] [INFO] ======================================================================
[2026-05-30 10:00:02] [INFO] ======================================================================
[2026-05-30 10:00:02] [INFO] TOKEN HEALTH CHECK - Bulletproof v2
[2026-05-30 10:00:02] [INFO] ======================================================================
[2026-05-30 10:00:02] [INFO] ✅ Whoop token valid and fresh (30 min old)
[2026-05-30 10:00:02] [INFO] ✅ Google Calendar: Token is 1 days old (healthy)
[2026-05-30 10:00:02] [ERROR] 🔴 Google Docs: Token is 8 days old — CRITICAL
[2026-05-30 10:00:02] [WARNING] 🔴 Gmail SMTP: Config is 95 days old — verify still working
[2026-05-30 10:00:02] [INFO] ======================================================================
[2026-05-30 10:00:02] [INFO] Summary: 2 healthy | 1 warning | 1 critical
[2026-05-30 10:00:02] [INFO] ======================================================================
[2026-05-30 10:30:02] [INFO] ======================================================================
[2026-05-30 10:30:02] [INFO] TOKEN HEALTH CHECK - Bulletproof v2
[2026-05-30 10:30:02] [INFO] ======================================================================
[2026-05-30 10:30:02] [INFO] 🔄 Whoop token invalid (60 min old) — refreshing...
[2026-05-30 10:30:02] [INFO] Whoop refresh attempt 1/3...
[2026-05-30 10:30:03] [SUCCESS] ✅ Whoop token refreshed and validated
[2026-05-30 10:30:03] [INFO] ✅ Google Calendar: Token is 1 days old (healthy)
[2026-05-30 10:30:03] [ERROR] 🔴 Google Docs: Token is 8 days old — CRITICAL
[2026-05-30 10:30:03] [WARNING] 🔴 Gmail SMTP: Config is 95 days old — verify still working
[2026-05-30 10:30:03] [INFO] ======================================================================
[2026-05-30 10:30:03] [INFO] Summary: 2 healthy | 1 warning | 1 critical
[2026-05-30 10:30:03] [INFO] ======================================================================
[2026-05-30 10:30:02] [INFO] ======================================================================
[2026-05-30 10:30:02] [INFO] TOKEN HEALTH CHECK - Bulletproof v2
[2026-05-30 10:30:02] [INFO] ======================================================================
[2026-05-30 10:30:02] [INFO] 🔄 Whoop token invalid (60 min old) — refreshing...
[2026-05-30 10:30:02] [INFO] Whoop refresh attempt 1/3...
[2026-05-30 10:30:03] [SUCCESS] ✅ Whoop token refreshed and validated
[2026-05-30 10:30:03] [INFO] ✅ Google Calendar: Token is 1 days old (healthy)
[2026-05-30 10:30:03] [ERROR] 🔴 Google Docs: Token is 8 days old — CRITICAL
[2026-05-30 10:30:03] [WARNING] 🔴 Gmail SMTP: Config is 95 days old — verify still working
[2026-05-30 10:30:03] [INFO] ======================================================================
[2026-05-30 10:30:03] [INFO] Summary: 2 healthy | 1 warning | 1 critical
[2026-05-30 10:30:03] [INFO] ======================================================================
[2026-05-30 11:00:02] [INFO] ======================================================================
[2026-05-30 11:00:02] [INFO] TOKEN HEALTH CHECK - Bulletproof v2
[2026-05-30 11:00:02] [INFO] ======================================================================
[2026-05-30 11:00:02] [INFO] ✅ Whoop token valid and fresh (30 min old)
[2026-05-30 11:00:02] [INFO] ✅ Google Calendar: Token is 1 days old (healthy)
[2026-05-30 11:00:02] [ERROR] 🔴 Google Docs: Token is 8 days old — CRITICAL
[2026-05-30 11:00:02] [WARNING] 🔴 Gmail SMTP: Config is 95 days old — verify still working
[2026-05-30 11:00:02] [INFO] ======================================================================
[2026-05-30 11:00:02] [INFO] Summary: 2 healthy | 1 warning | 1 critical
[2026-05-30 11:00:02] [INFO] ======================================================================
[2026-05-30 11:00:02] [INFO] ======================================================================
[2026-05-30 11:00:02] [INFO] TOKEN HEALTH CHECK - Bulletproof v2
[2026-05-30 11:00:02] [INFO] ======================================================================
[2026-05-30 11:00:02] [INFO] ✅ Whoop token valid and fresh (30 min old)
[2026-05-30 11:00:02] [INFO] ✅ Google Calendar: Token is 1 days old (healthy)
[2026-05-30 11:00:02] [ERROR] 🔴 Google Docs: Token is 8 days old — CRITICAL
[2026-05-30 11:00:02] [WARNING] 🔴 Gmail SMTP: Config is 95 days old — verify still working
[2026-05-30 11:00:02] [INFO] ======================================================================
[2026-05-30 11:00:02] [INFO] Summary: 2 healthy | 1 warning | 1 critical
[2026-05-30 11:00:02] [INFO] ======================================================================
[2026-05-30 11:30:01] [INFO] ======================================================================
[2026-05-30 11:30:01] [INFO] TOKEN HEALTH CHECK - Bulletproof v2
[2026-05-30 11:30:01] [INFO] ======================================================================
[2026-05-30 11:30:01] [INFO] 🔄 Whoop token valid but old (60 min) — refreshing...
[2026-05-30 11:30:01] [INFO] Whoop refresh attempt 1/3...
[2026-05-30 11:30:01] [SUCCESS] ✅ Whoop token refreshed and validated
[2026-05-30 11:30:01] [INFO] ✅ Google Calendar: Token is 1 days old (healthy)
[2026-05-30 11:30:01] [ERROR] 🔴 Google Docs: Token is 8 days old — CRITICAL
[2026-05-30 11:30:01] [WARNING] 🔴 Gmail SMTP: Config is 95 days old — verify still working
[2026-05-30 11:30:01] [INFO] ======================================================================
[2026-05-30 11:30:01] [INFO] Summary: 2 healthy | 1 warning | 1 critical
[2026-05-30 11:30:01] [INFO] ======================================================================
[2026-05-30 11:30:01] [INFO] ======================================================================
[2026-05-30 11:30:01] [INFO] TOKEN HEALTH CHECK - Bulletproof v2
[2026-05-30 11:30:01] [INFO] ======================================================================
[2026-05-30 11:30:01] [INFO] 🔄 Whoop token valid but old (60 min) — refreshing...
[2026-05-30 11:30:01] [INFO] Whoop refresh attempt 1/3...
[2026-05-30 11:30:01] [SUCCESS] ✅ Whoop token refreshed and validated
[2026-05-30 11:30:01] [INFO] ✅ Google Calendar: Token is 1 days old (healthy)
[2026-05-30 11:30:01] [ERROR] 🔴 Google Docs: Token is 8 days old — CRITICAL
[2026-05-30 11:30:01] [WARNING] 🔴 Gmail SMTP: Config is 95 days old — verify still working
[2026-05-30 11:30:01] [INFO] ======================================================================
[2026-05-30 11:30:01] [INFO] Summary: 2 healthy | 1 warning | 1 critical
[2026-05-30 11:30:01] [INFO] ======================================================================
