[2026-04-11 21:00:01] Starting travel automation...
🧳 Travel Automation v2 - Comprehensive Travel Tasks
📅 2026-04-11 21:00

❌ Todoist CLI not found. Install: npm install -g todoist-ts-cli
[2026-04-11 21:00:02] Travel automation completed successfully
[2026-04-12 09:00:01] Starting travel automation...
🧳 Travel Automation v2 - Comprehensive Travel Tasks
📅 2026-04-12 09:00

❌ Todoist CLI not found. Install: npm install -g todoist-ts-cli
[2026-04-12 09:00:02] Travel automation completed successfully
[2026-04-12 21:00:01] Starting travel automation...
🧳 Travel Automation v2 - Comprehensive Travel Tasks
📅 2026-04-12 21:00

❌ Todoist CLI not found. Install: npm install -g todoist-ts-cli
[2026-04-12 21:00:02] Travel automation completed successfully
[2026-04-13 09:00:01] Starting travel automation...
🧳 Travel Automation v2 - Comprehensive Travel Tasks
📅 2026-04-13 09:00

❌ Todoist CLI not found. Install: npm install -g todoist-ts-cli
[2026-04-13 09:00:02] Travel automation completed successfully
[2026-04-13 21:00:02] Starting travel automation...
🧳 Travel Automation v2 - Comprehensive Travel Tasks
📅 2026-04-13 21:00

❌ Todoist CLI not found. Install: npm install -g todoist-ts-cli
[2026-04-13 21:00:02] Travel automation completed successfully
[2026-04-14 09:00:01] Starting travel automation...
🧳 Travel Automation v2 - Comprehensive Travel Tasks
📅 2026-04-14 09:00

❌ Todoist CLI not found. Install: npm install -g todoist-ts-cli
[2026-04-14 09:00:02] Travel automation completed successfully
[2026-04-14 21:00:02] Starting travel automation...
🧳 Travel Automation v2 - Comprehensive Travel Tasks
📅 2026-04-14 21:00

❌ Todoist CLI not found. Install: npm install -g todoist-ts-cli
[2026-04-14 21:00:02] Travel automation completed successfully
[2026-04-15 09:00:01] Starting travel automation...
🧳 Travel Automation v2 - Comprehensive Travel Tasks
📅 2026-04-15 09:00

❌ Todoist CLI not found. Install: npm install -g todoist-ts-cli
[2026-04-15 09:00:02] Travel automation completed successfully
[2026-04-15 21:00:02] Starting travel automation...
🧳 Travel Automation v2 - Comprehensive Travel Tasks
📅 2026-04-15 21:00

❌ Todoist CLI not found. Install: npm install -g todoist-ts-cli
[2026-04-15 21:00:02] Travel automation completed successfully
[2026-04-16 09:00:01] Starting travel automation...
🧳 Travel Automation v2 - Comprehensive Travel Tasks
📅 2026-04-16 09:00

❌ Todoist CLI not found. Install: npm install -g todoist-ts-cli
[2026-04-16 09:00:02] Travel automation completed successfully
[2026-04-16 21:00:02] Starting travel automation...
🧳 Travel Automation v2 - Comprehensive Travel Tasks
📅 2026-04-16 21:00

❌ Todoist CLI not found. Install: npm install -g todoist-ts-cli
[2026-04-16 21:00:02] Travel automation completed successfully
[2026-04-17 09:00:01] Starting travel automation...
🧳 Travel Automation v2 - Comprehensive Travel Tasks
📅 2026-04-17 09:00

❌ Todoist CLI not found. Install: npm install -g todoist-ts-cli
[2026-04-17 09:00:02] Travel automation completed successfully
[2026-04-17 21:00:01] Starting travel automation...
🧳 Travel Automation v2 - Comprehensive Travel Tasks
📅 2026-04-17 21:00

❌ Todoist CLI not found. Install: npm install -g todoist-ts-cli
[2026-04-17 21:00:02] Travel automation completed successfully
[2026-04-18 09:00:01] Starting travel automation...
🧳 Travel Automation v2 - Comprehensive Travel Tasks
📅 2026-04-18 09:00

❌ Todoist CLI not found. Install: npm install -g todoist-ts-cli
[2026-04-18 09:00:02] Travel automation completed successfully
[2026-04-18 21:00:02] Starting travel automation...
🧳 Travel Automation v2 - Comprehensive Travel Tasks
📅 2026-04-18 21:00

❌ Todoist CLI not found. Install: npm install -g todoist-ts-cli
[2026-04-18 21:00:02] Travel automation completed successfully
[2026-04-19 09:00:01] Starting travel automation...
🧳 Travel Automation v2 - Comprehensive Travel Tasks
📅 2026-04-19 09:00

❌ Todoist CLI not found. Install: npm install -g todoist-ts-cli
[2026-04-19 09:00:02] Travel automation completed successfully
[2026-04-19 21:00:01] Starting travel automation...
🧳 Travel Automation v2 - Comprehensive Travel Tasks
📅 2026-04-19 21:00

❌ Todoist CLI not found. Install: npm install -g todoist-ts-cli
[2026-04-19 21:00:02] Travel automation completed successfully
[2026-04-20 09:00:02] Starting travel automation...
🧳 Travel Automation v2 - Comprehensive Travel Tasks
📅 2026-04-20 09:00

❌ Todoist CLI not found. Install: npm install -g todoist-ts-cli
[2026-04-20 09:00:02] Travel automation completed successfully
[2026-04-20 21:00:01] Starting travel automation...
🧳 Travel Automation v2 - Comprehensive Travel Tasks
📅 2026-04-20 21:00

❌ Todoist CLI not found. Install: npm install -g todoist-ts-cli
[2026-04-20 21:00:02] Travel automation completed successfully
[2026-04-21 09:00:01] Starting travel automation...
🧳 Travel Automation v2 - Comprehensive Travel Tasks
📅 2026-04-21 09:00

❌ Todoist CLI not found. Install: npm install -g todoist-ts-cli
[2026-04-21 09:00:01] Travel automation completed successfully
[2026-04-21 21:00:01] Starting travel automation...
🧳 Travel Automation v2 - Comprehensive Travel Tasks
📅 2026-04-21 21:00

❌ Todoist CLI not found. Install: npm install -g todoist-ts-cli
[2026-04-21 21:00:01] Travel automation completed successfully
[2026-04-22 09:00:01] Starting travel automation...
🧳 Travel Automation v2 - Comprehensive Travel Tasks
📅 2026-04-22 09:00

❌ Todoist CLI not found. Install: npm install -g todoist-ts-cli
[2026-04-22 09:00:02] Travel automation completed successfully
[2026-04-22 21:00:01] Starting travel automation...
🧳 Travel Automation v2 - Comprehensive Travel Tasks
📅 2026-04-22 21:00

❌ Todoist CLI not found. Install: npm install -g todoist-ts-cli
[2026-04-22 21:00:02] Travel automation completed successfully
[2026-04-23 09:00:01] Starting travel automation...
🧳 Travel Automation v2 - Comprehensive Travel Tasks
📅 2026-04-23 09:00

❌ Todoist CLI not found. Install: npm install -g todoist-ts-cli
[2026-04-23 09:00:01] Travel automation completed successfully
[2026-04-23 21:00:01] Starting travel automation...
🧳 Travel Automation v2 - Comprehensive Travel Tasks
📅 2026-04-23 21:00

❌ Todoist CLI not found. Install: npm install -g todoist-ts-cli
[2026-04-23 21:00:01] Travel automation completed successfully
[2026-04-24 09:00:01] Starting travel automation...
🧳 Travel Automation v2 - Comprehensive Travel Tasks
📅 2026-04-24 09:00

❌ Todoist CLI not found. Install: npm install -g todoist-ts-cli
[2026-04-24 09:00:02] Travel automation completed successfully
[2026-04-24 21:00:01] Starting travel automation...
🧳 Travel Automation v2 - Comprehensive Travel Tasks
📅 2026-04-24 21:00

❌ Todoist CLI not found. Install: npm install -g todoist-ts-cli
[2026-04-24 21:00:02] Travel automation completed successfully
[2026-04-25 09:00:01] Starting travel automation...
🧳 Travel Automation v2 - Comprehensive Travel Tasks
📅 2026-04-25 09:00

❌ Todoist CLI not found. Install: npm install -g todoist-ts-cli
[2026-04-25 09:00:02] Travel automation completed successfully
[2026-04-25 21:00:01] Starting travel automation...
🧳 Travel Automation v2 - Comprehensive Travel Tasks
📅 2026-04-25 21:00

❌ Todoist CLI not found. Install: npm install -g todoist-ts-cli
[2026-04-25 21:00:02] Travel automation completed successfully
[2026-04-26 09:00:01] Starting travel automation...
🧳 Travel Automation v2 - Comprehensive Travel Tasks
📅 2026-04-26 09:00

❌ Todoist CLI not found. Install: npm install -g todoist-ts-cli
[2026-04-26 09:00:02] Travel automation completed successfully
[2026-04-26 21:00:01] Starting travel automation...
🧳 Travel Automation v2 - Comprehensive Travel Tasks
📅 2026-04-26 21:00

❌ Todoist CLI not found. Install: npm install -g todoist-ts-cli
[2026-04-26 21:00:02] Travel automation completed successfully
[2026-04-27 09:00:01] Starting travel automation...
🧳 Travel Automation v2 - Comprehensive Travel Tasks
📅 2026-04-27 09:00

❌ Todoist CLI not found. Install: npm install -g todoist-ts-cli
[2026-04-27 09:00:02] Travel automation completed successfully
[2026-04-27 21:00:01] Starting travel automation...
🧳 Travel Automation v2 - Comprehensive Travel Tasks
📅 2026-04-27 21:00

❌ Todoist CLI not found. Install: npm install -g todoist-ts-cli
[2026-04-27 21:00:02] Travel automation completed successfully
[2026-04-28 09:00:01] Starting travel automation...
🧳 Travel Automation v2 - Comprehensive Travel Tasks
📅 2026-04-28 09:00

❌ Todoist CLI not found. Install: npm install -g todoist-ts-cli
[2026-04-28 09:00:02] Travel automation completed successfully
[2026-04-28 21:00:01] Starting travel automation...
🧳 Travel Automation v2 - Comprehensive Travel Tasks
📅 2026-04-28 21:00

❌ Todoist CLI not found. Install: npm install -g todoist-ts-cli
[2026-04-28 21:00:02] Travel automation completed successfully
[2026-04-29 09:00:01] Starting travel automation...
🧳 Travel Automation v2 - Comprehensive Travel Tasks
📅 2026-04-29 09:00

❌ Todoist CLI not found. Install: npm install -g todoist-ts-cli
[2026-04-29 09:00:02] Travel automation completed successfully
[2026-04-29 21:00:01] Starting travel automation...
🧳 Travel Automation v2 - Comprehensive Travel Tasks
📅 2026-04-29 21:00

❌ Todoist CLI not found. Install: npm install -g todoist-ts-cli
[2026-04-29 21:00:02] Travel automation completed successfully
[2026-04-30 09:00:01] Starting travel automation...
🧳 Travel Automation v2 - Comprehensive Travel Tasks
📅 2026-04-30 09:00

❌ Todoist CLI not found. Install: npm install -g todoist-ts-cli
[2026-04-30 09:00:01] Travel automation completed successfully
[2026-04-30 21:00:01] Starting travel automation...
🧳 Travel Automation v2 - Comprehensive Travel Tasks
📅 2026-04-30 21:00

❌ Todoist CLI not found. Install: npm install -g todoist-ts-cli
[2026-04-30 21:00:02] Travel automation completed successfully
[2026-05-01 09:00:01] Starting travel automation...
🧳 Travel Automation v2 - Comprehensive Travel Tasks
📅 2026-05-01 09:00

❌ Todoist CLI not found. Install: npm install -g todoist-ts-cli
[2026-05-01 09:00:01] Travel automation completed successfully
[2026-05-01 21:00:01] Starting travel automation...
🧳 Travel Automation v2 - Comprehensive Travel Tasks
📅 2026-05-01 21:00

❌ Todoist CLI not found. Install: npm install -g todoist-ts-cli
[2026-05-01 21:00:02] Travel automation completed successfully
[2026-05-02 09:00:01] Starting travel automation...
🧳 Travel Automation v2 - Comprehensive Travel Tasks
📅 2026-05-02 09:00

❌ Todoist CLI not found. Install: npm install -g todoist-ts-cli
[2026-05-02 09:00:02] Travel automation completed successfully
[2026-05-02 21:00:01] Starting travel automation...
🧳 Travel Automation v2 - Comprehensive Travel Tasks
📅 2026-05-02 21:00

❌ Todoist CLI not found. Install: npm install -g todoist-ts-cli
[2026-05-02 21:00:02] Travel automation completed successfully
[2026-05-03 09:00:02] Starting travel automation...
🧳 Travel Automation v2 - Comprehensive Travel Tasks
📅 2026-05-03 09:00

❌ Todoist CLI not found. Install: npm install -g todoist-ts-cli
[2026-05-03 09:00:02] Travel automation completed successfully
[2026-05-03 21:00:01] Starting travel automation...
🧳 Travel Automation v2 - Comprehensive Travel Tasks
📅 2026-05-03 21:00

❌ Todoist CLI not found. Install: npm install -g todoist-ts-cli
[2026-05-03 21:00:01] Travel automation completed successfully
[2026-05-04 09:00:01] Starting travel automation...
🧳 Travel Automation v2 - Comprehensive Travel Tasks
📅 2026-05-04 09:00

❌ Todoist CLI not found. Install: npm install -g todoist-ts-cli
[2026-05-04 09:00:02] Travel automation completed successfully
[2026-05-04 21:00:01] Starting travel automation...
🧳 Travel Automation v2 - Comprehensive Travel Tasks
📅 2026-05-04 21:00

❌ Todoist CLI not found. Install: npm install -g todoist-ts-cli
[2026-05-04 21:00:02] Travel automation completed successfully
[2026-05-05 09:00:01] Starting travel automation...
🧳 Travel Automation v2 - Comprehensive Travel Tasks
📅 2026-05-05 09:00

❌ Todoist CLI not found. Install: npm install -g todoist-ts-cli
[2026-05-05 09:00:01] Travel automation completed successfully
[2026-05-05 21:00:01] Starting travel automation...
🧳 Travel Automation v2 - Comprehensive Travel Tasks
📅 2026-05-05 21:00

❌ Todoist CLI not found. Install: npm install -g todoist-ts-cli
[2026-05-05 21:00:02] Travel automation completed successfully
[2026-05-06 09:00:02] Starting travel automation...
🧳 Travel Automation v2 - Comprehensive Travel Tasks
📅 2026-05-06 09:00

❌ Todoist CLI not found. Install: npm install -g todoist-ts-cli
[2026-05-06 09:00:02] Travel automation completed successfully
[2026-05-06 21:00:01] Starting travel automation...
🧳 Travel Automation v2 - Comprehensive Travel Tasks
📅 2026-05-06 21:00

❌ Todoist CLI not found. Install: npm install -g todoist-ts-cli
[2026-05-06 21:00:02] Travel automation completed successfully
[2026-05-07 09:00:01] Starting travel automation...
🧳 Travel Automation v2 - Comprehensive Travel Tasks
📅 2026-05-07 09:00

❌ Todoist CLI not found. Install: npm install -g todoist-ts-cli
[2026-05-07 09:00:01] Travel automation completed successfully
[2026-05-07 21:00:01] Starting travel automation...
🧳 Travel Automation v2 - Comprehensive Travel Tasks
📅 2026-05-07 21:00

❌ Todoist CLI not found. Install: npm install -g todoist-ts-cli
[2026-05-07 21:00:02] Travel automation completed successfully
[2026-05-08 09:00:01] Starting travel automation...
🧳 Travel Automation v2 - Comprehensive Travel Tasks
📅 2026-05-08 09:00

❌ Todoist CLI not found. Install: npm install -g todoist-ts-cli
[2026-05-08 09:00:02] Travel automation completed successfully
[2026-05-08 21:00:01] Starting travel automation...
🧳 Travel Automation v2 - Comprehensive Travel Tasks
📅 2026-05-08 21:00

❌ Todoist CLI not found. Install: npm install -g todoist-ts-cli
[2026-05-08 21:00:02] Travel automation completed successfully
[2026-05-09 09:00:02] Starting travel automation...
🧳 Travel Automation v2 - Comprehensive Travel Tasks
📅 2026-05-09 09:00

❌ Todoist CLI not found. Install: npm install -g todoist-ts-cli
[2026-05-09 09:00:02] Travel automation completed successfully
[2026-05-09 21:00:02] Starting travel automation...
🧳 Travel Automation v2 - Comprehensive Travel Tasks
📅 2026-05-09 21:00

📋 Fetching existing tasks...
   Found 0 existing tasks

🧳 Found 4 travel events
======================================================================

✈️  Delta Air Lines flight 960 to New York (GAO7LP)
   📆 Saturday, May 16 at 09:14 PM
   🎫 Confirmation: GAO7LP
   ✈️  Flight: DL 960
   ❌ Error: Error: HTTP 503: Service Unavailable
   ✅ Created: 🐕 ROVER: Schedule sitter for Greta (10 days before) - Delta ...
   ✅ Created: 🏨 HOTEL: Confirm reservation for trip - Delta Air Lines flig...
   ✅ Created: 🚗 UBER: Schedule ride to airport - Delta Air Lines flight 96...
   ✅ Created: 🎒 PACK: Prepare luggage for Delta Air Lines flight 960 to Ne...
   📊 Added to flight tracking: DL 960

✈️  Geoffrey Clapp - Delta Air Lines 742 - departs 7:00 AM local time - Confirmation code: HKZ4LV
   📆 Thursday, May 21 at 04:00 AM
   🎫 Confirmation: HKZ4LV
   ✈️  Flight: DL 742
   ✅ Created: ✈️ FLIGHT: Geoffrey Clapp - Delta Air Lines 742 - departs 7:...
   ✅ Created: 🐕 ROVER: Schedule sitter for Greta (10 days before) - Geoffr...
   ✅ Created: 🏨 HOTEL: Confirm reservation for trip - Geoffrey Clapp - Del...
   ✅ Created: 🚗 UBER: Schedule ride to airport - Geoffrey Clapp - Delta Ai...
   ✅ Created: 🎒 PACK: Prepare luggage for Geoffrey Clapp - Delta Air Lines...
   📊 Added to flight tracking: DL 742

✈️  Flight to RNO (DL 4099)
   📆 Friday, May 22 at 08:20 AM
   ✈️  Flight: DL 4099
   ✅ Created: ✈️ FLIGHT: Flight to RNO (DL 4099)...
   ✅ Created: 🐕 ROVER: Schedule sitter for Greta (10 days before) - Flight...
   ✅ Created: 🏨 HOTEL: Confirm reservation for trip - Flight to RNO (DL 40...
   ✅ Created: 🚗 UBER: Schedule ride to airport - Flight to RNO (DL 4099)...
   ✅ Created: 🎒 PACK: Prepare luggage for Flight to RNO (DL 4099)...
   📊 Added to flight tracking: DL 4099

✈️  Flight to LAX (DL 3902)
   📆 Monday, May 25 at 03:04 PM
   ✈️  Flight: DL 3902
   ✅ Created: ✈️ FLIGHT: Flight to LAX (DL 3902)...
   ✅ Created: 🐕 ROVER: Schedule sitter for Greta (10 days before) - Flight...
   ✅ Created: 🏨 HOTEL: Confirm reservation for trip - Flight to LAX (DL 39...
   ✅ Created: 🚗 UBER: Schedule ride to airport - Flight to LAX (DL 3902)...
   ✅ Created: 🎒 PACK: Prepare luggage for Flight to LAX (DL 3902)...
   📊 Added to flight tracking: DL 3902

======================================================================
✅ Travel task generation complete
   Created: 19 new tasks
   Skipped: 0 existing tasks
   Flights tracked: 4

======================================================================
📊 Running Flight Monitor...
✅ Flight monitor completed
[2026-05-09 21:01:22] Travel automation completed successfully
[2026-05-10 09:00:01] Starting travel automation...
🧳 Travel Automation v2 - Comprehensive Travel Tasks
📅 2026-05-10 09:00

📋 Fetching existing tasks...
   Found 0 existing tasks

🧳 Found 4 travel events
======================================================================

✈️  Delta Air Lines flight 960 to New York (GAO7LP)
   📆 Saturday, May 16 at 09:14 PM
   🎫 Confirmation: GAO7LP
   ✈️  Flight: DL 960
   ✅ Created: ✈️ FLIGHT: Delta Air Lines flight 960 to New York (GAO7LP)...
   ✅ Created: 🐕 ROVER: Schedule sitter for Greta (10 days before) - Delta ...
   ✅ Created: 🏨 HOTEL: Confirm reservation for trip - Delta Air Lines flig...
   ✅ Created: 🚗 UBER: Schedule ride to airport - Delta Air Lines flight 96...
   ✅ Created: 🎒 PACK: Prepare luggage for Delta Air Lines flight 960 to Ne...
   📊 Added to flight tracking: DL 960

✈️  Geoffrey Clapp - Delta Air Lines 742 - departs 7:00 AM local time - Confirmation code: HKZ4LV
   📆 Thursday, May 21 at 04:00 AM
   🎫 Confirmation: HKZ4LV
   ✈️  Flight: DL 742
   ✅ Created: ✈️ FLIGHT: Geoffrey Clapp - Delta Air Lines 742 - departs 7:...
   ✅ Created: 🐕 ROVER: Schedule sitter for Greta (10 days before) - Geoffr...
   ✅ Created: 🏨 HOTEL: Confirm reservation for trip - Geoffrey Clapp - Del...
   ✅ Created: 🚗 UBER: Schedule ride to airport - Geoffrey Clapp - Delta Ai...
   ✅ Created: 🎒 PACK: Prepare luggage for Geoffrey Clapp - Delta Air Lines...
   📊 Added to flight tracking: DL 742

✈️  Flight to RNO (DL 4099)
   📆 Friday, May 22 at 08:20 AM
   ✈️  Flight: DL 4099
   ✅ Created: ✈️ FLIGHT: Flight to RNO (DL 4099)...
   ✅ Created: 🐕 ROVER: Schedule sitter for Greta (10 days before) - Flight...
   ✅ Created: 🏨 HOTEL: Confirm reservation for trip - Flight to RNO (DL 40...
   ✅ Created: 🚗 UBER: Schedule ride to airport - Flight to RNO (DL 4099)...
   ✅ Created: 🎒 PACK: Prepare luggage for Flight to RNO (DL 4099)...
   📊 Added to flight tracking: DL 4099

✈️  Flight to LAX (DL 3902)
   📆 Monday, May 25 at 03:04 PM
   ✈️  Flight: DL 3902
   ✅ Created: ✈️ FLIGHT: Flight to LAX (DL 3902)...
   ✅ Created: 🐕 ROVER: Schedule sitter for Greta (10 days before) - Flight...
   ✅ Created: 🏨 HOTEL: Confirm reservation for trip - Flight to LAX (DL 39...
   ✅ Created: 🚗 UBER: Schedule ride to airport - Flight to LAX (DL 3902)...
   ✅ Created: 🎒 PACK: Prepare luggage for Flight to LAX (DL 3902)...
   📊 Added to flight tracking: DL 3902

======================================================================
✅ Travel task generation complete
   Created: 20 new tasks
   Skipped: 0 existing tasks
   Flights tracked: 4

======================================================================
📊 Running Flight Monitor...
✅ Flight monitor completed
[2026-05-10 09:01:26] Travel automation completed successfully
