[2026-02-28 17:00:01] Starting watch hunt update...
From https://github.com/gclapp/geoff-watch-hunt
 * branch            main       -> FETCH_HEAD
Already up to date.
  File "/home/ubuntu/.openclaw/workspace/scripts/watch_search.py", line 235
    for listing in listings:
IndentationError: unexpected indent
[2026-03-01 02:00:01] Starting watch hunt update...
From https://github.com/gclapp/geoff-watch-hunt
 * branch            main       -> FETCH_HEAD
Already up to date.
  File "/home/ubuntu/.openclaw/workspace/scripts/watch_search.py", line 235
    for listing in listings:
IndentationError: unexpected indent
[2026-03-01 17:00:01] Starting watch hunt update...
From https://github.com/gclapp/geoff-watch-hunt
 * branch            main       -> FETCH_HEAD
Already up to date.
  File "/home/ubuntu/.openclaw/workspace/scripts/watch_search.py", line 235
    for listing in listings:
IndentationError: unexpected indent
[2026-03-02 02:00:01] Starting watch hunt update...
From https://github.com/gclapp/geoff-watch-hunt
 * branch            main       -> FETCH_HEAD
Already up to date.
  File "/home/ubuntu/.openclaw/workspace/scripts/watch_search.py", line 235
    for listing in listings:
IndentationError: unexpected indent
[2026-03-02 17:00:01] Starting watch hunt update...
From https://github.com/gclapp/geoff-watch-hunt
 * branch            main       -> FETCH_HEAD
Already up to date.
  File "/home/ubuntu/.openclaw/workspace/scripts/watch_search.py", line 235
    for listing in listings:
IndentationError: unexpected indent
[2026-03-03 02:00:01] Starting watch hunt update...
From https://github.com/gclapp/geoff-watch-hunt
 * branch            main       -> FETCH_HEAD
Already up to date.
  File "/home/ubuntu/.openclaw/workspace/scripts/watch_search.py", line 235
    for listing in listings:
IndentationError: unexpected indent
[2026-03-03 17:00:01] Starting watch hunt update...
From https://github.com/gclapp/geoff-watch-hunt
 * branch            main       -> FETCH_HEAD
Already up to date.
  File "/home/ubuntu/.openclaw/workspace/scripts/watch_search.py", line 235
    for listing in listings:
IndentationError: unexpected indent
[2026-03-04 02:00:01] Starting watch hunt update...
From https://github.com/gclapp/geoff-watch-hunt
 * branch            main       -> FETCH_HEAD
Already up to date.
  File "/home/ubuntu/.openclaw/workspace/scripts/watch_search.py", line 337
    print(f"  📊 Found {len(watches)} matching watches from Bob's Watches")
                                                                          ^
IndentationError: unindent does not match any outer indentation level
[2026-03-04 17:00:01] Starting watch hunt update...
From https://github.com/gclapp/geoff-watch-hunt
 * branch            main       -> FETCH_HEAD
Already up to date.
🏛️ Starting watch hunt search...
📅 2026-03-04 17:00:02

📋 Currently tracking 5 watches

🔍 Searching Bob's Watches...
  Checking: https://www.bobswatches.com/rolex/datejust-36-1.html
  Found 0 potential listings
  Checking: https://www.bobswatches.com/rolex/datejust-yellow_gold
  Found 0 potential listings
  📊 Found 0 matching watches from Bob's Watches
🔍 Searching Chrono24...
  ⚠️  Chrono24 blocks automated scraping (403 Forbidden)
  💡 Manual search: https://www.chrono24.com/rolex/ref-1601.htm
🔍 Searching Bulang & Sons...
  📊 Found 0 matching watches from Bulang & Sons
🔍 Searching Bezel...
  ⚠️  Bezel requires manual search
  💡 Visit: https://www.getbezel.com

🔄 Checking existing listings for sold status...
  ✓ No sold listings detected

➕ Adding new watches to tracker...

==================================================
📊 SUMMARY
==================================================
   Original listings: 5
   New listings added: 0
   Listings marked sold: 0
   Total listings: 5
   Last updated: 2026-03-04T17:00:04Z
==================================================

ℹ️  No new watches found this search.
[main e242472] Auto-update: New watch listings found at 2026-03-04 17:00:01
 1 file changed, 1 insertion(+), 1 deletion(-)
To https://github.com/gclapp/geoff-watch-hunt.git
   6de5c5b..e242472  main -> main
[2026-03-04 17:00:01] Pushed updates to GitHub.
{"ok":false,"error_code":404,"description":"Not Found"}[2026-03-04 17:00:01] Update complete.
---
