[2026-03-07 14:00:05] === Starting Web Search Competitive Intelligence ===
[2026-03-07 14:00:05] Searching: Progyny
[2026-03-07 14:00:06] Searching: Maven
[2026-03-07 14:00:06] Searching: Carrot
[2026-03-07 14:00:06] Searching: KindBody
[2026-03-07 14:00:06] Searching: WIN Fertility
[2026-03-07 14:00:06] Searching: Pomelo
[2026-03-07 14:00:06] No new articles found via web search
[2026-03-07 14:00:06] === Scan complete: 0 new articles ===
[2026-03-08 14:00:05] === Starting Web Search Competitive Intelligence ===
[2026-03-08 14:00:05] Searching: Progyny
[2026-03-08 14:00:05] Searching: Maven
[2026-03-08 14:00:05] Searching: Carrot
[2026-03-08 14:00:05] Searching: KindBody
[2026-03-08 14:00:05] Searching: WIN Fertility
[2026-03-08 14:00:05] Searching: Pomelo
[2026-03-08 14:00:06] No new articles found via web search
[2026-03-08 14:00:06] === Scan complete: 0 new articles ===
[2026-03-09 14:00:04] === Starting Web Search Competitive Intelligence ===
[2026-03-09 14:00:04] Searching: Progyny
[2026-03-09 14:00:04] Searching: Maven
[2026-03-09 14:00:04] Searching: Carrot
[2026-03-09 14:00:05] Searching: KindBody
[2026-03-09 14:00:05] Searching: WIN Fertility
[2026-03-09 14:00:05] Searching: Pomelo
[2026-03-09 14:00:05] No new articles found via web search
[2026-03-09 14:00:05] === Scan complete: 0 new articles ===
[2026-03-10 14:00:05] === Starting Web Search Competitive Intelligence ===
[2026-03-10 14:00:05] Searching: Progyny
[2026-03-10 14:00:05] Searching: Maven
[2026-03-10 14:00:05] Searching: Carrot
[2026-03-10 14:00:05] Searching: KindBody
[2026-03-10 14:00:05] Searching: WIN Fertility
[2026-03-10 14:00:06] Searching: Pomelo
[2026-03-10 14:00:06] No new articles found via web search
[2026-03-10 14:00:06] === Scan complete: 0 new articles ===
[2026-03-11 14:00:05] === Starting Web Search Competitive Intelligence ===
[2026-03-11 14:00:05] Searching: Progyny
[2026-03-11 14:00:05] Searching: Maven
[2026-03-11 14:00:05] Searching: Carrot
[2026-03-11 14:00:06] Searching: KindBody
[2026-03-11 14:00:06] Searching: WIN Fertility
[2026-03-11 14:00:06] Searching: Pomelo
[2026-03-11 14:00:06] No new articles found via web search
[2026-03-11 14:00:06] === Scan complete: 0 new articles ===
