🔍 Weekly Memory Consolidation
==================================================
📁 Found 24 daily log files
📅 Organized into 10 weeks

📝 Processing week of 2026-02-16 (1 days)
✅ Created: 2026-Week-08.md

📝 Processing week of 2026-02-23 (4 days)
✅ Created: 2026-Week-09.md
🧠 Key learnings to add to long-term memory:
   - Week of 2026-02-26: Built new system/created automation
   - Week of 2026-02-26: Continued weight loss tracking
   - Week of 2026-02-28: Continued weight loss tracking

📝 Processing week of 2026-03-02 (3 days)
✅ Created: 2026-Week-10.md
🧠 Key learnings to add to long-term memory:
   - Week of 2026-03-04: Continued weight loss tracking
   - Week of 2026-03-07: Continued weight loss tracking
   - Week of 2026-03-08: Built new system/created automation

📝 Processing week of 2026-03-09 (3 days)
✅ Created: 2026-Week-11.md
🧠 Key learnings to add to long-term memory:
   - Week of 2026-03-10: Built new system/created automation
   - Week of 2026-03-11: Built new system/created automation

📝 Processing week of 2026-03-16 (2 days)
✅ Created: 2026-Week-12.md
🧠 Key learnings to add to long-term memory:
   - Week of 2026-03-22: Continued weight loss tracking

📝 Processing week of 2026-03-23 (3 days)
✅ Created: 2026-Week-13.md

📝 Processing week of 2026-04-06 (1 days)
✅ Created: 2026-Week-15.md
🧠 Key learnings to add to long-term memory:
   - Week of 2026-04-11: Built new system/created automation

📝 Processing week of 2026-04-13 (1 days)
✅ Created: 2026-Week-16.md

📝 Processing week of 2026-04-27 (1 days)
✅ Created: 2026-Week-18.md

📝 Processing week of 2026-05-11 (5 days)
✅ Created: 2026-Week-20.md

==================================================
✨ Consolidation complete!
📊 Generated 10 weekly summaries
💾 All summaries saved to: /home/ubuntu/.openclaw/workspace/memory
