🏃 Whoop Data Fetcher
📅 2026-03-04 06:55:04

📊 Fetching Whoop data for 2026-03-03...
  ⚠️ Recovery fetch error (may be unavailable): Resource not found
✅ Data saved to /home/ubuntu/.openclaw/workspace/data/whoop/whoop-2026-03-03.json
   Recovery: 0 entries
   Sleep: 1 entries
   Workouts: 1 entries
   Cycles: 1 entries

## Whoop Daily Summary - 2026-03-03

**Recovery:** No data

**Sleep:** 79.0%
- Duration: 7h 57m
- Efficiency: 86.9%
- Respiratory Rate: 13.4 bpm

**Workouts:** 1
- walking: Strain 4.58, 92 cal


💾 Summary saved to /home/ubuntu/.openclaw/workspace/data/whoop/latest-summary.txt
❌ Error fetching Whoop data: Token expired and refresh failed: No refresh token found. Please re-authorize via OAuth.
❌ Error fetching Whoop data: Token expired and refresh failed: No refresh token found. Please re-authorize via OAuth.
❌ Error fetching Whoop data: Token expired and refresh failed: No refresh token found. Please re-authorize via OAuth.
❌ Error fetching Whoop data: Token expired and refresh failed: No refresh token found. Please re-authorize via OAuth.
❌ Error fetching Whoop data: Token expired and refresh failed: No refresh token found. Please re-authorize via OAuth.
❌ Error fetching Whoop data: Token expired and refresh failed: No refresh token found. Please re-authorize via OAuth.
❌ Error fetching Whoop data: Token expired and refresh failed: No refresh token found. Please re-authorize via OAuth.
❌ Error fetching Whoop data: Token expired and refresh failed: No refresh token found. Please re-authorize via OAuth.
❌ Error fetching Whoop data: Token expired and refresh failed: No refresh token found. Please re-authorize via OAuth.
[2026-03-22 19:00:01] Starting Whoop data fetch...
Error: Token expired and refresh failed: Token refresh failed: 400 - {"error":"invalid_request","error_description":"The request is missing a required parameter, includes an invalid parameter value, includes a parameter more than once, or is otherwise malformed","error_hint":"Client credentials missing or malformed in both HTTP Authorization header and HTTP POST body.","status_code":400}
[2026-03-23 01:00:01] Starting Whoop data fetch...
Error: Token expired and refresh failed: Token refresh failed: 400 - {"error":"invalid_request","error_description":"The request is missing a required parameter, includes an invalid parameter value, includes a parameter more than once, or is otherwise malformed","error_hint":"Client credentials missing or malformed in both HTTP Authorization header and HTTP POST body.","status_code":400}
[2026-03-23 19:00:01] Starting Whoop data fetch...
Error: Token expired and refresh failed: Token refresh failed: 400 - {"error":"invalid_request","error_description":"The request is missing a required parameter, includes an invalid parameter value, includes a parameter more than once, or is otherwise malformed","error_hint":"Client credentials missing or malformed in both HTTP Authorization header and HTTP POST body.","status_code":400}
[2026-03-24 01:00:01] Starting Whoop data fetch...
Error: Token expired and refresh failed: Token refresh failed: 400 - {"error":"invalid_request","error_description":"The request is missing a required parameter, includes an invalid parameter value, includes a parameter more than once, or is otherwise malformed","error_hint":"Client credentials missing or malformed in both HTTP Authorization header and HTTP POST body.","status_code":400}
[2026-03-24 19:00:02] Starting Whoop data fetch...
Error: Token expired and refresh failed: Token refresh failed: 400 - {"error":"invalid_request","error_description":"The request is missing a required parameter, includes an invalid parameter value, includes a parameter more than once, or is otherwise malformed","error_hint":"Client credentials missing or malformed in both HTTP Authorization header and HTTP POST body.","status_code":400}
[2026-03-25 01:00:01] Starting Whoop data fetch...
Error: Token expired and refresh failed: Token refresh failed: 400 - {"error":"invalid_request","error_description":"The request is missing a required parameter, includes an invalid parameter value, includes a parameter more than once, or is otherwise malformed","error_hint":"Client credentials missing or malformed in both HTTP Authorization header and HTTP POST body.","status_code":400}
[2026-03-25 19:00:01] Starting Whoop data fetch...
Error: Token expired and refresh failed: Token refresh failed: 400 - {"error":"invalid_request","error_description":"The request is missing a required parameter, includes an invalid parameter value, includes a parameter more than once, or is otherwise malformed","error_hint":"Client credentials missing or malformed in both HTTP Authorization header and HTTP POST body.","status_code":400}
[2026-03-26 01:00:01] Starting Whoop data fetch...
Error: Token expired and refresh failed: Token refresh failed: 400 - {"error":"invalid_request","error_description":"The request is missing a required parameter, includes an invalid parameter value, includes a parameter more than once, or is otherwise malformed","error_hint":"Client credentials missing or malformed in both HTTP Authorization header and HTTP POST body.","status_code":400}
[2026-03-26 19:00:01] Starting Whoop data fetch...
Error: Token expired and refresh failed: Token refresh failed: 400 - {"error":"invalid_request","error_description":"The request is missing a required parameter, includes an invalid parameter value, includes a parameter more than once, or is otherwise malformed","error_hint":"Client credentials missing or malformed in both HTTP Authorization header and HTTP POST body.","status_code":400}
[2026-03-27 01:00:01] Starting Whoop data fetch...
Error: Token expired and refresh failed: Token refresh failed: 400 - {"error":"invalid_request","error_description":"The request is missing a required parameter, includes an invalid parameter value, includes a parameter more than once, or is otherwise malformed","error_hint":"Client credentials missing or malformed in both HTTP Authorization header and HTTP POST body.","status_code":400}
[2026-03-27 19:00:01] Starting Whoop data fetch...
Error: Token expired and refresh failed: Token refresh failed: 400 - {"error":"invalid_request","error_description":"The request is missing a required parameter, includes an invalid parameter value, includes a parameter more than once, or is otherwise malformed","error_hint":"Client credentials missing or malformed in both HTTP Authorization header and HTTP POST body.","status_code":400}
[2026-03-28 01:00:01] Starting Whoop data fetch...
Error: Token expired and refresh failed: Token refresh failed: 400 - {"error":"invalid_request","error_description":"The request is missing a required parameter, includes an invalid parameter value, includes a parameter more than once, or is otherwise malformed","error_hint":"Client credentials missing or malformed in both HTTP Authorization header and HTTP POST body.","status_code":400}
[2026-03-28 19:00:01] Starting Whoop data fetch...
Error: Token expired and refresh failed: Token refresh failed: 400 - {"error":"invalid_request","error_description":"The request is missing a required parameter, includes an invalid parameter value, includes a parameter more than once, or is otherwise malformed","error_hint":"Client credentials missing or malformed in both HTTP Authorization header and HTTP POST body.","status_code":400}
[2026-03-29 01:00:01] Starting Whoop data fetch...
Error: Token expired and refresh failed: Token refresh failed: 400 - {"error":"invalid_request","error_description":"The request is missing a required parameter, includes an invalid parameter value, includes a parameter more than once, or is otherwise malformed","error_hint":"Client credentials missing or malformed in both HTTP Authorization header and HTTP POST body.","status_code":400}
[2026-03-29 19:00:01] Starting Whoop data fetch...
Error: Token expired and refresh failed: Token refresh failed: 400 - {"error":"invalid_request","error_description":"The request is missing a required parameter, includes an invalid parameter value, includes a parameter more than once, or is otherwise malformed","error_hint":"Client credentials missing or malformed in both HTTP Authorization header and HTTP POST body.","status_code":400}
[2026-03-30 01:00:01] Starting Whoop data fetch...
Error: Token expired and refresh failed: Token refresh failed: 400 - {"error":"invalid_request","error_description":"The request is missing a required parameter, includes an invalid parameter value, includes a parameter more than once, or is otherwise malformed","error_hint":"Client credentials missing or malformed in both HTTP Authorization header and HTTP POST body.","status_code":400}
[2026-03-30 19:00:01] Starting Whoop data fetch...
Error: Token expired and refresh failed: Token refresh failed: 400 - {"error":"invalid_request","error_description":"The request is missing a required parameter, includes an invalid parameter value, includes a parameter more than once, or is otherwise malformed","error_hint":"Client credentials missing or malformed in both HTTP Authorization header and HTTP POST body.","status_code":400}
[2026-03-31 01:00:01] Starting Whoop data fetch...
Error: Token expired and refresh failed: Token refresh failed: 400 - {"error":"invalid_request","error_description":"The request is missing a required parameter, includes an invalid parameter value, includes a parameter more than once, or is otherwise malformed","error_hint":"Client credentials missing or malformed in both HTTP Authorization header and HTTP POST body.","status_code":400}
[2026-03-31 19:00:01] Starting Whoop data fetch...
Error: Token expired and refresh failed: Token refresh failed: 400 - {"error":"invalid_request","error_description":"The request is missing a required parameter, includes an invalid parameter value, includes a parameter more than once, or is otherwise malformed","error_hint":"Client credentials missing or malformed in both HTTP Authorization header and HTTP POST body.","status_code":400}
[2026-04-01 01:00:01] Starting Whoop data fetch...
Error: Token expired and refresh failed: Token refresh failed: 400 - {"error":"invalid_request","error_description":"The request is missing a required parameter, includes an invalid parameter value, includes a parameter more than once, or is otherwise malformed","error_hint":"Client credentials missing or malformed in both HTTP Authorization header and HTTP POST body.","status_code":400}
[2026-04-01 19:00:01] Starting Whoop data fetch...
Error: Token expired and refresh failed: Token refresh failed: 400 - {"error":"invalid_request","error_description":"The request is missing a required parameter, includes an invalid parameter value, includes a parameter more than once, or is otherwise malformed","error_hint":"Client credentials missing or malformed in both HTTP Authorization header and HTTP POST body.","status_code":400}
[2026-04-02 01:00:01] Starting Whoop data fetch...
Error: Token expired and refresh failed: Token refresh failed: 400 - {"error":"invalid_request","error_description":"The request is missing a required parameter, includes an invalid parameter value, includes a parameter more than once, or is otherwise malformed","error_hint":"Client credentials missing or malformed in both HTTP Authorization header and HTTP POST body.","status_code":400}
[2026-04-02 19:00:01] Starting Whoop data fetch...
Error: Token expired and refresh failed: Token refresh failed: 400 - {"error":"invalid_request","error_description":"The request is missing a required parameter, includes an invalid parameter value, includes a parameter more than once, or is otherwise malformed","error_hint":"Client credentials missing or malformed in both HTTP Authorization header and HTTP POST body.","status_code":400}
[2026-04-03 01:00:01] Starting Whoop data fetch...
Error: Token expired and refresh failed: Token refresh failed: 400 - {"error":"invalid_request","error_description":"The request is missing a required parameter, includes an invalid parameter value, includes a parameter more than once, or is otherwise malformed","error_hint":"Client credentials missing or malformed in both HTTP Authorization header and HTTP POST body.","status_code":400}
[2026-04-03 19:00:01] Starting Whoop data fetch...
Error: Token expired and refresh failed: Token refresh failed: 400 - {"error":"invalid_request","error_description":"The request is missing a required parameter, includes an invalid parameter value, includes a parameter more than once, or is otherwise malformed","error_hint":"Client credentials missing or malformed in both HTTP Authorization header and HTTP POST body.","status_code":400}
[2026-04-04 01:00:01] Starting Whoop data fetch...
Error: Token expired and refresh failed: Token refresh failed: 400 - {"error":"invalid_request","error_description":"The request is missing a required parameter, includes an invalid parameter value, includes a parameter more than once, or is otherwise malformed","error_hint":"Client credentials missing or malformed in both HTTP Authorization header and HTTP POST body.","status_code":400}
[2026-04-04 19:00:01] Starting Whoop data fetch...
Error: Token expired and refresh failed: Token refresh failed: 400 - {"error":"invalid_request","error_description":"The request is missing a required parameter, includes an invalid parameter value, includes a parameter more than once, or is otherwise malformed","error_hint":"Client credentials missing or malformed in both HTTP Authorization header and HTTP POST body.","status_code":400}
[2026-04-05 01:00:01] Starting Whoop data fetch...
Error: Token expired and refresh failed: Token refresh failed: 400 - {"error":"invalid_request","error_description":"The request is missing a required parameter, includes an invalid parameter value, includes a parameter more than once, or is otherwise malformed","error_hint":"Client credentials missing or malformed in both HTTP Authorization header and HTTP POST body.","status_code":400}
[2026-04-05 16:11:18] Starting Whoop daily fetch...
[2026-04-05 16:11:20] ✅ Whoop data saved: Recovery 35.0%, Sleep 71.0%
[2026-04-05 19:00:01] Starting Whoop data fetch...
Error: 404 Client Error: Not Found for url: https://api.prod.whoop.com/developer/v2/recovery?limit=1&start=2026-04-04&end=2026-04-05
[2026-04-06 01:00:02] Starting Whoop data fetch...
Error: 404 Client Error: Not Found for url: https://api.prod.whoop.com/developer/v2/recovery?limit=1&start=2026-04-05&end=2026-04-06
[2026-04-06 14:30:02] Starting Whoop daily fetch...
[2026-04-06 14:30:03] ✅ Whoop data saved: Recovery 28.0%, Sleep 28.0%
[2026-04-06 19:00:01] Starting Whoop data fetch...
Error: 404 Client Error: Not Found for url: https://api.prod.whoop.com/developer/v2/recovery?limit=1&start=2026-04-05&end=2026-04-06
[2026-04-07 01:00:02] Starting Whoop data fetch...
Error: 404 Client Error: Not Found for url: https://api.prod.whoop.com/developer/v2/recovery?limit=1&start=2026-04-06&end=2026-04-07
[2026-04-07 14:30:02] Starting Whoop daily fetch...
[2026-04-07 14:30:03] ✅ Whoop data saved: Recovery 40.0%, Sleep 56.0%
[2026-04-07 19:00:01] Starting Whoop data fetch...
Error: 404 Client Error: Not Found for url: https://api.prod.whoop.com/developer/v2/recovery?limit=1&start=2026-04-06&end=2026-04-07
[2026-04-08 01:00:02] Starting Whoop data fetch...
Error: 404 Client Error: Not Found for url: https://api.prod.whoop.com/developer/v2/recovery?limit=1&start=2026-04-07&end=2026-04-08
[2026-04-08 14:30:02] Starting Whoop daily fetch...
[2026-04-08 14:30:03] ✅ Whoop data saved: Recovery 41.0%, Sleep 66.0%
[2026-04-08 19:00:01] Starting Whoop data fetch...
Error: 404 Client Error: Not Found for url: https://api.prod.whoop.com/developer/v2/recovery?limit=1&start=2026-04-07&end=2026-04-08
[2026-04-09 01:00:01] Starting Whoop data fetch...
Error: 404 Client Error: Not Found for url: https://api.prod.whoop.com/developer/v2/recovery?limit=1&start=2026-04-08&end=2026-04-09
[2026-04-09 14:30:02] Starting Whoop daily fetch...
[2026-04-09 14:30:03] ✅ Whoop data saved: Recovery 16.0%, Sleep 30.0%
[2026-04-09 19:00:01] Starting Whoop data fetch...
Error: 404 Client Error: Not Found for url: https://api.prod.whoop.com/developer/v2/recovery?limit=1&start=2026-04-08&end=2026-04-09
[2026-04-10 01:00:02] Starting Whoop data fetch...
Error: 404 Client Error: Not Found for url: https://api.prod.whoop.com/developer/v2/recovery?limit=1&start=2026-04-09&end=2026-04-10
[2026-04-10 14:30:01] Starting Whoop daily fetch...
[2026-04-10 14:30:03] ✅ Whoop data saved: Recovery 80.0%, Sleep 53.0%
[2026-04-11 14:30:01] Starting Whoop daily fetch...
[2026-04-11 14:30:02] ✅ Whoop data saved: Recovery 80.0%, Sleep 27.0%
[2026-04-12 14:30:02] Starting Whoop daily fetch...
[2026-04-12 14:30:03] ✅ Whoop data saved: Recovery 35.0%, Sleep 66.0%
[2026-04-13 14:30:01] Starting Whoop daily fetch...
[2026-04-13 14:30:02] ✅ Whoop data saved: Recovery 43.0%, Sleep 69.0%
