🚀 Starting search with healthgrades...

🔍 Searching Healthgrades for REIs with Cigna...
   National search
  🌐 Loading: https://www.healthgrades.com/usearch?what=Reproductive%20Endocrinology%20%26%20Infertility&entityCode=PS310&searchType=PracticingSpecialty&payors=HPY00006F7&distances=National
  📊 Total results: 1559

  📄 Page 1:
  Found 20 h3 elements
    Found 20 providers

  📄 Page 2:
    🌐 Loading: https://www.healthgrades.com/usearch?what=Reproductive%20Endocrinology%20%26%20Infertility&entityCode=PS310&searchType=PracticingSpecialty&payors=HPY00006F7&distances=National&page=2
  Found 20 h3 elements
    Found 20 providers

  📄 Page 3:
    🌐 Loading: https://www.healthgrades.com/usearch?what=Reproductive%20Endocrinology%20%26%20Infertility&entityCode=PS310&searchType=PracticingSpecialty&payors=HPY00006F7&distances=National&page=3
  Found 20 h3 elements
    Found 20 providers

  📄 Page 4:
    🌐 Loading: https://www.healthgrades.com/usearch?what=Reproductive%20Endocrinology%20%26%20Infertility&entityCode=PS310&searchType=PracticingSpecialty&payors=HPY00006F7&distances=National&page=4
  Found 20 h3 elements
    Found 20 providers

  📄 Page 5:
    🌐 Loading: https://www.healthgrades.com/usearch?what=Reproductive%20Endocrinology%20%26%20Infertility&entityCode=PS310&searchType=PracticingSpecialty&payors=HPY00006F7&distances=National&page=5
  Found 20 h3 elements
    Found 20 providers

  📄 Page 6:
    🌐 Loading: https://www.healthgrades.com/usearch?what=Reproductive%20Endocrinology%20%26%20Infertility&entityCode=PS310&searchType=PracticingSpecialty&payors=HPY00006F7&distances=National&page=6
  Found 20 h3 elements
    Found 20 providers

  📄 Page 7:
    🌐 Loading: https://www.healthgrades.com/usearch?what=Reproductive%20Endocrinology%20%26%20Infertility&entityCode=PS310&searchType=PracticingSpecialty&payors=HPY00006F7&distances=National&page=7
  Found 20 h3 elements
    Found 20 providers

  📄 Page 8:
    🌐 Loading: https://www.healthgrades.com/usearch?what=Reproductive%20Endocrinology%20%26%20Infertility&entityCode=PS310&searchType=PracticingSpecialty&payors=HPY00006F7&distances=National&page=8
  Found 20 h3 elements
    Found 20 providers

  📄 Page 9:
    🌐 Loading: https://www.healthgrades.com/usearch?what=Reproductive%20Endocrinology%20%26%20Infertility&entityCode=PS310&searchType=PracticingSpecialty&payors=HPY00006F7&distances=National&page=9
  Found 20 h3 elements
    Found 20 providers

  📄 Page 10:
    🌐 Loading: https://www.healthgrades.com/usearch?what=Reproductive%20Endocrinology%20%26%20Infertility&entityCode=PS310&searchType=PracticingSpecialty&payors=HPY00006F7&distances=National&page=10
  Found 20 h3 elements
    Found 20 providers

  📄 Page 11:
    🌐 Loading: https://www.healthgrades.com/usearch?what=Reproductive%20Endocrinology%20%26%20Infertility&entityCode=PS310&searchType=PracticingSpecialty&payors=HPY00006F7&distances=National&page=11
  Found 20 h3 elements
    Found 20 providers

  📄 Page 12:
    🌐 Loading: https://www.healthgrades.com/usearch?what=Reproductive%20Endocrinology%20%26%20Infertility&entityCode=PS310&searchType=PracticingSpecialty&payors=HPY00006F7&distances=National&page=12
  Found 20 h3 elements
    Found 20 providers

  📄 Page 13:
    🌐 Loading: https://www.healthgrades.com/usearch?what=Reproductive%20Endocrinology%20%26%20Infertility&entityCode=PS310&searchType=PracticingSpecialty&payors=HPY00006F7&distances=National&page=13
  Found 20 h3 elements
    Found 20 providers

  📄 Page 14:
    🌐 Loading: https://www.healthgrades.com/usearch?what=Reproductive%20Endocrinology%20%26%20Infertility&entityCode=PS310&searchType=PracticingSpecialty&payors=HPY00006F7&distances=National&page=14
  Found 20 h3 elements
    Found 20 providers

  📄 Page 15:
    🌐 Loading: https://www.healthgrades.com/usearch?what=Reproductive%20Endocrinology%20%26%20Infertility&entityCode=PS310&searchType=PracticingSpecialty&payors=HPY00006F7&distances=National&page=15
  Found 20 h3 elements
    Found 20 providers

  📄 Page 16:
    🌐 Loading: https://www.healthgrades.com/usearch?what=Reproductive%20Endocrinology%20%26%20Infertility&entityCode=PS310&searchType=PracticingSpecialty&payors=HPY00006F7&distances=National&page=16
  Found 20 h3 elements
    Found 20 providers

  📄 Page 17:
    🌐 Loading: https://www.healthgrades.com/usearch?what=Reproductive%20Endocrinology%20%26%20Infertility&entityCode=PS310&searchType=PracticingSpecialty&payors=HPY00006F7&distances=National&page=17
  Found 20 h3 elements
    Found 20 providers

  📄 Page 18:
    🌐 Loading: https://www.healthgrades.com/usearch?what=Reproductive%20Endocrinology%20%26%20Infertility&entityCode=PS310&searchType=PracticingSpecialty&payors=HPY00006F7&distances=National&page=18
  Found 20 h3 elements
    Found 20 providers

  📄 Page 19:
    🌐 Loading: https://www.healthgrades.com/usearch?what=Reproductive%20Endocrinology%20%26%20Infertility&entityCode=PS310&searchType=PracticingSpecialty&payors=HPY00006F7&distances=National&page=19
  Found 20 h3 elements
    Found 20 providers

  📄 Page 20:
    🌐 Loading: https://www.healthgrades.com/usearch?what=Reproductive%20Endocrinology%20%26%20Infertility&entityCode=PS310&searchType=PracticingSpecialty&payors=HPY00006F7&distances=National&page=20
  Found 20 h3 elements
    Found 20 providers

  📄 Page 21:
    🌐 Loading: https://www.healthgrades.com/usearch?what=Reproductive%20Endocrinology%20%26%20Infertility&entityCode=PS310&searchType=PracticingSpecialty&payors=HPY00006F7&distances=National&page=21
  Found 20 h3 elements
    Found 20 providers

  📄 Page 22:
    🌐 Loading: https://www.healthgrades.com/usearch?what=Reproductive%20Endocrinology%20%26%20Infertility&entityCode=PS310&searchType=PracticingSpecialty&payors=HPY00006F7&distances=National&page=22
  Found 20 h3 elements
    Found 20 providers

  📄 Page 23:
    🌐 Loading: https://www.healthgrades.com/usearch?what=Reproductive%20Endocrinology%20%26%20Infertility&entityCode=PS310&searchType=PracticingSpecialty&payors=HPY00006F7&distances=National&page=23
  Found 20 h3 elements
    Found 20 providers

  📄 Page 24:
    🌐 Loading: https://www.healthgrades.com/usearch?what=Reproductive%20Endocrinology%20%26%20Infertility&entityCode=PS310&searchType=PracticingSpecialty&payors=HPY00006F7&distances=National&page=24
  Found 20 h3 elements
    Found 20 providers

  📄 Page 25:
    🌐 Loading: https://www.healthgrades.com/usearch?what=Reproductive%20Endocrinology%20%26%20Infertility&entityCode=PS310&searchType=PracticingSpecialty&payors=HPY00006F7&distances=National&page=25
  Found 20 h3 elements
    Found 20 providers

  📄 Page 26:
    🌐 Loading: https://www.healthgrades.com/usearch?what=Reproductive%20Endocrinology%20%26%20Infertility&entityCode=PS310&searchType=PracticingSpecialty&payors=HPY00006F7&distances=National&page=26
  Found 20 h3 elements
    Found 20 providers

  📄 Page 27:
    🌐 Loading: https://www.healthgrades.com/usearch?what=Reproductive%20Endocrinology%20%26%20Infertility&entityCode=PS310&searchType=PracticingSpecialty&payors=HPY00006F7&distances=National&page=27
  Found 20 h3 elements
    Found 20 providers

  📄 Page 28:
    🌐 Loading: https://www.healthgrades.com/usearch?what=Reproductive%20Endocrinology%20%26%20Infertility&entityCode=PS310&searchType=PracticingSpecialty&payors=HPY00006F7&distances=National&page=28
  Found 20 h3 elements
    Found 20 providers

  📄 Page 29:
    🌐 Loading: https://www.healthgrades.com/usearch?what=Reproductive%20Endocrinology%20%26%20Infertility&entityCode=PS310&searchType=PracticingSpecialty&payors=HPY00006F7&distances=National&page=29
  Found 20 h3 elements
    Found 20 providers

  📄 Page 30:
    🌐 Loading: https://www.healthgrades.com/usearch?what=Reproductive%20Endocrinology%20%26%20Infertility&entityCode=PS310&searchType=PracticingSpecialty&payors=HPY00006F7&distances=National&page=30
  Found 20 h3 elements
    Found 20 providers

  📄 Page 31:
    🌐 Loading: https://www.healthgrades.com/usearch?what=Reproductive%20Endocrinology%20%26%20Infertility&entityCode=PS310&searchType=PracticingSpecialty&payors=HPY00006F7&distances=National&page=31
  Found 20 h3 elements
    Found 20 providers

  📄 Page 32:
    🌐 Loading: https://www.healthgrades.com/usearch?what=Reproductive%20Endocrinology%20%26%20Infertility&entityCode=PS310&searchType=PracticingSpecialty&payors=HPY00006F7&distances=National&page=32
  Found 20 h3 elements
    Found 20 providers

  📄 Page 33:
    🌐 Loading: https://www.healthgrades.com/usearch?what=Reproductive%20Endocrinology%20%26%20Infertility&entityCode=PS310&searchType=PracticingSpecialty&payors=HPY00006F7&distances=National&page=33
  Found 20 h3 elements
    Found 20 providers

  📄 Page 34:
    🌐 Loading: https://www.healthgrades.com/usearch?what=Reproductive%20Endocrinology%20%26%20Infertility&entityCode=PS310&searchType=PracticingSpecialty&payors=HPY00006F7&distances=National&page=34
  Found 20 h3 elements
    Found 20 providers

  📄 Page 35:
    🌐 Loading: https://www.healthgrades.com/usearch?what=Reproductive%20Endocrinology%20%26%20Infertility&entityCode=PS310&searchType=PracticingSpecialty&payors=HPY00006F7&distances=National&page=35
  Found 20 h3 elements
    Found 20 providers

  📄 Page 36:
    🌐 Loading: https://www.healthgrades.com/usearch?what=Reproductive%20Endocrinology%20%26%20Infertility&entityCode=PS310&searchType=PracticingSpecialty&payors=HPY00006F7&distances=National&page=36
  Found 20 h3 elements
    Found 20 providers

  📄 Page 37:
    🌐 Loading: https://www.healthgrades.com/usearch?what=Reproductive%20Endocrinology%20%26%20Infertility&entityCode=PS310&searchType=PracticingSpecialty&payors=HPY00006F7&distances=National&page=37
  Found 20 h3 elements
    Found 20 providers

  📄 Page 38:
    🌐 Loading: https://www.healthgrades.com/usearch?what=Reproductive%20Endocrinology%20%26%20Infertility&entityCode=PS310&searchType=PracticingSpecialty&payors=HPY00006F7&distances=National&page=38
  Found 20 h3 elements
    Found 20 providers

  📄 Page 39:
    🌐 Loading: https://www.healthgrades.com/usearch?what=Reproductive%20Endocrinology%20%26%20Infertility&entityCode=PS310&searchType=PracticingSpecialty&payors=HPY00006F7&distances=National&page=39
  Found 20 h3 elements
    Found 20 providers

  📄 Page 40:
    🌐 Loading: https://www.healthgrades.com/usearch?what=Reproductive%20Endocrinology%20%26%20Infertility&entityCode=PS310&searchType=PracticingSpecialty&payors=HPY00006F7&distances=National&page=40
  Found 20 h3 elements
    Found 20 providers

  📄 Page 41:
    🌐 Loading: https://www.healthgrades.com/usearch?what=Reproductive%20Endocrinology%20%26%20Infertility&entityCode=PS310&searchType=PracticingSpecialty&payors=HPY00006F7&distances=National&page=41
  Found 20 h3 elements
    Found 20 providers

  📄 Page 42:
    🌐 Loading: https://www.healthgrades.com/usearch?what=Reproductive%20Endocrinology%20%26%20Infertility&entityCode=PS310&searchType=PracticingSpecialty&payors=HPY00006F7&distances=National&page=42
  Found 20 h3 elements
    Found 20 providers

  📄 Page 43:
    🌐 Loading: https://www.healthgrades.com/usearch?what=Reproductive%20Endocrinology%20%26%20Infertility&entityCode=PS310&searchType=PracticingSpecialty&payors=HPY00006F7&distances=National&page=43
  Found 20 h3 elements
    Found 20 providers

  📄 Page 44:
    🌐 Loading: https://www.healthgrades.com/usearch?what=Reproductive%20Endocrinology%20%26%20Infertility&entityCode=PS310&searchType=PracticingSpecialty&payors=HPY00006F7&distances=National&page=44
  Found 20 h3 elements
    Found 20 providers

  📄 Page 45:
    🌐 Loading: https://www.healthgrades.com/usearch?what=Reproductive%20Endocrinology%20%26%20Infertility&entityCode=PS310&searchType=PracticingSpecialty&payors=HPY00006F7&distances=National&page=45
  Found 20 h3 elements
    Found 20 providers

  📄 Page 46:
    🌐 Loading: https://www.healthgrades.com/usearch?what=Reproductive%20Endocrinology%20%26%20Infertility&entityCode=PS310&searchType=PracticingSpecialty&payors=HPY00006F7&distances=National&page=46
  Found 20 h3 elements
    Found 20 providers

  📄 Page 47:
    🌐 Loading: https://www.healthgrades.com/usearch?what=Reproductive%20Endocrinology%20%26%20Infertility&entityCode=PS310&searchType=PracticingSpecialty&payors=HPY00006F7&distances=National&page=47
  Found 20 h3 elements
    Found 20 providers

  📄 Page 48:
    🌐 Loading: https://www.healthgrades.com/usearch?what=Reproductive%20Endocrinology%20%26%20Infertility&entityCode=PS310&searchType=PracticingSpecialty&payors=HPY00006F7&distances=National&page=48
  Found 20 h3 elements
    Found 20 providers

  📄 Page 49:
    🌐 Loading: https://www.healthgrades.com/usearch?what=Reproductive%20Endocrinology%20%26%20Infertility&entityCode=PS310&searchType=PracticingSpecialty&payors=HPY00006F7&distances=National&page=49
  Found 20 h3 elements
    Found 20 providers

  📄 Page 50:
    🌐 Loading: https://www.healthgrades.com/usearch?what=Reproductive%20Endocrinology%20%26%20Infertility&entityCode=PS310&searchType=PracticingSpecialty&payors=HPY00006F7&distances=National&page=50
  Found 20 h3 elements
    Found 20 providers

  ✅ Total providers extracted: 1000

======================================================================
📊 SEARCH RESULTS
======================================================================
Source: healthgrades
Search time: 527330ms
Providers found: 1000
Total available: 1000

📝 First 5 providers:

1. Dr. Laura Londra, MD
   Specialties: Reproductive Endocrinology

2. Dr. Michael Glassner, MD
   Specialties: Reproductive Endocrinology

3. Dr. Clarissa Mashchak, MD
   Specialties: Reproductive Endocrinology

4. Dr. Christine Mansfield, MD
   Specialties: Reproductive Endocrinology

5. Dr. Mark Amols, MD
   Specialties: Reproductive Endocrinology

💾 Saved 1000 providers to database
   JSON: /home/ubuntu/.openclaw/workspace/projects/provider-directory/data/providers_20260515_064253.json
   CSV: /home/ubuntu/.openclaw/workspace/projects/provider-directory/data/providers_20260515_064255.csv
