🚀 Starting search with healthgrades...

🔍 Searching Healthgrades for REIs with Cigna...
   National search
  🌐 Loading: https://www.healthgrades.com/usearch?what=Reproductive+Endocrinology+%26+Infertility&entityCode=PS310&searchType=PracticingSpecialty&payors=HPY00006F7&distances=National
  📊 Total results: 1559

  📄 Page 1:
  Found 20 h3 elements, 40 address elements
    Found 20 providers

  📄 Page 2:
    🌐 Loading: https://www.healthgrades.com/usearch?what=Reproductive+Endocrinology+%26+Infertility&entityCode=PS310&searchType=PracticingSpecialty&payors=HPY00006F7&distances=National&pageNum=2
  Found 20 h3 elements, 40 address elements
    Found 20 providers

  📄 Page 3:
    🌐 Loading: https://www.healthgrades.com/usearch?what=Reproductive+Endocrinology+%26+Infertility&entityCode=PS310&searchType=PracticingSpecialty&payors=HPY00006F7&distances=National&pageNum=3
  Found 20 h3 elements, 40 address elements
    Found 20 providers

  📄 Page 4:
    🌐 Loading: https://www.healthgrades.com/usearch?what=Reproductive+Endocrinology+%26+Infertility&entityCode=PS310&searchType=PracticingSpecialty&payors=HPY00006F7&distances=National&pageNum=4
  Found 20 h3 elements, 40 address elements
    Found 20 providers

  📄 Page 5:
    🌐 Loading: https://www.healthgrades.com/usearch?what=Reproductive+Endocrinology+%26+Infertility&entityCode=PS310&searchType=PracticingSpecialty&payors=HPY00006F7&distances=National&pageNum=5
  Found 20 h3 elements, 40 address elements
    Found 20 providers

  📄 Page 6:
    🌐 Loading: https://www.healthgrades.com/usearch?what=Reproductive+Endocrinology+%26+Infertility&entityCode=PS310&searchType=PracticingSpecialty&payors=HPY00006F7&distances=National&pageNum=6
  Found 20 h3 elements, 40 address elements
    Found 20 providers

  📄 Page 7:
    🌐 Loading: https://www.healthgrades.com/usearch?what=Reproductive+Endocrinology+%26+Infertility&entityCode=PS310&searchType=PracticingSpecialty&payors=HPY00006F7&distances=National&pageNum=7
  Found 20 h3 elements, 40 address elements
    Found 20 providers

  📄 Page 8:
    🌐 Loading: https://www.healthgrades.com/usearch?what=Reproductive+Endocrinology+%26+Infertility&entityCode=PS310&searchType=PracticingSpecialty&payors=HPY00006F7&distances=National&pageNum=8
  Found 20 h3 elements, 40 address elements
    Found 20 providers

  📄 Page 9:
    🌐 Loading: https://www.healthgrades.com/usearch?what=Reproductive+Endocrinology+%26+Infertility&entityCode=PS310&searchType=PracticingSpecialty&payors=HPY00006F7&distances=National&pageNum=9
  Found 20 h3 elements, 40 address elements
    Found 20 providers

  📄 Page 10:
    🌐 Loading: https://www.healthgrades.com/usearch?what=Reproductive+Endocrinology+%26+Infertility&entityCode=PS310&searchType=PracticingSpecialty&payors=HPY00006F7&distances=National&pageNum=10
  Found 20 h3 elements, 40 address elements
    Found 20 providers

  📄 Page 11:
    🌐 Loading: https://www.healthgrades.com/usearch?what=Reproductive+Endocrinology+%26+Infertility&entityCode=PS310&searchType=PracticingSpecialty&payors=HPY00006F7&distances=National&pageNum=11
  Found 20 h3 elements, 40 address elements
    Found 20 providers

  📄 Page 12:
    🌐 Loading: https://www.healthgrades.com/usearch?what=Reproductive+Endocrinology+%26+Infertility&entityCode=PS310&searchType=PracticingSpecialty&payors=HPY00006F7&distances=National&pageNum=12
  Found 20 h3 elements, 40 address elements
    Found 20 providers

  📄 Page 13:
    🌐 Loading: https://www.healthgrades.com/usearch?what=Reproductive+Endocrinology+%26+Infertility&entityCode=PS310&searchType=PracticingSpecialty&payors=HPY00006F7&distances=National&pageNum=13
  Found 20 h3 elements, 40 address elements
    Found 20 providers

  📄 Page 14:
    🌐 Loading: https://www.healthgrades.com/usearch?what=Reproductive+Endocrinology+%26+Infertility&entityCode=PS310&searchType=PracticingSpecialty&payors=HPY00006F7&distances=National&pageNum=14
  Found 20 h3 elements, 40 address elements
    Found 20 providers

  📄 Page 15:
    🌐 Loading: https://www.healthgrades.com/usearch?what=Reproductive+Endocrinology+%26+Infertility&entityCode=PS310&searchType=PracticingSpecialty&payors=HPY00006F7&distances=National&pageNum=15
  Found 20 h3 elements, 40 address elements
    Found 20 providers

  📄 Page 16:
    🌐 Loading: https://www.healthgrades.com/usearch?what=Reproductive+Endocrinology+%26+Infertility&entityCode=PS310&searchType=PracticingSpecialty&payors=HPY00006F7&distances=National&pageNum=16
  Found 20 h3 elements, 40 address elements
    Found 20 providers

  📄 Page 17:
    🌐 Loading: https://www.healthgrades.com/usearch?what=Reproductive+Endocrinology+%26+Infertility&entityCode=PS310&searchType=PracticingSpecialty&payors=HPY00006F7&distances=National&pageNum=17
  Found 20 h3 elements, 40 address elements
    Found 20 providers

  📄 Page 18:
    🌐 Loading: https://www.healthgrades.com/usearch?what=Reproductive+Endocrinology+%26+Infertility&entityCode=PS310&searchType=PracticingSpecialty&payors=HPY00006F7&distances=National&pageNum=18
  Found 20 h3 elements, 40 address elements
    Found 20 providers

  📄 Page 19:
    🌐 Loading: https://www.healthgrades.com/usearch?what=Reproductive+Endocrinology+%26+Infertility&entityCode=PS310&searchType=PracticingSpecialty&payors=HPY00006F7&distances=National&pageNum=19
  Found 20 h3 elements, 40 address elements
    Found 20 providers

  📄 Page 20:
    🌐 Loading: https://www.healthgrades.com/usearch?what=Reproductive+Endocrinology+%26+Infertility&entityCode=PS310&searchType=PracticingSpecialty&payors=HPY00006F7&distances=National&pageNum=20
  Found 20 h3 elements, 40 address elements
    Found 20 providers

  📄 Page 21:
    🌐 Loading: https://www.healthgrades.com/usearch?what=Reproductive+Endocrinology+%26+Infertility&entityCode=PS310&searchType=PracticingSpecialty&payors=HPY00006F7&distances=National&pageNum=21
  Found 20 h3 elements, 40 address elements
    Found 20 providers

  📄 Page 22:
    🌐 Loading: https://www.healthgrades.com/usearch?what=Reproductive+Endocrinology+%26+Infertility&entityCode=PS310&searchType=PracticingSpecialty&payors=HPY00006F7&distances=National&pageNum=22
  Found 20 h3 elements, 40 address elements
    Found 20 providers

  📄 Page 23:
    🌐 Loading: https://www.healthgrades.com/usearch?what=Reproductive+Endocrinology+%26+Infertility&entityCode=PS310&searchType=PracticingSpecialty&payors=HPY00006F7&distances=National&pageNum=23
  Found 20 h3 elements, 40 address elements
    Found 20 providers

  📄 Page 24:
    🌐 Loading: https://www.healthgrades.com/usearch?what=Reproductive+Endocrinology+%26+Infertility&entityCode=PS310&searchType=PracticingSpecialty&payors=HPY00006F7&distances=National&pageNum=24
  Found 20 h3 elements, 40 address elements
    Found 20 providers

  📄 Page 25:
    🌐 Loading: https://www.healthgrades.com/usearch?what=Reproductive+Endocrinology+%26+Infertility&entityCode=PS310&searchType=PracticingSpecialty&payors=HPY00006F7&distances=National&pageNum=25
  Found 20 h3 elements, 40 address elements
    Found 20 providers

  📄 Page 26:
    🌐 Loading: https://www.healthgrades.com/usearch?what=Reproductive+Endocrinology+%26+Infertility&entityCode=PS310&searchType=PracticingSpecialty&payors=HPY00006F7&distances=National&pageNum=26
  Found 20 h3 elements, 40 address elements
    Found 20 providers

  📄 Page 27:
    🌐 Loading: https://www.healthgrades.com/usearch?what=Reproductive+Endocrinology+%26+Infertility&entityCode=PS310&searchType=PracticingSpecialty&payors=HPY00006F7&distances=National&pageNum=27
  Found 20 h3 elements, 40 address elements
    Found 20 providers

  📄 Page 28:
    🌐 Loading: https://www.healthgrades.com/usearch?what=Reproductive+Endocrinology+%26+Infertility&entityCode=PS310&searchType=PracticingSpecialty&payors=HPY00006F7&distances=National&pageNum=28
  Found 20 h3 elements, 40 address elements
    Found 20 providers

  📄 Page 29:
    🌐 Loading: https://www.healthgrades.com/usearch?what=Reproductive+Endocrinology+%26+Infertility&entityCode=PS310&searchType=PracticingSpecialty&payors=HPY00006F7&distances=National&pageNum=29
  Found 20 h3 elements, 40 address elements
    Found 20 providers

  📄 Page 30:
    🌐 Loading: https://www.healthgrades.com/usearch?what=Reproductive+Endocrinology+%26+Infertility&entityCode=PS310&searchType=PracticingSpecialty&payors=HPY00006F7&distances=National&pageNum=30
  Found 20 h3 elements, 40 address elements
    Found 20 providers

  📄 Page 31:
    🌐 Loading: https://www.healthgrades.com/usearch?what=Reproductive+Endocrinology+%26+Infertility&entityCode=PS310&searchType=PracticingSpecialty&payors=HPY00006F7&distances=National&pageNum=31
  Found 20 h3 elements, 40 address elements
    Found 20 providers

  📄 Page 32:
    🌐 Loading: https://www.healthgrades.com/usearch?what=Reproductive+Endocrinology+%26+Infertility&entityCode=PS310&searchType=PracticingSpecialty&payors=HPY00006F7&distances=National&pageNum=32
  Found 20 h3 elements, 40 address elements
    Found 20 providers

  📄 Page 33:
    🌐 Loading: https://www.healthgrades.com/usearch?what=Reproductive+Endocrinology+%26+Infertility&entityCode=PS310&searchType=PracticingSpecialty&payors=HPY00006F7&distances=National&pageNum=33
  Found 20 h3 elements, 40 address elements
    Found 20 providers

  📄 Page 34:
    🌐 Loading: https://www.healthgrades.com/usearch?what=Reproductive+Endocrinology+%26+Infertility&entityCode=PS310&searchType=PracticingSpecialty&payors=HPY00006F7&distances=National&pageNum=34
  Found 20 h3 elements, 40 address elements
    Found 20 providers

  📄 Page 35:
    🌐 Loading: https://www.healthgrades.com/usearch?what=Reproductive+Endocrinology+%26+Infertility&entityCode=PS310&searchType=PracticingSpecialty&payors=HPY00006F7&distances=National&pageNum=35
  Found 20 h3 elements, 40 address elements
    Found 20 providers

  📄 Page 36:
    🌐 Loading: https://www.healthgrades.com/usearch?what=Reproductive+Endocrinology+%26+Infertility&entityCode=PS310&searchType=PracticingSpecialty&payors=HPY00006F7&distances=National&pageNum=36
  Found 20 h3 elements, 40 address elements
    Found 20 providers

  📄 Page 37:
    🌐 Loading: https://www.healthgrades.com/usearch?what=Reproductive+Endocrinology+%26+Infertility&entityCode=PS310&searchType=PracticingSpecialty&payors=HPY00006F7&distances=National&pageNum=37
  Found 20 h3 elements, 40 address elements
    Found 20 providers

  📄 Page 38:
    🌐 Loading: https://www.healthgrades.com/usearch?what=Reproductive+Endocrinology+%26+Infertility&entityCode=PS310&searchType=PracticingSpecialty&payors=HPY00006F7&distances=National&pageNum=38
  Found 20 h3 elements, 40 address elements
    Found 20 providers

  📄 Page 39:
    🌐 Loading: https://www.healthgrades.com/usearch?what=Reproductive+Endocrinology+%26+Infertility&entityCode=PS310&searchType=PracticingSpecialty&payors=HPY00006F7&distances=National&pageNum=39
  Found 20 h3 elements, 40 address elements
    Found 20 providers

  📄 Page 40:
    🌐 Loading: https://www.healthgrades.com/usearch?what=Reproductive+Endocrinology+%26+Infertility&entityCode=PS310&searchType=PracticingSpecialty&payors=HPY00006F7&distances=National&pageNum=40
  Found 20 h3 elements, 40 address elements
    Found 20 providers

  📄 Page 41:
    🌐 Loading: https://www.healthgrades.com/usearch?what=Reproductive+Endocrinology+%26+Infertility&entityCode=PS310&searchType=PracticingSpecialty&payors=HPY00006F7&distances=National&pageNum=41
  Found 20 h3 elements, 40 address elements
    Found 20 providers

  📄 Page 42:
    🌐 Loading: https://www.healthgrades.com/usearch?what=Reproductive+Endocrinology+%26+Infertility&entityCode=PS310&searchType=PracticingSpecialty&payors=HPY00006F7&distances=National&pageNum=42
  Found 20 h3 elements, 40 address elements
    Found 20 providers

  📄 Page 43:
    🌐 Loading: https://www.healthgrades.com/usearch?what=Reproductive+Endocrinology+%26+Infertility&entityCode=PS310&searchType=PracticingSpecialty&payors=HPY00006F7&distances=National&pageNum=43
  Found 20 h3 elements, 40 address elements
    Found 20 providers

  📄 Page 44:
    🌐 Loading: https://www.healthgrades.com/usearch?what=Reproductive+Endocrinology+%26+Infertility&entityCode=PS310&searchType=PracticingSpecialty&payors=HPY00006F7&distances=National&pageNum=44
  Found 20 h3 elements, 40 address elements
    Found 20 providers

  📄 Page 45:
    🌐 Loading: https://www.healthgrades.com/usearch?what=Reproductive+Endocrinology+%26+Infertility&entityCode=PS310&searchType=PracticingSpecialty&payors=HPY00006F7&distances=National&pageNum=45
  Found 20 h3 elements, 40 address elements
    Found 20 providers

  📄 Page 46:
    🌐 Loading: https://www.healthgrades.com/usearch?what=Reproductive+Endocrinology+%26+Infertility&entityCode=PS310&searchType=PracticingSpecialty&payors=HPY00006F7&distances=National&pageNum=46
  Found 20 h3 elements, 40 address elements
    Found 20 providers

  📄 Page 47:
    🌐 Loading: https://www.healthgrades.com/usearch?what=Reproductive+Endocrinology+%26+Infertility&entityCode=PS310&searchType=PracticingSpecialty&payors=HPY00006F7&distances=National&pageNum=47
  Found 20 h3 elements, 40 address elements
    Found 20 providers

  📄 Page 48:
    🌐 Loading: https://www.healthgrades.com/usearch?what=Reproductive+Endocrinology+%26+Infertility&entityCode=PS310&searchType=PracticingSpecialty&payors=HPY00006F7&distances=National&pageNum=48
  Found 20 h3 elements, 40 address elements
    Found 20 providers

  📄 Page 49:
    🌐 Loading: https://www.healthgrades.com/usearch?what=Reproductive+Endocrinology+%26+Infertility&entityCode=PS310&searchType=PracticingSpecialty&payors=HPY00006F7&distances=National&pageNum=49
  Found 20 h3 elements, 40 address elements
    Found 20 providers

  📄 Page 50:
    🌐 Loading: https://www.healthgrades.com/usearch?what=Reproductive+Endocrinology+%26+Infertility&entityCode=PS310&searchType=PracticingSpecialty&payors=HPY00006F7&distances=National&pageNum=50
  Found 20 h3 elements, 40 address elements
    Found 20 providers

  📄 Page 51:
    🌐 Loading: https://www.healthgrades.com/usearch?what=Reproductive+Endocrinology+%26+Infertility&entityCode=PS310&searchType=PracticingSpecialty&payors=HPY00006F7&distances=National&pageNum=51
  Found 20 h3 elements, 40 address elements
    Found 20 providers

  📄 Page 52:
    🌐 Loading: https://www.healthgrades.com/usearch?what=Reproductive+Endocrinology+%26+Infertility&entityCode=PS310&searchType=PracticingSpecialty&payors=HPY00006F7&distances=National&pageNum=52
  Found 20 h3 elements, 40 address elements
    Found 20 providers

  📄 Page 53:
    🌐 Loading: https://www.healthgrades.com/usearch?what=Reproductive+Endocrinology+%26+Infertility&entityCode=PS310&searchType=PracticingSpecialty&payors=HPY00006F7&distances=National&pageNum=53
  Found 20 h3 elements, 40 address elements
    Found 20 providers

  📄 Page 54:
    🌐 Loading: https://www.healthgrades.com/usearch?what=Reproductive+Endocrinology+%26+Infertility&entityCode=PS310&searchType=PracticingSpecialty&payors=HPY00006F7&distances=National&pageNum=54
  Found 20 h3 elements, 40 address elements
    Found 20 providers

  📄 Page 55:
    🌐 Loading: https://www.healthgrades.com/usearch?what=Reproductive+Endocrinology+%26+Infertility&entityCode=PS310&searchType=PracticingSpecialty&payors=HPY00006F7&distances=National&pageNum=55
  Found 20 h3 elements, 40 address elements
    Found 20 providers

  📄 Page 56:
    🌐 Loading: https://www.healthgrades.com/usearch?what=Reproductive+Endocrinology+%26+Infertility&entityCode=PS310&searchType=PracticingSpecialty&payors=HPY00006F7&distances=National&pageNum=56
  Found 20 h3 elements, 40 address elements
    Found 20 providers

  📄 Page 57:
    🌐 Loading: https://www.healthgrades.com/usearch?what=Reproductive+Endocrinology+%26+Infertility&entityCode=PS310&searchType=PracticingSpecialty&payors=HPY00006F7&distances=National&pageNum=57
  Found 20 h3 elements, 40 address elements
    Found 20 providers

  📄 Page 58:
    🌐 Loading: https://www.healthgrades.com/usearch?what=Reproductive+Endocrinology+%26+Infertility&entityCode=PS310&searchType=PracticingSpecialty&payors=HPY00006F7&distances=National&pageNum=58
  Found 20 h3 elements, 40 address elements
    Found 20 providers

  📄 Page 59:
    🌐 Loading: https://www.healthgrades.com/usearch?what=Reproductive+Endocrinology+%26+Infertility&entityCode=PS310&searchType=PracticingSpecialty&payors=HPY00006F7&distances=National&pageNum=59
  Found 20 h3 elements, 40 address elements
    Found 20 providers

  📄 Page 60:
    🌐 Loading: https://www.healthgrades.com/usearch?what=Reproductive+Endocrinology+%26+Infertility&entityCode=PS310&searchType=PracticingSpecialty&payors=HPY00006F7&distances=National&pageNum=60
  Found 20 h3 elements, 40 address elements
    Found 20 providers

  📄 Page 61:
    🌐 Loading: https://www.healthgrades.com/usearch?what=Reproductive+Endocrinology+%26+Infertility&entityCode=PS310&searchType=PracticingSpecialty&payors=HPY00006F7&distances=National&pageNum=61
  Found 20 h3 elements, 40 address elements
    Found 20 providers

  📄 Page 62:
    🌐 Loading: https://www.healthgrades.com/usearch?what=Reproductive+Endocrinology+%26+Infertility&entityCode=PS310&searchType=PracticingSpecialty&payors=HPY00006F7&distances=National&pageNum=62
  Found 20 h3 elements, 40 address elements
    Found 20 providers

  📄 Page 63:
    🌐 Loading: https://www.healthgrades.com/usearch?what=Reproductive+Endocrinology+%26+Infertility&entityCode=PS310&searchType=PracticingSpecialty&payors=HPY00006F7&distances=National&pageNum=63
  Found 20 h3 elements, 40 address elements
    Found 20 providers

  📄 Page 64:
    🌐 Loading: https://www.healthgrades.com/usearch?what=Reproductive+Endocrinology+%26+Infertility&entityCode=PS310&searchType=PracticingSpecialty&payors=HPY00006F7&distances=National&pageNum=64
  Found 20 h3 elements, 40 address elements
    Found 20 providers

  📄 Page 65:
    🌐 Loading: https://www.healthgrades.com/usearch?what=Reproductive+Endocrinology+%26+Infertility&entityCode=PS310&searchType=PracticingSpecialty&payors=HPY00006F7&distances=National&pageNum=65
  Found 20 h3 elements, 40 address elements
    Found 20 providers

  📄 Page 66:
    🌐 Loading: https://www.healthgrades.com/usearch?what=Reproductive+Endocrinology+%26+Infertility&entityCode=PS310&searchType=PracticingSpecialty&payors=HPY00006F7&distances=National&pageNum=66
  Found 20 h3 elements, 40 address elements
    Found 20 providers

  📄 Page 67:
    🌐 Loading: https://www.healthgrades.com/usearch?what=Reproductive+Endocrinology+%26+Infertility&entityCode=PS310&searchType=PracticingSpecialty&payors=HPY00006F7&distances=National&pageNum=67
  Found 20 h3 elements, 40 address elements
    Found 20 providers

  📄 Page 68:
    🌐 Loading: https://www.healthgrades.com/usearch?what=Reproductive+Endocrinology+%26+Infertility&entityCode=PS310&searchType=PracticingSpecialty&payors=HPY00006F7&distances=National&pageNum=68
  Found 20 h3 elements, 40 address elements
    Found 20 providers

  📄 Page 69:
    🌐 Loading: https://www.healthgrades.com/usearch?what=Reproductive+Endocrinology+%26+Infertility&entityCode=PS310&searchType=PracticingSpecialty&payors=HPY00006F7&distances=National&pageNum=69
  Found 20 h3 elements, 40 address elements
    Found 20 providers

  📄 Page 70:
    🌐 Loading: https://www.healthgrades.com/usearch?what=Reproductive+Endocrinology+%26+Infertility&entityCode=PS310&searchType=PracticingSpecialty&payors=HPY00006F7&distances=National&pageNum=70
  Found 20 h3 elements, 40 address elements
    Found 20 providers

  📄 Page 71:
    🌐 Loading: https://www.healthgrades.com/usearch?what=Reproductive+Endocrinology+%26+Infertility&entityCode=PS310&searchType=PracticingSpecialty&payors=HPY00006F7&distances=National&pageNum=71
  Found 20 h3 elements, 40 address elements
    Found 20 providers

  📄 Page 72:
    🌐 Loading: https://www.healthgrades.com/usearch?what=Reproductive+Endocrinology+%26+Infertility&entityCode=PS310&searchType=PracticingSpecialty&payors=HPY00006F7&distances=National&pageNum=72
  Found 20 h3 elements, 40 address elements
    Found 20 providers

  📄 Page 73:
    🌐 Loading: https://www.healthgrades.com/usearch?what=Reproductive+Endocrinology+%26+Infertility&entityCode=PS310&searchType=PracticingSpecialty&payors=HPY00006F7&distances=National&pageNum=73
  Found 20 h3 elements, 40 address elements
    Found 20 providers

  📄 Page 74:
    🌐 Loading: https://www.healthgrades.com/usearch?what=Reproductive+Endocrinology+%26+Infertility&entityCode=PS310&searchType=PracticingSpecialty&payors=HPY00006F7&distances=National&pageNum=74
  Found 20 h3 elements, 40 address elements
    Found 20 providers

  📄 Page 75:
    🌐 Loading: https://www.healthgrades.com/usearch?what=Reproductive+Endocrinology+%26+Infertility&entityCode=PS310&searchType=PracticingSpecialty&payors=HPY00006F7&distances=National&pageNum=75
  Found 20 h3 elements, 40 address elements
    Found 20 providers

  📄 Page 76:
    🌐 Loading: https://www.healthgrades.com/usearch?what=Reproductive+Endocrinology+%26+Infertility&entityCode=PS310&searchType=PracticingSpecialty&payors=HPY00006F7&distances=National&pageNum=76
  Found 20 h3 elements, 40 address elements
    Found 20 providers

  📄 Page 77:
    🌐 Loading: https://www.healthgrades.com/usearch?what=Reproductive+Endocrinology+%26+Infertility&entityCode=PS310&searchType=PracticingSpecialty&payors=HPY00006F7&distances=National&pageNum=77
  Found 20 h3 elements, 40 address elements
    Found 20 providers

  📄 Page 78:
    🌐 Loading: https://www.healthgrades.com/usearch?what=Reproductive+Endocrinology+%26+Infertility&entityCode=PS310&searchType=PracticingSpecialty&payors=HPY00006F7&distances=National&pageNum=78
  Found 19 h3 elements, 38 address elements
    Found 19 providers

  ✅ Total providers extracted: 1559

======================================================================
📊 SEARCH RESULTS
======================================================================
Source: healthgrades
Search time: 749509ms
Providers found: 1559
Total available: 1559

📝 First 5 providers:

1. Dr. Laura Londra, MD
   Specialties: Healthy Living Newsletter
   Location: Columbus, OH

2. Dr. Michael Glassner, MD
   Specialties: Healthy Living Newsletter
   Location: Columbus, OH

3. Dr. Clarissa Mashchak, MD
   Specialties: Healthy Living Newsletter
   Location: West Chester, PA

4. Dr. Christine Mansfield, MD
   Specialties: Healthy Living Newsletter
   Location: West Chester, PA

5. Dr. Mark Amols, MD
   Specialties: Healthy Living Newsletter
   Location: Williamsburg, KY

💾 Saved 1559 providers to database
   JSON: /home/ubuntu/.openclaw/workspace/projects/provider-directory/data/providers_20260515_105505.json
   CSV: /home/ubuntu/.openclaw/workspace/projects/provider-directory/data/providers_20260515_105506.csv
