🚀 Starting search with healthgrades...

🔍 Searching Healthgrades for REIs with Cigna...
   National search
  🌐 Loading: https://www.healthgrades.com/usearch?what=Reproductive%20Endocrinology%20%26%20Infertility&entityCode=PS310&searchType=PracticingSpecialty&payors=HPY00006F7&distances=National
  📊 Total results: 1559

  📄 Page 1:
  Found 20 h3 elements, 40 address elements
    Found 20 providers

  📄 Page 2:
    🌐 Loading: https://www.healthgrades.com/usearch?what=Reproductive%20Endocrinology%20%26%20Infertility&entityCode=PS310&searchType=PracticingSpecialty&payors=HPY00006F7&distances=National&page=2
  Found 20 h3 elements, 40 address elements
    Found 20 providers

  📄 Page 3:
    🌐 Loading: https://www.healthgrades.com/usearch?what=Reproductive%20Endocrinology%20%26%20Infertility&entityCode=PS310&searchType=PracticingSpecialty&payors=HPY00006F7&distances=National&page=3
  Found 20 h3 elements, 40 address elements
    Found 20 providers

  📄 Page 4:
    🌐 Loading: https://www.healthgrades.com/usearch?what=Reproductive%20Endocrinology%20%26%20Infertility&entityCode=PS310&searchType=PracticingSpecialty&payors=HPY00006F7&distances=National&page=4
  Found 20 h3 elements, 40 address elements
    Found 20 providers

  📄 Page 5:
    🌐 Loading: https://www.healthgrades.com/usearch?what=Reproductive%20Endocrinology%20%26%20Infertility&entityCode=PS310&searchType=PracticingSpecialty&payors=HPY00006F7&distances=National&page=5
  Found 20 h3 elements, 40 address elements
    Found 20 providers

  📄 Page 6:
    🌐 Loading: https://www.healthgrades.com/usearch?what=Reproductive%20Endocrinology%20%26%20Infertility&entityCode=PS310&searchType=PracticingSpecialty&payors=HPY00006F7&distances=National&page=6
  Found 20 h3 elements, 40 address elements
    Found 20 providers

  📄 Page 7:
    🌐 Loading: https://www.healthgrades.com/usearch?what=Reproductive%20Endocrinology%20%26%20Infertility&entityCode=PS310&searchType=PracticingSpecialty&payors=HPY00006F7&distances=National&page=7
  Found 20 h3 elements, 40 address elements
    Found 20 providers

  📄 Page 8:
    🌐 Loading: https://www.healthgrades.com/usearch?what=Reproductive%20Endocrinology%20%26%20Infertility&entityCode=PS310&searchType=PracticingSpecialty&payors=HPY00006F7&distances=National&page=8
  Found 20 h3 elements, 40 address elements
    Found 20 providers

  📄 Page 9:
    🌐 Loading: https://www.healthgrades.com/usearch?what=Reproductive%20Endocrinology%20%26%20Infertility&entityCode=PS310&searchType=PracticingSpecialty&payors=HPY00006F7&distances=National&page=9
  Found 20 h3 elements, 40 address elements
    Found 20 providers

  📄 Page 10:
    🌐 Loading: https://www.healthgrades.com/usearch?what=Reproductive%20Endocrinology%20%26%20Infertility&entityCode=PS310&searchType=PracticingSpecialty&payors=HPY00006F7&distances=National&page=10
  Found 20 h3 elements, 40 address elements
    Found 20 providers

  📄 Page 11:
    🌐 Loading: https://www.healthgrades.com/usearch?what=Reproductive%20Endocrinology%20%26%20Infertility&entityCode=PS310&searchType=PracticingSpecialty&payors=HPY00006F7&distances=National&page=11
  Found 20 h3 elements, 40 address elements
    Found 20 providers

  📄 Page 12:
    🌐 Loading: https://www.healthgrades.com/usearch?what=Reproductive%20Endocrinology%20%26%20Infertility&entityCode=PS310&searchType=PracticingSpecialty&payors=HPY00006F7&distances=National&page=12
  Found 20 h3 elements, 40 address elements
    Found 20 providers

  📄 Page 13:
    🌐 Loading: https://www.healthgrades.com/usearch?what=Reproductive%20Endocrinology%20%26%20Infertility&entityCode=PS310&searchType=PracticingSpecialty&payors=HPY00006F7&distances=National&page=13
  Found 20 h3 elements, 40 address elements
    Found 20 providers

  📄 Page 14:
    🌐 Loading: https://www.healthgrades.com/usearch?what=Reproductive%20Endocrinology%20%26%20Infertility&entityCode=PS310&searchType=PracticingSpecialty&payors=HPY00006F7&distances=National&page=14
  Found 20 h3 elements, 40 address elements
    Found 20 providers

  📄 Page 15:
    🌐 Loading: https://www.healthgrades.com/usearch?what=Reproductive%20Endocrinology%20%26%20Infertility&entityCode=PS310&searchType=PracticingSpecialty&payors=HPY00006F7&distances=National&page=15
  Found 20 h3 elements, 40 address elements
    Found 20 providers

  📄 Page 16:
    🌐 Loading: https://www.healthgrades.com/usearch?what=Reproductive%20Endocrinology%20%26%20Infertility&entityCode=PS310&searchType=PracticingSpecialty&payors=HPY00006F7&distances=National&page=16
  Found 20 h3 elements, 40 address elements
    Found 20 providers

  📄 Page 17:
    🌐 Loading: https://www.healthgrades.com/usearch?what=Reproductive%20Endocrinology%20%26%20Infertility&entityCode=PS310&searchType=PracticingSpecialty&payors=HPY00006F7&distances=National&page=17
  Found 20 h3 elements, 40 address elements
    Found 20 providers

  📄 Page 18:
    🌐 Loading: https://www.healthgrades.com/usearch?what=Reproductive%20Endocrinology%20%26%20Infertility&entityCode=PS310&searchType=PracticingSpecialty&payors=HPY00006F7&distances=National&page=18
  Found 20 h3 elements, 40 address elements
    Found 20 providers

  📄 Page 19:
    🌐 Loading: https://www.healthgrades.com/usearch?what=Reproductive%20Endocrinology%20%26%20Infertility&entityCode=PS310&searchType=PracticingSpecialty&payors=HPY00006F7&distances=National&page=19
  Found 20 h3 elements, 40 address elements
    Found 20 providers

  📄 Page 20:
    🌐 Loading: https://www.healthgrades.com/usearch?what=Reproductive%20Endocrinology%20%26%20Infertility&entityCode=PS310&searchType=PracticingSpecialty&payors=HPY00006F7&distances=National&page=20
  Found 20 h3 elements, 40 address elements
    Found 20 providers

  📄 Page 21:
    🌐 Loading: https://www.healthgrades.com/usearch?what=Reproductive%20Endocrinology%20%26%20Infertility&entityCode=PS310&searchType=PracticingSpecialty&payors=HPY00006F7&distances=National&page=21
  Found 20 h3 elements, 40 address elements
    Found 20 providers

  📄 Page 22:
    🌐 Loading: https://www.healthgrades.com/usearch?what=Reproductive%20Endocrinology%20%26%20Infertility&entityCode=PS310&searchType=PracticingSpecialty&payors=HPY00006F7&distances=National&page=22
  Found 20 h3 elements, 40 address elements
    Found 20 providers

  📄 Page 23:
    🌐 Loading: https://www.healthgrades.com/usearch?what=Reproductive%20Endocrinology%20%26%20Infertility&entityCode=PS310&searchType=PracticingSpecialty&payors=HPY00006F7&distances=National&page=23
  Found 20 h3 elements, 40 address elements
    Found 20 providers

  📄 Page 24:
    🌐 Loading: https://www.healthgrades.com/usearch?what=Reproductive%20Endocrinology%20%26%20Infertility&entityCode=PS310&searchType=PracticingSpecialty&payors=HPY00006F7&distances=National&page=24
  Found 20 h3 elements, 40 address elements
    Found 20 providers

  📄 Page 25:
    🌐 Loading: https://www.healthgrades.com/usearch?what=Reproductive%20Endocrinology%20%26%20Infertility&entityCode=PS310&searchType=PracticingSpecialty&payors=HPY00006F7&distances=National&page=25
  Found 20 h3 elements, 40 address elements
    Found 20 providers

  📄 Page 26:
    🌐 Loading: https://www.healthgrades.com/usearch?what=Reproductive%20Endocrinology%20%26%20Infertility&entityCode=PS310&searchType=PracticingSpecialty&payors=HPY00006F7&distances=National&page=26
  Found 20 h3 elements, 40 address elements
    Found 20 providers

  📄 Page 27:
    🌐 Loading: https://www.healthgrades.com/usearch?what=Reproductive%20Endocrinology%20%26%20Infertility&entityCode=PS310&searchType=PracticingSpecialty&payors=HPY00006F7&distances=National&page=27
  Found 20 h3 elements, 40 address elements
    Found 20 providers

  📄 Page 28:
    🌐 Loading: https://www.healthgrades.com/usearch?what=Reproductive%20Endocrinology%20%26%20Infertility&entityCode=PS310&searchType=PracticingSpecialty&payors=HPY00006F7&distances=National&page=28
  Found 20 h3 elements, 40 address elements
    Found 20 providers

  📄 Page 29:
    🌐 Loading: https://www.healthgrades.com/usearch?what=Reproductive%20Endocrinology%20%26%20Infertility&entityCode=PS310&searchType=PracticingSpecialty&payors=HPY00006F7&distances=National&page=29
  Found 20 h3 elements, 40 address elements
    Found 20 providers

  📄 Page 30:
    🌐 Loading: https://www.healthgrades.com/usearch?what=Reproductive%20Endocrinology%20%26%20Infertility&entityCode=PS310&searchType=PracticingSpecialty&payors=HPY00006F7&distances=National&page=30
  Found 20 h3 elements, 40 address elements
    Found 20 providers

  📄 Page 31:
    🌐 Loading: https://www.healthgrades.com/usearch?what=Reproductive%20Endocrinology%20%26%20Infertility&entityCode=PS310&searchType=PracticingSpecialty&payors=HPY00006F7&distances=National&page=31
  Found 20 h3 elements, 40 address elements
    Found 20 providers

  📄 Page 32:
    🌐 Loading: https://www.healthgrades.com/usearch?what=Reproductive%20Endocrinology%20%26%20Infertility&entityCode=PS310&searchType=PracticingSpecialty&payors=HPY00006F7&distances=National&page=32
  Found 20 h3 elements, 40 address elements
    Found 20 providers

  📄 Page 33:
    🌐 Loading: https://www.healthgrades.com/usearch?what=Reproductive%20Endocrinology%20%26%20Infertility&entityCode=PS310&searchType=PracticingSpecialty&payors=HPY00006F7&distances=National&page=33
  Found 20 h3 elements, 40 address elements
    Found 20 providers

  📄 Page 34:
    🌐 Loading: https://www.healthgrades.com/usearch?what=Reproductive%20Endocrinology%20%26%20Infertility&entityCode=PS310&searchType=PracticingSpecialty&payors=HPY00006F7&distances=National&page=34
  Found 20 h3 elements, 40 address elements
    Found 20 providers

  📄 Page 35:
    🌐 Loading: https://www.healthgrades.com/usearch?what=Reproductive%20Endocrinology%20%26%20Infertility&entityCode=PS310&searchType=PracticingSpecialty&payors=HPY00006F7&distances=National&page=35
  Found 20 h3 elements, 40 address elements
    Found 20 providers

  📄 Page 36:
    🌐 Loading: https://www.healthgrades.com/usearch?what=Reproductive%20Endocrinology%20%26%20Infertility&entityCode=PS310&searchType=PracticingSpecialty&payors=HPY00006F7&distances=National&page=36
  Found 20 h3 elements, 40 address elements
    Found 20 providers

  📄 Page 37:
    🌐 Loading: https://www.healthgrades.com/usearch?what=Reproductive%20Endocrinology%20%26%20Infertility&entityCode=PS310&searchType=PracticingSpecialty&payors=HPY00006F7&distances=National&page=37
  Found 20 h3 elements, 40 address elements
    Found 20 providers

  📄 Page 38:
    🌐 Loading: https://www.healthgrades.com/usearch?what=Reproductive%20Endocrinology%20%26%20Infertility&entityCode=PS310&searchType=PracticingSpecialty&payors=HPY00006F7&distances=National&page=38
  Found 20 h3 elements, 40 address elements
    Found 20 providers

  📄 Page 39:
    🌐 Loading: https://www.healthgrades.com/usearch?what=Reproductive%20Endocrinology%20%26%20Infertility&entityCode=PS310&searchType=PracticingSpecialty&payors=HPY00006F7&distances=National&page=39
  Found 20 h3 elements, 40 address elements
    Found 20 providers

  📄 Page 40:
    🌐 Loading: https://www.healthgrades.com/usearch?what=Reproductive%20Endocrinology%20%26%20Infertility&entityCode=PS310&searchType=PracticingSpecialty&payors=HPY00006F7&distances=National&page=40
  Found 20 h3 elements, 40 address elements
    Found 20 providers

  📄 Page 41:
    🌐 Loading: https://www.healthgrades.com/usearch?what=Reproductive%20Endocrinology%20%26%20Infertility&entityCode=PS310&searchType=PracticingSpecialty&payors=HPY00006F7&distances=National&page=41
  Found 20 h3 elements, 40 address elements
    Found 20 providers

  📄 Page 42:
    🌐 Loading: https://www.healthgrades.com/usearch?what=Reproductive%20Endocrinology%20%26%20Infertility&entityCode=PS310&searchType=PracticingSpecialty&payors=HPY00006F7&distances=National&page=42
  Found 20 h3 elements, 40 address elements
    Found 20 providers

  📄 Page 43:
    🌐 Loading: https://www.healthgrades.com/usearch?what=Reproductive%20Endocrinology%20%26%20Infertility&entityCode=PS310&searchType=PracticingSpecialty&payors=HPY00006F7&distances=National&page=43
  Found 20 h3 elements, 40 address elements
    Found 20 providers

  📄 Page 44:
    🌐 Loading: https://www.healthgrades.com/usearch?what=Reproductive%20Endocrinology%20%26%20Infertility&entityCode=PS310&searchType=PracticingSpecialty&payors=HPY00006F7&distances=National&page=44
  Found 20 h3 elements, 40 address elements
    Found 20 providers

  📄 Page 45:
    🌐 Loading: https://www.healthgrades.com/usearch?what=Reproductive%20Endocrinology%20%26%20Infertility&entityCode=PS310&searchType=PracticingSpecialty&payors=HPY00006F7&distances=National&page=45
  Found 20 h3 elements, 40 address elements
    Found 20 providers

  📄 Page 46:
    🌐 Loading: https://www.healthgrades.com/usearch?what=Reproductive%20Endocrinology%20%26%20Infertility&entityCode=PS310&searchType=PracticingSpecialty&payors=HPY00006F7&distances=National&page=46
  Found 20 h3 elements, 40 address elements
    Found 20 providers

  📄 Page 47:
    🌐 Loading: https://www.healthgrades.com/usearch?what=Reproductive%20Endocrinology%20%26%20Infertility&entityCode=PS310&searchType=PracticingSpecialty&payors=HPY00006F7&distances=National&page=47
  Found 20 h3 elements, 40 address elements
    Found 20 providers

  📄 Page 48:
    🌐 Loading: https://www.healthgrades.com/usearch?what=Reproductive%20Endocrinology%20%26%20Infertility&entityCode=PS310&searchType=PracticingSpecialty&payors=HPY00006F7&distances=National&page=48
  Found 20 h3 elements, 40 address elements
    Found 20 providers

  📄 Page 49:
    🌐 Loading: https://www.healthgrades.com/usearch?what=Reproductive%20Endocrinology%20%26%20Infertility&entityCode=PS310&searchType=PracticingSpecialty&payors=HPY00006F7&distances=National&page=49
  Found 20 h3 elements, 40 address elements
    Found 20 providers

  📄 Page 50:
    🌐 Loading: https://www.healthgrades.com/usearch?what=Reproductive%20Endocrinology%20%26%20Infertility&entityCode=PS310&searchType=PracticingSpecialty&payors=HPY00006F7&distances=National&page=50
  Found 20 h3 elements, 40 address elements
    Found 20 providers

  📄 Page 51:
    🌐 Loading: https://www.healthgrades.com/usearch?what=Reproductive%20Endocrinology%20%26%20Infertility&entityCode=PS310&searchType=PracticingSpecialty&payors=HPY00006F7&distances=National&page=51
  Found 20 h3 elements, 40 address elements
    Found 20 providers

  📄 Page 52:
    🌐 Loading: https://www.healthgrades.com/usearch?what=Reproductive%20Endocrinology%20%26%20Infertility&entityCode=PS310&searchType=PracticingSpecialty&payors=HPY00006F7&distances=National&page=52
  Found 20 h3 elements, 40 address elements
    Found 20 providers

  📄 Page 53:
    🌐 Loading: https://www.healthgrades.com/usearch?what=Reproductive%20Endocrinology%20%26%20Infertility&entityCode=PS310&searchType=PracticingSpecialty&payors=HPY00006F7&distances=National&page=53
  Found 20 h3 elements, 40 address elements
    Found 20 providers

  📄 Page 54:
    🌐 Loading: https://www.healthgrades.com/usearch?what=Reproductive%20Endocrinology%20%26%20Infertility&entityCode=PS310&searchType=PracticingSpecialty&payors=HPY00006F7&distances=National&page=54
  Found 20 h3 elements, 40 address elements
    Found 20 providers

  📄 Page 55:
    🌐 Loading: https://www.healthgrades.com/usearch?what=Reproductive%20Endocrinology%20%26%20Infertility&entityCode=PS310&searchType=PracticingSpecialty&payors=HPY00006F7&distances=National&page=55
  Found 20 h3 elements, 40 address elements
    Found 20 providers

  📄 Page 56:
    🌐 Loading: https://www.healthgrades.com/usearch?what=Reproductive%20Endocrinology%20%26%20Infertility&entityCode=PS310&searchType=PracticingSpecialty&payors=HPY00006F7&distances=National&page=56
  Found 20 h3 elements, 40 address elements
    Found 20 providers

  📄 Page 57:
    🌐 Loading: https://www.healthgrades.com/usearch?what=Reproductive%20Endocrinology%20%26%20Infertility&entityCode=PS310&searchType=PracticingSpecialty&payors=HPY00006F7&distances=National&page=57
  Found 20 h3 elements, 40 address elements
    Found 20 providers

  📄 Page 58:
    🌐 Loading: https://www.healthgrades.com/usearch?what=Reproductive%20Endocrinology%20%26%20Infertility&entityCode=PS310&searchType=PracticingSpecialty&payors=HPY00006F7&distances=National&page=58
  Found 20 h3 elements, 40 address elements
    Found 20 providers

  📄 Page 59:
    🌐 Loading: https://www.healthgrades.com/usearch?what=Reproductive%20Endocrinology%20%26%20Infertility&entityCode=PS310&searchType=PracticingSpecialty&payors=HPY00006F7&distances=National&page=59
  Found 20 h3 elements, 40 address elements
    Found 20 providers

  📄 Page 60:
    🌐 Loading: https://www.healthgrades.com/usearch?what=Reproductive%20Endocrinology%20%26%20Infertility&entityCode=PS310&searchType=PracticingSpecialty&payors=HPY00006F7&distances=National&page=60
  Found 20 h3 elements, 40 address elements
    Found 20 providers

  📄 Page 61:
    🌐 Loading: https://www.healthgrades.com/usearch?what=Reproductive%20Endocrinology%20%26%20Infertility&entityCode=PS310&searchType=PracticingSpecialty&payors=HPY00006F7&distances=National&page=61
  Found 20 h3 elements, 40 address elements
    Found 20 providers

  📄 Page 62:
    🌐 Loading: https://www.healthgrades.com/usearch?what=Reproductive%20Endocrinology%20%26%20Infertility&entityCode=PS310&searchType=PracticingSpecialty&payors=HPY00006F7&distances=National&page=62
  Found 20 h3 elements, 40 address elements
    Found 20 providers

  📄 Page 63:
    🌐 Loading: https://www.healthgrades.com/usearch?what=Reproductive%20Endocrinology%20%26%20Infertility&entityCode=PS310&searchType=PracticingSpecialty&payors=HPY00006F7&distances=National&page=63
  Found 20 h3 elements, 40 address elements
    Found 20 providers

  📄 Page 64:
    🌐 Loading: https://www.healthgrades.com/usearch?what=Reproductive%20Endocrinology%20%26%20Infertility&entityCode=PS310&searchType=PracticingSpecialty&payors=HPY00006F7&distances=National&page=64
  Found 20 h3 elements, 40 address elements
    Found 20 providers

  📄 Page 65:
    🌐 Loading: https://www.healthgrades.com/usearch?what=Reproductive%20Endocrinology%20%26%20Infertility&entityCode=PS310&searchType=PracticingSpecialty&payors=HPY00006F7&distances=National&page=65
  Found 20 h3 elements, 40 address elements
    Found 20 providers

  📄 Page 66:
    🌐 Loading: https://www.healthgrades.com/usearch?what=Reproductive%20Endocrinology%20%26%20Infertility&entityCode=PS310&searchType=PracticingSpecialty&payors=HPY00006F7&distances=National&page=66
  Found 20 h3 elements, 40 address elements
    Found 20 providers

  📄 Page 67:
    🌐 Loading: https://www.healthgrades.com/usearch?what=Reproductive%20Endocrinology%20%26%20Infertility&entityCode=PS310&searchType=PracticingSpecialty&payors=HPY00006F7&distances=National&page=67
  Found 20 h3 elements, 40 address elements
    Found 20 providers

  📄 Page 68:
    🌐 Loading: https://www.healthgrades.com/usearch?what=Reproductive%20Endocrinology%20%26%20Infertility&entityCode=PS310&searchType=PracticingSpecialty&payors=HPY00006F7&distances=National&page=68
  Found 20 h3 elements, 40 address elements
    Found 20 providers

  📄 Page 69:
    🌐 Loading: https://www.healthgrades.com/usearch?what=Reproductive%20Endocrinology%20%26%20Infertility&entityCode=PS310&searchType=PracticingSpecialty&payors=HPY00006F7&distances=National&page=69
  Found 20 h3 elements, 40 address elements
    Found 20 providers

  📄 Page 70:
    🌐 Loading: https://www.healthgrades.com/usearch?what=Reproductive%20Endocrinology%20%26%20Infertility&entityCode=PS310&searchType=PracticingSpecialty&payors=HPY00006F7&distances=National&page=70
  Found 20 h3 elements, 40 address elements
    Found 20 providers

  📄 Page 71:
    🌐 Loading: https://www.healthgrades.com/usearch?what=Reproductive%20Endocrinology%20%26%20Infertility&entityCode=PS310&searchType=PracticingSpecialty&payors=HPY00006F7&distances=National&page=71
  Found 20 h3 elements, 40 address elements
    Found 20 providers

  📄 Page 72:
    🌐 Loading: https://www.healthgrades.com/usearch?what=Reproductive%20Endocrinology%20%26%20Infertility&entityCode=PS310&searchType=PracticingSpecialty&payors=HPY00006F7&distances=National&page=72
  Found 20 h3 elements, 40 address elements
    Found 20 providers

  📄 Page 73:
    🌐 Loading: https://www.healthgrades.com/usearch?what=Reproductive%20Endocrinology%20%26%20Infertility&entityCode=PS310&searchType=PracticingSpecialty&payors=HPY00006F7&distances=National&page=73
  Found 20 h3 elements, 40 address elements
    Found 20 providers

  📄 Page 74:
    🌐 Loading: https://www.healthgrades.com/usearch?what=Reproductive%20Endocrinology%20%26%20Infertility&entityCode=PS310&searchType=PracticingSpecialty&payors=HPY00006F7&distances=National&page=74
  Found 20 h3 elements, 40 address elements
    Found 20 providers

  📄 Page 75:
    🌐 Loading: https://www.healthgrades.com/usearch?what=Reproductive%20Endocrinology%20%26%20Infertility&entityCode=PS310&searchType=PracticingSpecialty&payors=HPY00006F7&distances=National&page=75
  Found 20 h3 elements, 40 address elements
    Found 20 providers

  📄 Page 76:
    🌐 Loading: https://www.healthgrades.com/usearch?what=Reproductive%20Endocrinology%20%26%20Infertility&entityCode=PS310&searchType=PracticingSpecialty&payors=HPY00006F7&distances=National&page=76
  Found 20 h3 elements, 40 address elements
    Found 20 providers

  📄 Page 77:
    🌐 Loading: https://www.healthgrades.com/usearch?what=Reproductive%20Endocrinology%20%26%20Infertility&entityCode=PS310&searchType=PracticingSpecialty&payors=HPY00006F7&distances=National&page=77
  Found 20 h3 elements, 40 address elements
    Found 20 providers

  📄 Page 78:
    🌐 Loading: https://www.healthgrades.com/usearch?what=Reproductive%20Endocrinology%20%26%20Infertility&entityCode=PS310&searchType=PracticingSpecialty&payors=HPY00006F7&distances=National&page=78
  Found 20 h3 elements, 40 address elements
    Found 20 providers

  ✅ Total providers extracted: 1560

======================================================================
📊 SEARCH RESULTS
======================================================================
Source: healthgrades
Search time: 744846ms
Providers found: 1560
Total available: 1560

📝 First 5 providers:

1. Dr. Laura Londra, MD
   Specialties: Healthy Living Newsletter
   Location: Columbus, OH

2. Dr. Michael Glassner, MD
   Specialties: Healthy Living Newsletter
   Location: Columbus, OH

3. Dr. Clarissa Mashchak, MD
   Specialties: Healthy Living Newsletter
   Location: West Chester, PA

4. Dr. Christine Mansfield, MD
   Specialties: Healthy Living Newsletter
   Location: West Chester, PA

5. Dr. Mark Amols, MD
   Specialties: Healthy Living Newsletter
   Location: Williamsburg, KY

💾 Saved 1560 providers to database
   JSON: /home/ubuntu/.openclaw/workspace/projects/provider-directory/data/providers_20260515_072301.json
   CSV: /home/ubuntu/.openclaw/workspace/projects/provider-directory/data/providers_20260515_072302.csv
